Component: ARM Compiler 5.06 update 6 (build 750) Tool: armlink [4d35ed]

==============================================================================

Section Cross References

    clock.o(i.Clock_Time) refers to clock.o(.data) for .data
    clock.o(i.Clock_Wait) refers to clock.o(.data) for .data
    clock.o(i.SysCount_Handler) refers to clock.o(.data) for .data
    context_switch.o(. text) refers to system_bluenrg1.o(.savedMSP) for savedMSP
    context_switch.o(. text) refers to system_bluenrg1.o(.data) for savedICSR
    context_switch.o(. text) refers to system_bluenrg1.o(.data) for savedSHCSR
    context_switch.o(. text) refers to system_bluenrg1.o(.data) for savedNVIC_ISPR
    miscutil.o(i.BLEPLAT_get_part_info) refers to miscutil.o(i.HAL_GetPartInfo) for HAL_GetPartInfo
    miscutil.o(i.HAL_CrashHandler) refers to uwrite4.o(.text) for __aeabi_uwrite4
    miscutil.o(i.HAL_CrashHandler) refers to miscutil.o(.__crash_RAM) for .__crash_RAM
    miscutil.o(i.HAL_GetCrashInfo) refers to memmove.o(.text) for __aeabi_memcpy
    miscutil.o(i.HAL_GetCrashInfo) refers to uwrite4.o(.text) for __aeabi_uwrite4
    miscutil.o(i.HAL_GetCrashInfo) refers to miscutil.o(.__crash_RAM) for .__crash_RAM
    osal.o(i.Osal_MemCmp) refers to memcmp.o(.text) for memcmp
    osal.o(i.Osal_MemCpy) refers to memmove.o(.text) for memcpy
    osal.o(i.Osal_MemSet) refers to memseta.o(.text) for memset
    sleep.o(i.BlueNRG_InternalSleep) refers to miscutil.o(i.HAL_GetPartInfo) for HAL_GetPartInfo
    sleep.o(i.BlueNRG_InternalSleep) refers to system_bluenrg1.o(i.SET_BORconfigStatus) for SET_BORconfigStatus
    sleep.o(i.BlueNRG_InternalSleep) refers to misc.o(i.SystemSleepCmd) for SystemSleepCmd
    sleep.o(i.BlueNRG_InternalSleep) refers to context_switch.o(. text) for CS_contextSave
    sleep.o(i.BlueNRG_InternalSleep) refers to system_bluenrg1.o(.intvec) for __vector_table
    sleep.o(i.BlueNRG_InternalSleep) refers to sleep.o(.data) for .data
    sleep.o(i.BlueNRG_InternalSleep) refers to sleep.o(.bss) for .bss
    sleep.o(i.BlueNRG_InternalSleep) refers to system_bluenrg1.o(.flash_sw_lock) for flash_sw_lock
    sleep.o(i.BlueNRG_InternalSleep) refers to system_bluenrg1.o(.rfTimeout) for rfTimeout
    sleep.o(i.BlueNRG_InternalSleep) refers to system_bluenrg1.o(.wakeupFromSleepFlag) for wakeupFromSleepFlag
    sleep.o(i.BlueNRG_InternalSleep) refers to system_bluenrg1.o(i.DeviceConfiguration) for DeviceConfiguration
    sleep.o(i.BlueNRG_InternalSleep) refers to bluenrg1_sysctrl.o(i.SysCtrl_GetWakeupResetReason) for SysCtrl_GetWakeupResetReason
    sleep.o(i.BlueNRG_InternalSleep) refers to system_bluenrg1.o(.data) for savedNVIC_ISPR
    sleep.o(i.BlueNRG_InternalSleep) refers to system_bluenrg1.o(.data) for savedSHCSR
    sleep.o(i.BlueNRG_InternalSleep) refers to system_bluenrg1.o(.data) for savedICSR
    sleep.o(i.BlueNRG_InternalSleep) refers to system_bluenrg1.o(.bss.__blue_RAM) for __blue_RAM
    sleep.o(i.BlueNRG_Sleep) refers to bluenrg_main_func_speed.o(i.BlueNRG_Stack_Perform_Deep_Sleep_Check) for BlueNRG_Stack_Perform_Deep_Sleep_Check
    sleep.o(i.BlueNRG_Sleep) refers to sensordemo_main.o(i.App_SleepMode_Check) for App_SleepMode_Check
    sleep.o(i.BlueNRG_Sleep) refers to sleep.o(i.BlueNRG_InternalSleep) for BlueNRG_InternalSleep
    sleep.o(i.BlueNRG_Sleep) refers to system_bluenrg1.o(.wakeupFromSleepFlag) for wakeupFromSleepFlag
    sleep.o(i.BlueNRG_Sleep) refers to sleep.o(.bss) for .bss
    bluenrg1_adc.o(i.ADC_ConvertBatterySensor) refers to bluenrg1_adc.o(i.ADC_ConvertSingleEndedVoltage) for ADC_ConvertSingleEndedVoltage
    bluenrg1_adc.o(i.ADC_ConvertBatterySensor) refers to fmul.o(.text) for __aeabi_fmul
    bluenrg1_adc.o(i.ADC_ConvertDifferentialVoltage) refers to ffltui.o(.text) for __aeabi_ui2f
    bluenrg1_adc.o(i.ADC_ConvertDifferentialVoltage) refers to fflti.o(.text) for __aeabi_i2f
    bluenrg1_adc.o(i.ADC_ConvertDifferentialVoltage) refers to fdiv.o(.text) for __aeabi_fdiv
    bluenrg1_adc.o(i.ADC_ConvertDifferentialVoltage) refers to fadd.o(.text) for __aeabi_fadd
    bluenrg1_adc.o(i.ADC_ConvertDifferentialVoltage) refers to fmul.o(.text) for __aeabi_fmul
    bluenrg1_adc.o(i.ADC_ConvertSingleEndedVoltage) refers to fflti.o(.text) for __aeabi_i2f
    bluenrg1_adc.o(i.ADC_ConvertSingleEndedVoltage) refers to ffltui.o(.text) for __aeabi_ui2f
    bluenrg1_adc.o(i.ADC_ConvertSingleEndedVoltage) refers to fadd.o(.text) for __aeabi_fadd
    bluenrg1_adc.o(i.ADC_ConvertSingleEndedVoltage) refers to f2d.o(.text) for __aeabi_f2d
    bluenrg1_adc.o(i.ADC_ConvertSingleEndedVoltage) refers to fdiv.o(.text) for __aeabi_fdiv
    bluenrg1_adc.o(i.ADC_ConvertSingleEndedVoltage) refers to fmul.o(.text) for __aeabi_fmul
    bluenrg1_adc.o(i.ADC_ConvertSingleEndedVoltage) refers to dadd.o(.text) for __aeabi_drsub
    bluenrg1_adc.o(i.ADC_ConvertSingleEndedVoltage) refers to dmul.o(.text) for __aeabi_dmul
    bluenrg1_adc.o(i.ADC_ConvertSingleEndedVoltage) refers to d2f.o(.text) for __aeabi_d2f
[...]
    0x10055ae0   0x10055ae0   0x0000000e   Code   RO         3629    i.L2C_Get_PDU_Len   libbluenrg1_stack.a(l2cap.o)
    0x10055aee   0x10055aee   0x00000002   PAD
    0x10055af0   0x10055af0   0x00000058   Code   RO         3630    i.L2C_Init          libbluenrg1_stack.a(l2cap.o)
    0x10055b48   0x10055b48   0x00000058   Code   RO         3631    i.L2C_Mux_Acl_Packet  libbluenrg1_stack.a(l2cap.o)
    0x10055ba0   0x10055ba0   0x000000a6   Code   RO         3632    i.L2C_Rcv_Data      libbluenrg1_stack.a(l2cap.o)
    0x10055c46   0x10055c46   0x0000001e   Code   RO         3633    i.L2C_Rcv_Event_Handler  libbluenrg1_stack.a(l2cap.o)
    0x10055c64   0x10055c64   0x00000052   Code   RO         3634    i.L2C_Rcv_Event_Handler_ISR  libbluenrg1_stack.a(l2cap.o)
    0x10055cb6   0x10055cb6   0x00000002   PAD
    0x10055cb8   0x10055cb8   0x0000007c   Code   RO         3635    i.L2C_Reset_To_Closed_State  libbluenrg1_stack.a(l2cap.o)
    0x10055d34   0x10055d34   0x0000004c   Code   RO         3636    i.L2C_Send_Data     libbluenrg1_stack.a(l2cap.o)
    0x10055d80   0x10055d80   0x00000060   Code   RO         3637    i.L2C_SigChan_Req_TimeOut_Handler  libbluenrg1_stack.a(l2cap.o)
    0x10055de0   0x10055de0   0x000001b4   Code   RO         3638    i.L2C_Signal_Channel_Handler  libbluenrg1_stack.a(l2cap.o)
    0x10055f94   0x10055f94   0x00000024   Code   RO         3639    i.L2C_Signal_Channel_Handler_ISR  libbluenrg1_stack.a(l2cap.o)
    0x10055fb8   0x10055fb8   0x0000005c   Code   RO         3640    i.L2C_discard_corrupted_acl_packet  libbluenrg1_stack.a(l2cap.o)
    0x10056014   0x10056014   0x00000042   Code   RO         3872    i.LL_Allow_Address_Setting  libbluenrg1_stack.a(rom_ll_ll_routines.o)
    0x10056056   0x10056056   0x00000002   PAD
    0x10056058   0x10056058   0x000001f0   Code   RO         3873    i.LL_Check_And_Set_Addresses  libbluenrg1_stack.a(rom_ll_ll_routines.o)
    0x10056248   0x10056248   0x00000004   Code   RO         3686    i.LL_Data_Length_Change_Event_ucfg  libbluenrg1_stack.a(ll_routines.o)
    0x1005624c   0x1005624c   0x0000025c   Code   RO         3874    i.LL_Enable_Disable_Adv  libbluenrg1_stack.a(rom_ll_ll_routines.o)
    0x100564a8   0x100564a8   0x000000a0   Code   RO         3726    i.LL_Encrypt_Plain_Data_ucfg  libbluenrg1_stack.a(ll_routines_support.o)
    0x10056548   0x10056548   0x00000030   Code   RO         3875    i.LL_Get_Address    libbluenrg1_stack.a(rom_ll_ll_routines.o)
    0x10056578   0x10056578   0x00000040   Code   RO         3876    i.LL_Get_AdvAddress  libbluenrg1_stack.a(rom_ll_ll_routines.o)
    0x100565b8   0x100565b8   0x00000018   Code   RO         3912    i.LL_Get_Adv_Tx_Power_Level  libbluenrg1_stack.a(rom_ll_routines_support.o)
    0x100565d0   0x100565d0   0x00000040   Code   RO         3879    i.LL_Get_ScanAddress  libbluenrg1_stack.a(rom_ll_ll_routines.o)
    0x10056610   0x10056610   0x00000184   Code   RO         3881    i.LL_Init           libbluenrg1_stack.a(rom_ll_ll_routines.o)
    0x10056794   0x10056794   0x00000028   Code   RO         3647    i.LL_LE_Clear_White_List  libbluenrg1_stack.a(ll_privacy.o)
    0x100567bc   0x100567bc   0x00000050   Code   RO         3883    i.LL_Send_ACL_Data  libbluenrg1_stack.a(rom_ll_ll_routines.o)
    0x1005680c   0x1005680c   0x000000a4   Code   RO         3693    i.LL_Send_Disconnection_Req  libbluenrg1_stack.a(ll_routines.o)
    0x100568b0   0x100568b0   0x00000004   Code   RO         3696    i.LL_Send_Length_Resp_ucfg  libbluenrg1_stack.a(ll_routines.o)
    0x100568b4   0x100568b4   0x00000078   Code   RO         3885    i.LL_Set_Adv_Data   libbluenrg1_stack.a(rom_ll_ll_routines.o)
    0x1005692c   0x1005692c   0x000000d0   Code   RO         3886    i.LL_Set_Adv_PDU_Format  libbluenrg1_stack.a(rom_ll_ll_routines.o)
    0x100569fc   0x100569fc   0x0000014c   Code   RO         3887    i.LL_Set_Adv_Params  libbluenrg1_stack.a(rom_ll_ll_routines.o)
    0x10056b48   0x10056b48   0x00000088   Code   RO         3888    i.LL_Set_Advertising_Buffers  libbluenrg1_stack.a(rom_ll_ll_routines.o)
    0x10056bd0   0x10056bd0   0x00000038   Code   RO         3889    i.LL_Set_DirectAddress  libbluenrg1_stack.a(rom_ll_ll_routines.o)
    0x10056c08   0x10056c08   0x0000009c   Code   RO         3727    i.LL_Set_LTK        libbluenrg1_stack.a(ll_routines_support.o)
    0x10056ca4   0x10056ca4   0x00000024   Code   RO         3890    i.LL_Set_OwnAddress  libbluenrg1_stack.a(rom_ll_ll_routines.o)
    0x10056cc8   0x10056cc8   0x0000005c   Code   RO         3891    i.LL_Set_Scan_Resp_Data  libbluenrg1_stack.a(rom_ll_ll_routines.o)
    0x10056d24   0x10056d24   0x00000058   Code   RO         4128    i.LL_Sleep_Req      libbluenrg1_stack.a(bluenrg_main_func_speed.o)
    0x10056d7c   0x10056d7c   0x0000004c   Code   RO         3892    i.LL_Update_Advertising_Buffers  libbluenrg1_stack.a(rom_ll_ll_routines.o)
    0x10056dc8   0x10056dc8   0x00000048   Code   RO         3893    i.LL_Update_Scanning_Initiating_Buffers  libbluenrg1_stack.a(rom_ll_ll_routines.o)
    0x10056e10   0x10056e10   0x00000094   Code   RO         3617    i.LL_receive_data   libbluenrg1_stack.a(isr_routines.o)
    0x10056ea4   0x10056ea4   0x00000098   Code   RO         3857    i.LL_update_proc    libbluenrg1_stack.a(rom_ll_isr_routines.o)
    0x10056f3c   0x10056f3c   0x00000054   Code   RO         1867    i.LPS25HB_GetPressure  lps25hb.o
    0x10056f90   0x10056f90   0x0000004c   Code   RO         1868    i.LPS25HB_GetTemperature  lps25hb.o
    0x10056fdc   0x10056fdc   0x000000cc   Code   RO         1869    i.LPS25HB_Init      lps25hb.o
    0x100570a8   0x100570a8   0x00000038   Code   RO         1870    i.LPS25HB_PowerOff  lps25hb.o
    0x100570e0   0x100570e0   0x0000001c   Code   RO         1871    i.LPS25HB_ReadID    lps25hb.o
    0x100570fc   0x100570fc   0x00000038   Code   RO         1872    i.LPS25HB_RebootCmd  lps25hb.o
    0x10057134   0x10057134   0x00000014   Code   RO         1873    i.LPS25HB_SlaveAddrRemap  lps25hb.o
    0x10057148   0x10057148   0x00000064   Code   RO         1926    i.LSM6DS3_Common_Sensor_Enable  lsm6ds3.o
    0x100571ac   0x100571ac   0x00000054   Code   RO         1927    i.LSM6DS3_Disable_Free_Fall_Detection  lsm6ds3.o
    0x10057200   0x10057200   0x000000bc   Code   RO         1928    i.LSM6DS3_Enable_Free_Fall_Detection  lsm6ds3.o
    0x100572bc   0x100572bc   0x00000068   Code   RO         1929    i.LSM6DS3_G_GetAxes  lsm6ds3.o
    0x10057324   0x10057324   0x0000005e   Code   RO         1930    i.LSM6DS3_G_GetAxesRaw  lsm6ds3.o
    0x10057382   0x10057382   0x00000002   PAD
    0x10057384   0x10057384   0x00000084   Code   RO         1931    i.LSM6DS3_G_GetSensitivity  lsm6ds3.o
    0x10057408   0x10057408   0x00000084   Code   RO         1932    i.LSM6DS3_G_Get_FS  lsm6ds3.o
    0x1005748c   0x1005748c   0x00000088   Code   RO         1933    i.LSM6DS3_G_Get_ODR  lsm6ds3.o
    0x10057514   0x10057514   0x00000062   Code   RO         1934    i.LSM6DS3_G_Set_Axes_Status  lsm6ds3.o
    0x10057576   0x10057576   0x00000002   PAD
    0x10057578   0x10057578   0x000000b0   Code   RO         1935    i.LSM6DS3_G_Set_FS  lsm6ds3.o
    0x10057628   0x10057628   0x000000a4   Code   RO         1936    i.LSM6DS3_G_Set_ODR  lsm6ds3.o
    0x100576cc   0x100576cc   0x00000036   Code   RO         1937    i.LSM6DS3_Get_Status_Free_Fall_Detection  lsm6ds3.o
    0x10057702   0x10057702   0x00000002   PAD
    0x10057704   0x10057704   0x00000180   Code   RO         1938    i.LSM6DS3_Init      lsm6ds3.o
    0x10057884   0x10057884   0x00000014   Code   RO         1939    i.LSM6DS3_Read_XG_ID  lsm6ds3.o
    0x10057898   0x10057898   0x00000068   Code   RO         1940    i.LSM6DS3_X_GetAxes  lsm6ds3.o
    0x10057900   0x10057900   0x0000005e   Code   RO         1941    i.LSM6DS3_X_GetAxesRaw  lsm6ds3.o
    0x1005795e   0x1005795e   0x00000002   PAD
    0x10057960   0x10057960   0x0000005c   Code   RO         1942    i.LSM6DS3_X_GetSensitivity  lsm6ds3.o
    0x100579bc   0x100579bc   0x00000054   Code   RO         1943    i.LSM6DS3_X_Get_FS  lsm6ds3.o
    0x10057a10   0x10057a10   0x00000098   Code   RO         1944    i.LSM6DS3_X_Get_ODR  lsm6ds3.o
    0x10057aa8   0x10057aa8   0x00000062   Code   RO         1945    i.LSM6DS3_X_Set_Axes_Status  lsm6ds3.o
    0x10057b0a   0x10057b0a   0x0000005c   Code   RO         1946    i.LSM6DS3_X_Set_FS  lsm6ds3.o
    0x10057b66   0x10057b66   0x00000002   PAD
    0x10057b68   0x10057b68   0x000000c0   Code   RO         1947    i.LSM6DS3_X_Set_ODR  lsm6ds3.o
    0x10057c28   0x10057c28   0x00000014   Code   RO         3843    i.List_Circular_Get_Size  libbluenrg1_stack.a(rom_list.o)
    0x10057c3c   0x10057c3c   0x0000000e   Code   RO         3846    i.List_Circular_Insert_Tail  libbluenrg1_stack.a(rom_list.o)
    0x10057c4a   0x10057c4a   0x00000016   Code   RO         3847    i.List_Circular_Node_Present  libbluenrg1_stack.a(rom_list.o)
    0x10057c60   0x10057c60   0x0000001a   Code   RO         3848    i.List_Circular_Remove_Head  libbluenrg1_stack.a(rom_list.o)
    0x10057c7a   0x10057c7a   0x00000020   Code   RO         3849    i.List_Circular_Remove_Node  libbluenrg1_stack.a(rom_list.o)
    0x10057c9a   0x10057c9a   0x00000002   Code   RO         2524    i.MFT1A_Handler     system_bluenrg1.o
    0x10057c9c   0x10057c9c   0x00000002   Code   RO         2525    i.MFT1B_Handler     system_bluenrg1.o
    0x10057c9e   0x10057c9e   0x00000002   Code   RO         2526    i.MFT2A_Handler     system_bluenrg1.o
    0x10057ca0   0x10057ca0   0x00000002   Code   RO         2527    i.MFT2B_Handler     system_bluenrg1.o
    0x10057ca2   0x10057ca2   0x00000012   Code   RO         3739    i.Mem_Buff_Append   libbluenrg1_stack.a(mem_buff.o)
    0x10057cb4   0x10057cb4   0x00000048   Code   RO         3740    i.Mem_Buff_Block_Copy  libbluenrg1_stack.a(mem_buff.o)
    0x10057cfc   0x10057cfc   0x00000056   Code   RO         3741    i.Mem_Buff_Block_Write  libbluenrg1_stack.a(mem_buff.o)
    0x10057d52   0x10057d52   0x00000032   Code   RO         3742    i.Mem_Buff_Clone    libbluenrg1_stack.a(mem_buff.o)
    0x10057d84   0x10057d84   0x00000078   Code   RO         3743    i.Mem_Buff_Cmp      libbluenrg1_stack.a(mem_buff.o)
    0x10057dfc   0x10057dfc   0x000000ba   Code   RO         3744    i.Mem_Buff_Compact  libbluenrg1_stack.a(mem_buff.o)
    0x10057eb6   0x10057eb6   0x0000002e   Code   RO         3745    i.Mem_Buff_Get      libbluenrg1_stack.a(mem_buff.o)
    0x10057ee4   0x10057ee4   0x00000014   Code   RO         3746    i.Mem_Buff_Get_Chain_Count  libbluenrg1_stack.a(mem_buff.o)
    0x10057ef8   0x10057ef8   0x00000014   Code   RO         3747    i.Mem_Buff_Get_Chain_Size  libbluenrg1_stack.a(mem_buff.o)
    0x10057f0c   0x10057f0c   0x0000006a   Code   RO         3748    i.Mem_Buff_Init     libbluenrg1_stack.a(mem_buff.o)
    0x10057f76   0x10057f76   0x00000062   Code   RO         3749    i.Mem_Buff_Read     libbluenrg1_stack.a(mem_buff.o)
    0x10057fd8   0x10057fd8   0x00000036   Code   RO         3750    i.Mem_Buff_Release  libbluenrg1_stack.a(mem_buff.o)
    0x1005800e   0x1005800e   0x0000008e   Code   RO         3751    i.Mem_Buff_Resize   libbluenrg1_stack.a(mem_buff.o)
    0x1005809c   0x1005809c   0x00000068   Code   RO         3752    i.Mem_Buff_Write    libbluenrg1_stack.a(mem_buff.o)
    0x10058104   0x10058104   0x00000016   Code   RO         3733    i.Mem_assign        libbluenrg1_stack.a(mem_alloc.o)
    0x1005811a   0x1005811a   0x00000002   Code   RO         2744    i.NMI_Handler       bluenrg1_it.o
    0x1005811c   0x1005811c   0x00000088   Code   RO         1687    i.NVIC_Init         misc.o
    0x100581a4   0x100581a4   0x00000044   Code   RO         2529    i.NVIC_SetPriority  system_bluenrg1.o
    0x100581e8   0x100581e8   0x00000018   Code   RO         1723    i.NVIC_SystemReset  ota_btl.o
    0x10058200   0x10058200   0x00000002   Code   RO         2530    i.NVM_Handler       system_bluenrg1.o
    0x10058202   0x10058202   0x00000002   PAD
    0x10058204   0x10058204   0x00000014   Code   RO         1727    i.OTA_Jump_To_Service_Manager_Application  ota_btl.o
    0x10058218   0x10058218   0x00000008   Code   RO          167    i.Osal_MemCmp       osal.o
    0x10058220   0x10058220   0x00000008   Code   RO          168    i.Osal_MemCpy       osal.o
    0x10058228   0x10058228   0x00000008   Code   RO          169    i.Osal_MemSet       osal.o
    0x10058230   0x10058230   0x00000002   Code   RO         2531    i.PKA_Handler       system_bluenrg1.o
    0x10058232   0x10058232   0x00000002   Code   RO         3189    i.PKA_Offline_Processing_ucfg  libbluenrg1_stack.a(hci.o)
    0x10058234   0x10058234   0x00000014   Code   RO         1023    i.PKA_Reset         bluenrg1_pka.o
    0x10058248   0x10058248   0x00000050   Code   RO         3793    i.PM_Check_And_Set  libbluenrg1_stack.a(pm.o)
    0x10058298   0x10058298   0x00000022   Code   RO         3794    i.PM_Clone_Pckt     libbluenrg1_stack.a(pm.o)
    0x100582ba   0x100582ba   0x00000002   PAD
    0x100582bc   0x100582bc   0x00000054   Code   RO         3795    i.PM_Compact        libbluenrg1_stack.a(pm.o)
    0x10058310   0x10058310   0x00000012   Code   RO         3796    i.PM_Copy_Pckt_Data  libbluenrg1_stack.a(pm.o)
    0x10058322   0x10058322   0x00000002   PAD
    0x10058324   0x10058324   0x00000018   Code   RO         3797    i.PM_Eng_Config     libbluenrg1_stack.a(pm.o)
    0x1005833c   0x1005833c   0x0000000c   Code   RO         3798    i.PM_Extract_Pdu_MBuff  libbluenrg1_stack.a(pm.o)
    0x10058348   0x10058348   0x0000003c   Code   RO         3799    i.PM_Get_Available_Buffer  libbluenrg1_stack.a(pm.o)
    0x10058384   0x10058384   0x0000000a   Code   RO         3801    i.PM_Get_Mem_Buff_Count  libbluenrg1_stack.a(pm.o)
    0x1005838e   0x1005838e   0x00000002   PAD
    0x10058390   0x10058390   0x00000044   Code   RO         3802    i.PM_Get_Pckt       libbluenrg1_stack.a(pm.o)
    0x100583d4   0x100583d4   0x00000068   Code   RO         3803    i.PM_Init           libbluenrg1_stack.a(pm.o)
    0x1005843c   0x1005843c   0x0000000a   Code   RO         3804    i.PM_Pckt_Cmp       libbluenrg1_stack.a(pm.o)
    0x10058446   0x10058446   0x00000002   PAD
    0x10058448   0x10058448   0x0000003c   Code   RO         3805    i.PM_Release_Acl_Pckt  libbluenrg1_stack.a(pm.o)
    0x10058484   0x10058484   0x0000006c   Code   RO         3806    i.PM_Resize_Pckt_Pdu_Size  libbluenrg1_stack.a(pm.o)
    0x100584f0   0x100584f0   0x00000012   Code   RO         3808    i.PM_Write_Pckt_Data  libbluenrg1_stack.a(pm.o)
    0x10058502   0x10058502   0x00000002   PAD
    0x10058504   0x10058504   0x00000084   Code   RO         3659    i.PRIVWHIT_u8SearchAddrInList  libbluenrg1_stack.a(ll_privacy.o)
    0x10058588   0x10058588   0x000000b4   Code   RO         3660    i.PRIVWHIT_vInit_Struct  libbluenrg1_stack.a(ll_privacy.o)
    0x1005863c   0x1005863c   0x00000058   Code   RO         3663    i.PRIV_SearchAddrInWhiteList  libbluenrg1_stack.a(ll_privacy.o)
    0x10058694   0x10058694   0x00000004   Code   RO         3190    i.PRIV_controller_privacy_csr_ucfg  libbluenrg1_stack.a(hci.o)
    0x10058698   0x10058698   0x00000004   Code   RO         3665    i.PRIV_u32ProcessAdvPacket_ucfg  libbluenrg1_stack.a(ll_privacy.o)
    0x1005869c   0x1005869c   0x00000004   Code   RO         3667    i.PRIV_u8OfflineProcessing_ucfg  libbluenrg1_stack.a(ll_privacy.o)
    0x100586a0   0x100586a0   0x00000002   Code   RO         3671    i.PRIV_vGeneratePrivateAddress_ucfg  libbluenrg1_stack.a(ll_privacy.o)
    0x100586a2   0x100586a2   0x00000002   Code   RO         3675    i.PRIV_vGenerate_hci_le_enhanced_connection_complete_event_ucfg  libbluenrg1_stack.a(ll_privacy.o)
    0x100586a4   0x100586a4   0x00000002   Code   RO         2532    i.PendSV_Handler    system_bluenrg1.o
    0x100586a6   0x100586a6   0x0000000e   Code   RO         3604    i.Pm_Resize_Host_Acl_Pckt  libbluenrg1_stack.a(gatt_server.o)
    0x100586b4   0x100586b4   0x0000000e   Code   RO         4111    i.Pm_Resize_Host_Acl_Pckt  libbluenrg1_stack.a(att.o)
    0x100586c2   0x100586c2   0x00000002   PAD
    0x100586c4   0x100586c4   0x00000178   Code   RO         4112    i.Prepare_Write_Resp  libbluenrg1_stack.a(att.o)
    0x1005883c   0x1005883c   0x00000034   Code   RO         2819    i.Press_Update      gatt_db.o
    0x10058870   0x10058870   0x000001fc   Code   RO         3605    i.Process_Peer_Client_Data  libbluenrg1_stack.a(gatt_server.o)
    0x10058a6c   0x10058a6c   0x00000194   Code   RO         3606    i.Process_Peer_Server_Data  libbluenrg1_stack.a(gatt_server.o)
    0x10058c00   0x10058c00   0x0000021c   Code   RO         3270    i.RAL_Isr           libbluenrg1_stack.a(ll_isr.o)
    0x10058e1c   0x10058e1c   0x00000020   Code   RO         2533    i.RESET_HANDLER     system_bluenrg1.o
    0x10058e3c   0x10058e3c   0x00000002   Code   RO         2534    i.RTC_Handler       system_bluenrg1.o
    0x10058e3e   0x10058e3e   0x00000140   Code   RO         4113    i.Read_Blob_Resp    libbluenrg1_stack.a(att.o)
    0x10058f7e   0x10058f7e   0x00000002   PAD
    0x10058f80   0x10058f80   0x000001e4   Code   RO         4114    i.Read_By_Grp_Type_Resp  libbluenrg1_stack.a(att.o)
    0x10059164   0x10059164   0x000002d0   Code   RO         4115    i.Read_By_Type_Resp  libbluenrg1_stack.a(att.o)
    0x10059434   0x10059434   0x00000194   Code   RO         4116    i.Read_Multi_Resp   libbluenrg1_stack.a(att.o)
    0x100595c8   0x100595c8   0x00000098   Code   RO         2820    i.Read_Request_CB   gatt_db.o
    0x10059660   0x10059660   0x0000012a   Code   RO         4117    i.Read_Resp         libbluenrg1_stack.a(att.o)
    0x1005978a   0x1005978a   0x00000002   Code   RO         3710    i.Reclassify_All_Channels_ucfg  libbluenrg1_stack.a(ll_routines_master.o)
    0x1005978c   0x1005978c   0x00000184   Code   RO         3952    i.SDB_Add_Record    libbluenrg1_stack.a(sdb.o)
    0x10059910   0x10059910   0x000000a0   Code   RO         3954    i.SDB_Find_Matching_LTK  libbluenrg1_stack.a(sdb.o)
    0x100599b0   0x100599b0   0x000000c4   Code   RO         3955    i.SDB_Find_Record   libbluenrg1_stack.a(sdb.o)
    0x10059a74   0x10059a74   0x00000044   Code   RO         3957    i.SDB_Get_Number_Of_Valid_Records  libbluenrg1_stack.a(sdb.o)
    0x10059ab8   0x10059ab8   0x000000bc   Code   RO         3958    i.SDB_flash_write_client_data  libbluenrg1_stack.a(sdb.o)
    0x10059b74   0x10059b74   0x000000e2   Code   RO         3959    i.SDB_get_security_data_record  libbluenrg1_stack.a(sdb.o)
    0x10059c56   0x10059c56   0x0000003c   Code   RO         3960    i.SDB_read_peer_bonded_data  libbluenrg1_stack.a(sdb.o)
    0x10059c92   0x10059c92   0x00000002   PAD
    0x10059c94   0x10059c94   0x0000003c   Code   RO         2535    i.SET_BORconfigStatus  system_bluenrg1.o
    0x10059cd0   0x10059cd0   0x0000002e   Code   RO         4164    i.SMA_Diversify     libbluenrg1_stack.a(smp_algo_sap.o)
    0x10059cfe   0x10059cfe   0x00000002   PAD
    0x10059d00   0x10059d00   0x00000028   Code   RO         4165    i.SMA_Generate_CSRK  libbluenrg1_stack.a(smp_algo_sap.o)
    0x10059d28   0x10059d28   0x00000028   Code   RO         4166    i.SMA_Generate_IRK  libbluenrg1_stack.a(smp_algo_sap.o)
    0x10059d50   0x10059d50   0x00000028   Code   RO         4167    i.SMA_LP_s1_Generate_STK  libbluenrg1_stack.a(smp_algo_sap.o)
    0x10059d78   0x10059d78   0x0000007c   Code   RO         4172    i.SMA_generate_EDIV_recovery_DIV  libbluenrg1_stack.a(smp_algo_sap.o)
    0x10059df4   0x10059df4   0x00000048   Code   RO         4044    i.SMP_Check_Is_Device_Bonded  libbluenrg1_stack.a(smp_common.o)
    0x10059e3c   0x10059e3c   0x0000001c   Code   RO         4045    i.SMP_Forget_Device_by_ConnHandle  libbluenrg1_stack.a(smp_common.o)
    0x10059e58   0x10059e58   0x00000074   Code   RO         4047    i.SMP_Init          libbluenrg1_stack.a(smp_common.o)
    0x10059ecc   0x10059ecc   0x00000184   Code   RO         3976    i.SMP_Process_Q     libbluenrg1_stack.a(securitymgr.o)
    0x1005a050   0x1005a050   0x00000074   Code   RO         4048    i.SMP_Repeated_Attacks_Timer_cb  libbluenrg1_stack.a(smp_common.o)
    0x1005a0c4   0x1005a0c4   0x0000006c   Code   RO         4049    i.SMP_Set_Authentication_req  libbluenrg1_stack.a(smp_common.o)
    0x1005a130   0x1005a130   0x00000078   Code   RO         4052    i.SMP_Timer_cb      libbluenrg1_stack.a(smp_common.o)
    0x1005a1a8   0x1005a1a8   0x0000007a   Code   RO         4053    i.SMP_Validate_Signed_Packet  libbluenrg1_stack.a(smp_common.o)
    0x1005a222   0x1005a222   0x00000020   Code   RO         4086    i.SMP_sc_force_debug_key_usage  libbluenrg1_stack.a(smp_scv42_sap.o)
    0x1005a242   0x1005a242   0x00000020   Code   RO         4055    i.SM_Check_Encryption_KeySize  libbluenrg1_stack.a(smp_common.o)
    0x1005a262   0x1005a262   0x00000002   PAD
    0x1005a264   0x1005a264   0x00000080   Code   RO         4056    i.SM_Connection_Complete_Handler  libbluenrg1_stack.a(smp_common.o)
    0x1005a2e4   0x1005a2e4   0x0000004e   Code   RO         4173    i.SM_Generate_Resolvable_Private_Address  libbluenrg1_stack.a(smp_algo_sap.o)
    0x1005a332   0x1005a332   0x0000002e   Code   RO         4057    i.SM_Get_Link_Status  libbluenrg1_stack.a(smp_common.o)
    0x1005a360   0x1005a360   0x00000048   Code   RO         4058    i.SM_Get_Remote_Device_Info  libbluenrg1_stack.a(smp_common.o)
    0x1005a3a8   0x1005a3a8   0x00000114   Code   RO         4059    i.SM_L2CAP_Encryption_changed_Handler_ISR  libbluenrg1_stack.a(smp_common.o)
    0x1005a4bc   0x1005a4bc   0x000000f4   Code   RO         4060    i.SM_L2CAP_Handler  libbluenrg1_stack.a(smp_common.o)
    0x1005a5b0   0x1005a5b0   0x00000158   Code   RO         4061    i.SM_L2CAP_Handler_ISR  libbluenrg1_stack.a(smp_common.o)
    0x1005a708   0x1005a708   0x00000022   Code   RO         4174    i.SM_Resolve_Private_Address  libbluenrg1_stack.a(smp_algo_sap.o)
    0x1005a72a   0x1005a72a   0x00000002   PAD
    0x1005a72c   0x1005a72c   0x00000018   Code   RO         1204    i.SPI_ClearRXFIFO   bluenrg1_spi.o
    0x1005a744   0x1005a744   0x00000028   Code   RO         1205    i.SPI_ClearTXFIFO   bluenrg1_spi.o
    0x1005a76c   0x1005a76c   0x00000018   Code   RO         1206    i.SPI_Cmd           bluenrg1_spi.o
    0x1005a784   0x1005a784   0x00000014   Code   RO         1217    i.SPI_GetFlagStatus  bluenrg1_spi.o
    0x1005a798   0x1005a798   0x00000002   Code   RO         2536    i.SPI_Handler       system_bluenrg1.o
    0x1005a79a   0x1005a79a   0x00000002   PAD
    0x1005a79c   0x1005a79c   0x00000054   Code   RO         1220    i.SPI_Init          bluenrg1_spi.o
    0x1005a7f0   0x1005a7f0   0x0000000c   Code   RO         1221    i.SPI_ReceiveData   bluenrg1_spi.o
    0x1005a7fc   0x1005a7fc   0x0000000c   Code   RO         1223    i.SPI_SendData      bluenrg1_spi.o
    0x1005a808   0x1005a808   0x00000048   Code   RO         1224    i.SPI_SetBaudrate   bluenrg1_spi.o
    0x1005a850   0x1005a850   0x0000000c   Code   RO         1225    i.SPI_SetDummyCharacter  bluenrg1_spi.o
    0x1005a85c   0x1005a85c   0x00000018   Code   RO         1226    i.SPI_SetMasterCommunicationMode  bluenrg1_spi.o
    0x1005a874   0x1005a874   0x00000018   Code   RO         1231    i.SPI_StructInit    bluenrg1_spi.o
    0x1005a88c   0x1005a88c   0x00000002   Code   RO         2745    i.SVC_Handler       bluenrg1_it.o
    0x1005a88e   0x1005a88e   0x00000002   PAD
    0x1005a890   0x1005a890   0x000000a0   Code   RO         2125    i.SdkEvalComUartInit  sdk_eval_com.o
    0x1005a930   0x1005a930   0x0000000c   Code   RO         2228    i.SdkEvalGetVersion  sdk_eval_config.o
    0x1005a93c   0x1005a93c   0x000000dc   Code   RO         2293    i.SdkEvalI2CInit    sdk_eval_i2c.o
    0x1005aa18   0x1005aa18   0x00000144   Code   RO         2297    i.SdkEvalI2CRead    sdk_eval_i2c.o
    0x1005ab5c   0x1005ab5c   0x000000d8   Code   RO         2298    i.SdkEvalI2CWrite   sdk_eval_i2c.o
    0x1005ac34   0x1005ac34   0x0000000c   Code   RO         2229    i.SdkEvalIdentification  sdk_eval_config.o
    0x1005ac40   0x1005ac40   0x0000002e   Code   RO         2374    i.SdkEvalLedInit    sdk_eval_led.o
    0x1005ac6e   0x1005ac6e   0x0000000e   Code   RO         2375    i.SdkEvalLedOff     sdk_eval_led.o
    0x1005ac7c   0x1005ac7c   0x0000000e   Code   RO         2376    i.SdkEvalLedOn      sdk_eval_led.o
    0x1005ac8a   0x1005ac8a   0x0000000c   Code   RO         2377    i.SdkEvalLedToggle  sdk_eval_led.o
    0x1005ac96   0x1005ac96   0x00000012   Code   RO         2069    i.SdkEvalPushButtonGetState  sdk_eval_button.o
    0x1005aca8   0x1005aca8   0x00000026   Code   RO         2070    i.SdkEvalPushButtonInit  sdk_eval_button.o
    0x1005acce   0x1005acce   0x00000002   PAD
    0x1005acd0   0x1005acd0   0x00000110   Code   RO         2427    i.SdkEvalSpiInit    sdk_eval_spi.o
    0x1005ade0   0x1005ade0   0x00000090   Code   RO         2431    i.SdkEvalSpiRead    sdk_eval_spi.o
    0x1005ae70   0x1005ae70   0x0000005c   Code   RO         2432    i.SdkEvalSpiWrite   sdk_eval_spi.o
    0x1005aecc   0x1005aecc   0x00000050   Code   RO         3607    i.Select_Next_Notification_Client  libbluenrg1_stack.a(gatt_server.o)
    0x1005af1c   0x1005af1c   0x0000004c   Code   RO         3608    i.Send_Notif_Or_Ind  libbluenrg1_stack.a(gatt_server.o)
    0x1005af68   0x1005af68   0x000000d0   Code   RO         2912    i.Sensor_DeviceInit  sensor.o
    0x1005b038   0x1005b038   0x0000004c   Code   RO         2913    i.Set_DeviceConnectable  sensor.o
    0x1005b084   0x1005b084   0x00000050   Code   RO         3256    i.Set_Host_Timer_value  libbluenrg1_stack.a(host_timer.o)
    0x1005b0d4   0x1005b0d4   0x00000048   Code   RO         2538    i.Set_RF_FrontEnd   system_bluenrg1.o
    0x1005b11c   0x1005b11c   0x00000024   Code   RO         3839    i.Start_Gatt_Timer  libbluenrg1_stack.a(rom_gatt_server.o)
    0x1005b140   0x1005b140   0x0000001c   Code   RO         3840    i.Stop_Gatt_Timer   libbluenrg1_stack.a(rom_gatt_server.o)
    0x1005b15c   0x1005b15c   0x00000010   Code   RO            8    i.SysCount_Handler  clock.o
    0x1005b16c   0x1005b16c   0x0000009c   Code   RO         1397    i.SysCtrl_GetWakeupResetReason  bluenrg1_sysctrl.o
    0x1005b208   0x1005b208   0x00000018   Code   RO         1398    i.SysCtrl_PeripheralClockCmd  bluenrg1_sysctrl.o
    0x1005b220   0x1005b220   0x00000008   Code   RO         2746    i.SysTick_Handler   bluenrg1_it.o
    0x1005b228   0x1005b228   0x000000b8   Code   RO         2540    i.SystemInit        system_bluenrg1.o
    0x1005b2e0   0x1005b2e0   0x00000034   Code   RO         2821    i.Temp_Update       gatt_db.o
    0x1005b314   0x1005b314   0x0000007c   Code   RO         3257    i.TimerCallback     libbluenrg1_stack.a(host_timer.o)
    0x1005b390   0x1005b390   0x00000014   Code   RO         3258    i.Timer_ExpiryCallback  libbluenrg1_stack.a(host_timer.o)
    0x1005b3a4   0x1005b3a4   0x00000038   Code   RO         3259    i.Timer_Init        libbluenrg1_stack.a(host_timer.o)
    0x1005b3dc   0x1005b3dc   0x0000011c   Code   RO         3260    i.Timer_ProcessQ    libbluenrg1_stack.a(host_timer.o)
    0x1005b4f8   0x1005b4f8   0x00000022   Code   RO         3261    i.Timer_StartOneShot  libbluenrg1_stack.a(host_timer.o)
    0x1005b51a   0x1005b51a   0x00000002   PAD
    0x1005b51c   0x1005b51c   0x00000078   Code   RO         3262    i.Timer_StartOneShot_sysTime32  libbluenrg1_stack.a(host_timer.o)
    0x1005b594   0x1005b594   0x00000058   Code   RO         3263    i.Timer_StopOneShot  libbluenrg1_stack.a(host_timer.o)
    0x1005b5ec   0x1005b5ec   0x00000024   Code   RO         3265    i.Timer_sysTime32_convMachineTime  libbluenrg1_stack.a(host_timer.o)
    0x1005b610   0x1005b610   0x0000001c   Code   RO         1443    i.UART_Cmd          bluenrg1_uart.o
    0x1005b62c   0x1005b62c   0x00000002   Code   RO         2747    i.UART_Handler      bluenrg1_it.o
    0x1005b62e   0x1005b62e   0x00000002   PAD
    0x1005b630   0x1005b630   0x00000138   Code   RO         1449    i.UART_Init         bluenrg1_uart.o
    0x1005b768   0x1005b768   0x00000018   Code   RO         1454    i.UART_RxFifoIrqLevelConfig  bluenrg1_uart.o
    0x1005b780   0x1005b780   0x00000002   Code   RO         2542    i.WDG_Handler       system_bluenrg1.o
    0x1005b782   0x1005b782   0x0000000a   Code   RO         3926    i.WindowWiden1      libbluenrg1_stack.a(rom_ll_timehandling.o)
    0x1005b78c   0x1005b78c   0x00000010   Code   RO         3927    i.WindowWiden2      libbluenrg1_stack.a(rom_ll_timehandling.o)
    0x1005b79c   0x1005b79c   0x000001b0   Code   RO         3963    i.Write_Client_Data  libbluenrg1_stack.a(sdb.o)
    0x1005b94c   0x1005b94c   0x0000012c   Code   RO         4118    i.Write_Cmd         libbluenrg1_stack.a(att.o)
    0x1005ba78   0x1005ba78   0x0000013c   Code   RO         4119    i.Write_Resp        libbluenrg1_stack.a(att.o)
    0x1005bbb4   0x1005bbb4   0x000000e8   Code   RO         3164    i._BlueNRG_Stack_Initialization  libbluenrg1_stack.a(bluenrg_main_func.o)
    0x1005bc9c   0x1005bc9c   0x00000064   Code   RO         3487    i._GAP_Parse_Advertising_Report  libbluenrg1_stack.a(gap.o)
    0x1005bd00   0x1005bd00   0x0000001a   Code   RO         3285    i.__ARM_common_memcpy1_6  libbluenrg1_stack.a(ll_isr.o)
    0x1005bd1a   0x1005bd1a   0x0000001a   Code   RO         2050    i.__ARM_common_switch8  lsm6ds3.o
    0x1005bd34   0x1005bd34   0x00000050   Code   RO         2544    i.__low_level_init  system_bluenrg1.o
    0x1005bd84   0x1005bd84   0x0000000e   Code   RO         4316    i.__scatterload_copy  mc_p.l(handlers.o)
    0x1005bd92   0x1005bd92   0x00000002   Code   RO         4317    i.__scatterload_null  mc_p.l(handlers.o)
    0x1005bd94   0x1005bd94   0x0000000e   Code   RO         4318    i.__scatterload_zeroinit  mc_p.l(handlers.o)
    0x1005bda2   0x1005bda2   0x00000002   PAD
    0x1005bda4   0x1005bda4   0x0000005c   Code   RO         3052    i._aci_gap_set_discoverable_param_check  libbluenrg1_stack.a(bluenrg_gap_aci.o)
    0x1005be00   0x1005be00   0x00000174   Code   RO         3488    i._gap_set_discoverable_connectable  libbluenrg1_stack.a(gap.o)
    0x1005bf74   0x1005bf74   0x00000026   Code   RO         3098    i._load_uuid        libbluenrg1_stack.a(bluenrg_gatt_aci.o)
    0x1005bf9a   0x1005bf9a   0x00000002   Code   RO         3290    i.aci_att_exchange_mtu_resp_event  libbluenrg1_stack.a(aci_events.o)
    0x1005bf9c   0x1005bf9c   0x00000002   Code   RO         3291    i.aci_att_exec_write_resp_event  libbluenrg1_stack.a(aci_events.o)
    0x1005bf9e   0x1005bf9e   0x00000002   Code   RO         3292    i.aci_att_find_by_type_value_resp_event  libbluenrg1_stack.a(aci_events.o)
    0x1005bfa0   0x1005bfa0   0x00000002   Code   RO         3293    i.aci_att_find_info_resp_event  libbluenrg1_stack.a(aci_events.o)
    0x1005bfa2   0x1005bfa2   0x00000002   Code   RO         3294    i.aci_att_prepare_write_resp_event  libbluenrg1_stack.a(aci_events.o)
    0x1005bfa4   0x1005bfa4   0x00000002   Code   RO         3295    i.aci_att_read_blob_resp_event  libbluenrg1_stack.a(aci_events.o)
    0x1005bfa6   0x1005bfa6   0x00000002   Code   RO         3296    i.aci_att_read_by_group_type_resp_event  libbluenrg1_stack.a(aci_events.o)
    0x1005bfa8   0x1005bfa8   0x00000002   Code   RO         3297    i.aci_att_read_by_type_resp_event  libbluenrg1_stack.a(aci_events.o)
    0x1005bfaa   0x1005bfaa   0x00000002   Code   RO         3298    i.aci_att_read_multiple_resp_event  libbluenrg1_stack.a(aci_events.o)
    0x1005bfac   0x1005bfac   0x00000002   Code   RO         3299    i.aci_att_read_resp_event  libbluenrg1_stack.a(aci_events.o)
    0x1005bfae   0x1005bfae   0x00000002   Code   RO         3300    i.aci_att_write_resp_event  libbluenrg1_stack.a(aci_events.o)
    0x1005bfb0   0x1005bfb0   0x00000028   Code   RO         3301    i.aci_event_fifo_push  libbluenrg1_stack.a(aci_events.o)
    0x1005bfd8   0x1005bfd8   0x000000bc   Code   RO         3302    i.aci_event_fifo_push_header  libbluenrg1_stack.a(aci_events.o)
    0x1005c094   0x1005c094   0x00000002   Code   RO         3303    i.aci_gap_addr_not_resolved_event  libbluenrg1_stack.a(aci_events.o)
    0x1005c096   0x1005c096   0x00000002   Code   RO         3304    i.aci_gap_authorization_req_event  libbluenrg1_stack.a(aci_events.o)
    0x1005c098   0x1005c098   0x00000054   Code   RO         4062    i.aci_gap_authorization_req_event_push  libbluenrg1_stack.a(smp_common.o)
    0x1005c0ec   0x1005c0ec   0x00000002   Code   RO         3305    i.aci_gap_bond_lost_event  libbluenrg1_stack.a(aci_events.o)
    0x1005c0ee   0x1005c0ee   0x00000002   Code   RO         3306    i.aci_gap_device_found_event  libbluenrg1_stack.a(aci_events.o)
    0x1005c0f0   0x1005c0f0   0x00000030   Code   RO         3062    i.aci_gap_init      libbluenrg1_stack.a(bluenrg_gap_aci.o)
    0x1005c120   0x1005c120   0x00000002   Code   RO         3307    i.aci_gap_keypress_notification_event  libbluenrg1_stack.a(aci_events.o)
    0x1005c122   0x1005c122   0x00000002   Code   RO         3308    i.aci_gap_limited_discoverable_event  libbluenrg1_stack.a(aci_events.o)
    0x1005c124   0x1005c124   0x00000050   Code   RO         3489    i.aci_gap_limited_discoverable_event_push  libbluenrg1_stack.a(gap.o)
    0x1005c174   0x1005c174   0x00000002   Code   RO         3309    i.aci_gap_numeric_comparison_value_event  libbluenrg1_stack.a(aci_events.o)
    0x1005c176   0x1005c176   0x00000002   Code   RO         3310    i.aci_gap_pairing_complete_event  libbluenrg1_stack.a(aci_events.o)
    0x1005c178   0x1005c178   0x0000005c   Code   RO         4063    i.aci_gap_pairing_complete_event_push  libbluenrg1_stack.a(smp_common.o)
    0x1005c1d4   0x1005c1d4   0x00000002   Code   RO         3311    i.aci_gap_pass_key_req_event  libbluenrg1_stack.a(aci_events.o)
    0x1005c1d6   0x1005c1d6   0x00000002   Code   RO         3312    i.aci_gap_proc_complete_event  libbluenrg1_stack.a(aci_events.o)
    0x1005c1d8   0x1005c1d8   0x00000074   Code   RO         3490    i.aci_gap_proc_complete_event_push  libbluenrg1_stack.a(gap.o)
    0x1005c24c   0x1005c24c   0x00000090   Code   RO         3070    i.aci_gap_set_authentication_requirement  libbluenrg1_stack.a(bluenrg_gap_aci.o)
    0x1005c2dc   0x1005c2dc   0x00000042   Code   RO         3074    i.aci_gap_set_discoverable  libbluenrg1_stack.a(bluenrg_gap_aci.o)
    0x1005c31e   0x1005c31e   0x00000002   Code   RO         3313    i.aci_gap_slave_security_initiated_event  libbluenrg1_stack.a(aci_events.o)
    0x1005c320   0x1005c320   0x0000003e   Code   RO         3105    i.aci_gatt_add_char  libbluenrg1_stack.a(bluenrg_gatt_aci.o)
    0x1005c35e   0x1005c35e   0x00000050   Code   RO         3106    i.aci_gatt_add_char_desc  libbluenrg1_stack.a(bluenrg_gatt_aci.o)
    0x1005c3ae   0x1005c3ae   0x00000036   Code   RO         3107    i.aci_gatt_add_service  libbluenrg1_stack.a(bluenrg_gatt_aci.o)
    0x1005c3e4   0x1005c3e4   0x0000000c   Code   RO         3108    i.aci_gatt_allow_read  libbluenrg1_stack.a(bluenrg_gatt_aci.o)
    0x1005c3f0   0x1005c3f0   0x00000002   Code   RO         2914    i.aci_gatt_attribute_modified_event  sensor.o
    0x1005c3f2   0x1005c3f2   0x00000002   PAD
    0x1005c3f4   0x1005c3f4   0x00000078   Code   RO         4120    i.aci_gatt_attribute_modified_event_push  libbluenrg1_stack.a(att.o)
    0x1005c46c   0x1005c46c   0x00000002   Code   RO         3315    i.aci_gatt_disc_read_char_by_uuid_resp_event  libbluenrg1_stack.a(aci_events.o)
    0x1005c46e   0x1005c46e   0x00000002   Code   RO         3316    i.aci_gatt_error_resp_event  libbluenrg1_stack.a(aci_events.o)
    0x1005c470   0x1005c470   0x00000002   Code   RO         3317    i.aci_gatt_indication_event  libbluenrg1_stack.a(aci_events.o)
    0x1005c472   0x1005c472   0x00000002   PAD
    0x1005c474   0x1005c474   0x00000090   Code   RO         3609    i.aci_gatt_indication_event_push  libbluenrg1_stack.a(gatt_server.o)
    0x1005c504   0x1005c504   0x00000008   Code   RO         3122    i.aci_gatt_init     libbluenrg1_stack.a(bluenrg_gatt_aci.o)
    0x1005c50c   0x1005c50c   0x00000002   Code   RO         3318    i.aci_gatt_notification_event  libbluenrg1_stack.a(aci_events.o)
    0x1005c50e   0x1005c50e   0x00000002   PAD
    0x1005c510   0x1005c510   0x00000090   Code   RO         3610    i.aci_gatt_notification_event_push  libbluenrg1_stack.a(gatt_server.o)
    0x1005c5a0   0x1005c5a0   0x00000002   Code   RO         3319    i.aci_gatt_prepare_write_permit_req_event  libbluenrg1_stack.a(aci_events.o)
    0x1005c5a2   0x1005c5a2   0x00000002   Code   RO         3320    i.aci_gatt_proc_complete_event  libbluenrg1_stack.a(aci_events.o)
    0x1005c5a4   0x1005c5a4   0x00000002   Code   RO         3321    i.aci_gatt_proc_timeout_event  libbluenrg1_stack.a(aci_events.o)
    0x1005c5a6   0x1005c5a6   0x00000002   Code   RO         3322    i.aci_gatt_read_multi_permit_req_event  libbluenrg1_stack.a(aci_events.o)
    0x1005c5a8   0x1005c5a8   0x00000068   Code   RO         4121    i.aci_gatt_read_multi_permit_req_event_push  libbluenrg1_stack.a(att.o)
    0x1005c610   0x1005c610   0x0000000a   Code   RO         2915    i.aci_gatt_read_permit_req_event  sensor.o
    0x1005c61a   0x1005c61a   0x00000002   PAD
    0x1005c61c   0x1005c61c   0x00000050   Code   RO         4122    i.aci_gatt_read_permit_req_event_push  libbluenrg1_stack.a(att.o)
    0x1005c66c   0x1005c66c   0x00000002   Code   RO         3324    i.aci_gatt_server_confirmation_event  libbluenrg1_stack.a(aci_events.o)
    0x1005c66e   0x1005c66e   0x00000002   Code   RO         3325    i.aci_gatt_tx_pool_available_event  libbluenrg1_stack.a(aci_events.o)
    0x1005c670   0x1005c670   0x00000022   Code   RO         3136    i.aci_gatt_update_char_value_ext  libbluenrg1_stack.a(bluenrg_gatt_aci.o)
    0x1005c692   0x1005c692   0x00000002   Code   RO         3326    i.aci_gatt_write_permit_req_event  libbluenrg1_stack.a(aci_events.o)
    0x1005c694   0x1005c694   0x0000006c   Code   RO         4123    i.aci_gatt_write_permit_req_event_push  libbluenrg1_stack.a(att.o)
    0x1005c700   0x1005c700   0x00000002   Code   RO         2916    i.aci_hal_end_of_radio_activity_event  sensor.o
    0x1005c702   0x1005c702   0x00000002   Code   RO         3327    i.aci_hal_fw_error_event  libbluenrg1_stack.a(aci_events.o)
    0x1005c704   0x1005c704   0x00000002   Code   RO         3328    i.aci_hal_scan_req_report_event  libbluenrg1_stack.a(aci_events.o)
    0x1005c706   0x1005c706   0x00000008   Code   RO         3151    i.aci_hal_set_tx_power_level  libbluenrg1_stack.a(bluenrg_hal_aci.o)
    0x1005c70e   0x1005c70e   0x00000008   Code   RO         3154    i.aci_hal_write_config_data  libbluenrg1_stack.a(bluenrg_hal_aci.o)
    0x1005c716   0x1005c716   0x00000002   Code   RO         3329    i.aci_l2cap_command_reject_event  libbluenrg1_stack.a(aci_events.o)
    0x1005c718   0x1005c718   0x00000002   Code   RO         3330    i.aci_l2cap_connection_update_req_event  libbluenrg1_stack.a(aci_events.o)
    0x1005c71a   0x1005c71a   0x00000002   PAD
    0x1005c71c   0x1005c71c   0x00000098   Code   RO         3641    i.aci_l2cap_connection_update_req_event_push  libbluenrg1_stack.a(l2cap.o)
    0x1005c7b4   0x1005c7b4   0x00000002   Code   RO         3331    i.aci_l2cap_connection_update_resp_event  libbluenrg1_stack.a(aci_events.o)
    0x1005c7b6   0x1005c7b6   0x00000002   Code   RO         3332    i.aci_l2cap_proc_timeout_event  libbluenrg1_stack.a(aci_events.o)
    0x1005c7b8   0x1005c7b8   0x00000004   Code   RO         3437    i.acl_list_first    libbluenrg1_stack.a(acl_list.o)
    0x1005c7bc   0x1005c7bc   0x00000026   Code   RO         3438    i.acl_list_full_on_packt  libbluenrg1_stack.a(acl_list.o)
    0x1005c7e2   0x1005c7e2   0x00000010   Code   RO         3441    i.acl_list_init     libbluenrg1_stack.a(acl_list.o)
    0x1005c7f2   0x1005c7f2   0x00000026   Code   RO         3442    i.acl_list_insert_head  libbluenrg1_stack.a(acl_list.o)
    0x1005c818   0x1005c818   0x0000002c   Code   RO         3443    i.acl_list_insert_tail  libbluenrg1_stack.a(acl_list.o)
    0x1005c844   0x1005c844   0x0000000e   Code   RO         3444    i.acl_list_is_empty  libbluenrg1_stack.a(acl_list.o)
    0x1005c852   0x1005c852   0x00000044   Code   RO         3446    i.acl_list_remove   libbluenrg1_stack.a(acl_list.o)
    0x1005c896   0x1005c896   0x0000002e   Code   RO         3447    i.acl_list_remove_head  libbluenrg1_stack.a(acl_list.o)
    0x1005c8c4   0x1005c8c4   0x00000260   Code   RO         3757    i.adapt_slot        libbluenrg1_stack.a(multi_master_time.o)
    0x1005cb24   0x1005cb24   0x0000001e   Code   RO         3858    i.addr_u32_from_u8  libbluenrg1_stack.a(rom_ll_isr_routines.o)
    0x1005cb42   0x1005cb42   0x00000020   Code   RO         3895    i.addr_u32_from_u8  libbluenrg1_stack.a(rom_ll_ll_routines.o)
    0x1005cb62   0x1005cb62   0x00000002   PAD
    0x1005cb64   0x1005cb64   0x0000008c   Code   RO         3491    i.advParamsCheckAndSet  libbluenrg1_stack.a(gap.o)
    0x1005cbf0   0x1005cbf0   0x000002cc   Code   RO         3758    i.advance_slave_timing_MultiSlave  libbluenrg1_stack.a(multi_master_time.o)
    0x1005cebc   0x1005cebc   0x00000158   Code   RO         3942    i.advance_transmit  libbluenrg1_stack.a(routines_support.o)
    0x1005d014   0x1005d014   0x0000063c   Code   RO         3450    i.advance_wakeup_timer  libbluenrg1_stack.a(advance_wakeup_time.o)
    0x1005d650   0x1005d650   0x0000001c   Code   RO         3177    i.ble_HAL_Init      libbluenrg1_stack.a(hal.o)
    0x1005d66c   0x1005d66c   0x00000004   Code   RO         3860    i.cancel_connect_master_ucfg  libbluenrg1_stack.a(rom_ll_isr_routines.o)
    0x1005d670   0x1005d670   0x000001a8   Code   RO         3760    i.cancel_current_master  libbluenrg1_stack.a(multi_master_time.o)
    0x1005d818   0x1005d818   0x00000080   Code   RO         3861    i.cancel_master     libbluenrg1_stack.a(rom_ll_isr_routines.o)
    0x1005d898   0x1005d898   0x000000c4   Code   RO         3618    i.cancel_slave      libbluenrg1_stack.a(isr_routines.o)
    0x1005d95c   0x1005d95c   0x00000024   Code   RO         3333    i.cb_aci_att_exchange_mtu_resp_event  libbluenrg1_stack.a(aci_events.o)
    0x1005d980   0x1005d980   0x00000020   Code   RO         3334    i.cb_aci_att_exec_write_resp_event  libbluenrg1_stack.a(aci_events.o)
    0x1005d9a0   0x1005d9a0   0x00000024   Code   RO         3335    i.cb_aci_att_find_by_type_value_resp_event  libbluenrg1_stack.a(aci_events.o)
    0x1005d9c4   0x1005d9c4   0x00000028   Code   RO         3336    i.cb_aci_att_find_info_resp_event  libbluenrg1_stack.a(aci_events.o)
    0x1005d9ec   0x1005d9ec   0x0000002c   Code   RO         3337    i.cb_aci_att_prepare_write_resp_event  libbluenrg1_stack.a(aci_events.o)
    0x1005da18   0x1005da18   0x00000024   Code   RO         3338    i.cb_aci_att_read_blob_resp_event  libbluenrg1_stack.a(aci_events.o)
    0x1005da3c   0x1005da3c   0x00000028   Code   RO         3339    i.cb_aci_att_read_by_group_type_resp_event  libbluenrg1_stack.a(aci_events.o)
    0x1005da64   0x1005da64   0x00000028   Code   RO         3340    i.cb_aci_att_read_by_type_resp_event  libbluenrg1_stack.a(aci_events.o)
    0x1005da8c   0x1005da8c   0x00000024   Code   RO         3341    i.cb_aci_att_read_multiple_resp_event  libbluenrg1_stack.a(aci_events.o)
    0x1005dab0   0x1005dab0   0x00000024   Code   RO         3342    i.cb_aci_att_read_resp_event  libbluenrg1_stack.a(aci_events.o)
    0x1005dad4   0x1005dad4   0x00000024   Code   RO         3343    i.cb_aci_att_write_resp_event  libbluenrg1_stack.a(aci_events.o)
    0x1005daf8   0x1005daf8   0x00000020   Code   RO         3344    i.cb_aci_gap_addr_not_resolved_event  libbluenrg1_stack.a(aci_events.o)
    0x1005db18   0x1005db18   0x00000020   Code   RO         3345    i.cb_aci_gap_authorization_req_event  libbluenrg1_stack.a(aci_events.o)
    0x1005db38   0x1005db38   0x0000001c   Code   RO         3346    i.cb_aci_gap_bond_lost_event  libbluenrg1_stack.a(aci_events.o)
    0x1005db54   0x1005db54   0x00000020   Code   RO         3347    i.cb_aci_gap_device_found_event  libbluenrg1_stack.a(aci_events.o)
    0x1005db74   0x1005db74   0x00000024   Code   RO         3348    i.cb_aci_gap_keypress_notification_event  libbluenrg1_stack.a(aci_events.o)
    0x1005db98   0x1005db98   0x0000001c   Code   RO         3349    i.cb_aci_gap_limited_discoverable_event  libbluenrg1_stack.a(aci_events.o)
    0x1005dbb4   0x1005dbb4   0x00000024   Code   RO         3350    i.cb_aci_gap_numeric_comparison_value_event  libbluenrg1_stack.a(aci_events.o)
    0x1005dbd8   0x1005dbd8   0x00000024   Code   RO         3351    i.cb_aci_gap_pairing_complete_event  libbluenrg1_stack.a(aci_events.o)
    0x1005dbfc   0x1005dbfc   0x00000020   Code   RO         3352    i.cb_aci_gap_pass_key_req_event  libbluenrg1_stack.a(aci_events.o)
    0x1005dc1c   0x1005dc1c   0x00000028   Code   RO         3353    i.cb_aci_gap_proc_complete_event  libbluenrg1_stack.a(aci_events.o)
    0x1005dc44   0x1005dc44   0x0000001c   Code   RO         3354    i.cb_aci_gap_slave_security_initiated_event  libbluenrg1_stack.a(aci_events.o)
    0x1005dc60   0x1005dc60   0x0000002c   Code   RO         3355    i.cb_aci_gatt_attribute_modified_event  libbluenrg1_stack.a(aci_events.o)
    0x1005dc8c   0x1005dc8c   0x00000028   Code   RO         3356    i.cb_aci_gatt_disc_read_char_by_uuid_resp_event  libbluenrg1_stack.a(aci_events.o)
    0x1005dcb4   0x1005dcb4   0x00000028   Code   RO         3357    i.cb_aci_gatt_error_resp_event  libbluenrg1_stack.a(aci_events.o)
    0x1005dcdc   0x1005dcdc   0x00000028   Code   RO         3358    i.cb_aci_gatt_indication_event  libbluenrg1_stack.a(aci_events.o)
    0x1005dd04   0x1005dd04   0x00000028   Code   RO         3359    i.cb_aci_gatt_notification_event  libbluenrg1_stack.a(aci_events.o)
    0x1005dd2c   0x1005dd2c   0x00000016   Code   RO         3360    i.cb_aci_gatt_prepare_write_permit_req_event  libbluenrg1_stack.a(aci_events.o)
    0x1005dd42   0x1005dd42   0x00000002   PAD
    0x1005dd44   0x1005dd44   0x00000024   Code   RO         3361    i.cb_aci_gatt_proc_complete_event  libbluenrg1_stack.a(aci_events.o)
    0x1005dd68   0x1005dd68   0x00000020   Code   RO         3362    i.cb_aci_gatt_proc_timeout_event  libbluenrg1_stack.a(aci_events.o)
    0x1005dd88   0x1005dd88   0x00000010   Code   RO         3363    i.cb_aci_gatt_read_multi_permit_req_event  libbluenrg1_stack.a(aci_events.o)
    0x1005dd98   0x1005dd98   0x00000010   Code   RO         3364    i.cb_aci_gatt_read_permit_req_event  libbluenrg1_stack.a(aci_events.o)
    0x1005dda8   0x1005dda8   0x0000000a   Code   RO         3365    i.cb_aci_gatt_server_confirmation_event  libbluenrg1_stack.a(aci_events.o)
    0x1005ddb2   0x1005ddb2   0x0000000e   Code   RO         3366    i.cb_aci_gatt_tx_pool_available_event  libbluenrg1_stack.a(aci_events.o)
    0x1005ddc0   0x1005ddc0   0x00000012   Code   RO         3367    i.cb_aci_gatt_write_permit_req_event  libbluenrg1_stack.a(aci_events.o)
    0x1005ddd2   0x1005ddd2   0x00000010   Code   RO         3368    i.cb_aci_hal_fw_error_event  libbluenrg1_stack.a(aci_events.o)
    0x1005dde2   0x1005dde2   0x00000002   PAD
    0x1005dde4   0x1005dde4   0x00000024   Code   RO         3369    i.cb_aci_hal_scan_req_report_event  libbluenrg1_stack.a(aci_events.o)
    0x1005de08   0x1005de08   0x00000016   Code   RO         3370    i.cb_aci_l2cap_command_reject_event  libbluenrg1_stack.a(aci_events.o)
    0x1005de1e   0x1005de1e   0x00000002   PAD
    0x1005de20   0x1005de20   0x00000034   Code   RO         3371    i.cb_aci_l2cap_connection_update_req_event  libbluenrg1_stack.a(aci_events.o)
    0x1005de54   0x1005de54   0x00000024   Code   RO         3372    i.cb_aci_l2cap_connection_update_resp_event  libbluenrg1_stack.a(aci_events.o)
    0x1005de78   0x1005de78   0x00000024   Code   RO         3373    i.cb_aci_l2cap_proc_timeout_event  libbluenrg1_stack.a(aci_events.o)
    0x1005de9c   0x1005de9c   0x00000002   Code   RO         3374    i.cb_hci_data_buffer_overflow_event  libbluenrg1_stack.a(aci_events.o)
    0x1005de9e   0x1005de9e   0x00000002   PAD
    0x1005dea0   0x1005dea0   0x00000024   Code   RO         3375    i.cb_hci_disconnection_complete_event  libbluenrg1_stack.a(aci_events.o)
    0x1005dec4   0x1005dec4   0x00000024   Code   RO         3376    i.cb_hci_encryption_change_event  libbluenrg1_stack.a(aci_events.o)
    0x1005dee8   0x1005dee8   0x00000024   Code   RO         3377    i.cb_hci_encryption_key_refresh_complete_event  libbluenrg1_stack.a(aci_events.o)
    0x1005df0c   0x1005df0c   0x00000024   Code   RO         3378    i.cb_hci_le_advertising_report_event  libbluenrg1_stack.a(aci_events.o)
    0x1005df30   0x1005df30   0x00000044   Code   RO         3379    i.cb_hci_le_connection_complete_event  libbluenrg1_stack.a(aci_events.o)
    0x1005df74   0x1005df74   0x00000030   Code   RO         3380    i.cb_hci_le_connection_update_complete_event  libbluenrg1_stack.a(aci_events.o)
    0x1005dfa4   0x1005dfa4   0x00000030   Code   RO         3381    i.cb_hci_le_data_length_change_event  libbluenrg1_stack.a(aci_events.o)
    0x1005dfd4   0x1005dfd4   0x00000024   Code   RO         3382    i.cb_hci_le_direct_advertising_report_event  libbluenrg1_stack.a(aci_events.o)
    0x1005dff8   0x1005dff8   0x0000004c   Code   RO         3383    i.cb_hci_le_enhanced_connection_complete_event  libbluenrg1_stack.a(aci_events.o)
    0x1005e044   0x1005e044   0x00000028   Code   RO         3384    i.cb_hci_le_generate_dhkey_complete_event  libbluenrg1_stack.a(aci_events.o)
    0x1005e06c   0x1005e06c   0x00000028   Code   RO         3385    i.cb_hci_le_long_term_key_request_event  libbluenrg1_stack.a(aci_events.o)
    0x1005e094   0x1005e094   0x00000028   Code   RO         3386    i.cb_hci_le_read_local_p256_public_key_complete_event  libbluenrg1_stack.a(aci_events.o)
    0x1005e0bc   0x1005e0bc   0x0000002c   Code   RO         3387    i.cb_hci_le_read_remote_used_features_complete_event  libbluenrg1_stack.a(aci_events.o)
    0x1005e0e8   0x1005e0e8   0x0000000a   Code   RO         3388    i.cb_hci_number_of_completed_packets_event  libbluenrg1_stack.a(aci_events.o)
    0x1005e0f2   0x1005e0f2   0x00000002   PAD
    0x1005e0f4   0x1005e0f4   0x00000028   Code   RO         3389    i.cb_hci_read_remote_version_information_complete_event  libbluenrg1_stack.a(aci_events.o)
    0x1005e11c   0x1005e11c   0x00000016   Code   RO         3390    i.cb_hci_rx_acl_data_event  libbluenrg1_stack.a(aci_events.o)
    0x1005e132   0x1005e132   0x00000012   Code   RO         3178    i.char_copy         libbluenrg1_stack.a(hal.o)
    0x1005e144   0x1005e144   0x00000024   Code   RO         3921    i.convert_power     libbluenrg1_stack.a(rom_ll_routines_support.o)
    0x1005e168   0x1005e168   0x00000012   Code   RO         3271    i.copy_4_u32        libbluenrg1_stack.a(ll_isr.o)
    0x1005e17a   0x1005e17a   0x00000002   PAD
    0x1005e17c   0x1005e17c   0x00000084   Code   RO         3272    i.copy_tx_data_packet  libbluenrg1_stack.a(ll_isr.o)
    0x1005e200   0x1005e200   0x00000004   Code   RO         3192    i.data_length_extension_csr_ucfg  libbluenrg1_stack.a(hci.o)
    0x1005e204   0x1005e204   0x00000074   Code   RO         3273    i.encrypt           libbluenrg1_stack.a(ll_isr.o)
    0x1005e278   0x1005e278   0x0000006c   Code   RO         3391    i.fifoBuf_getFreeHeader  libbluenrg1_stack.a(aci_events.o)
    0x1005e2e4   0x1005e2e4   0x0000000a   Code   RO         3392    i.fifoCtrl_init     libbluenrg1_stack.a(aci_events.o)
    0x1005e2ee   0x1005e2ee   0x00000002   PAD
    0x1005e2f0   0x1005e2f0   0x00000014   Code   RO         3492    i.gapClearAllModeFlags  libbluenrg1_stack.a(gap.o)
    0x1005e304   0x1005e304   0x00000014   Code   RO         3862    i.get_adv_addr      libbluenrg1_stack.a(rom_ll_isr_routines.o)
    0x1005e318   0x1005e318   0x00000048   Code   RO         3761    i.get_advertiser    libbluenrg1_stack.a(multi_master_time.o)
    0x1005e360   0x1005e360   0x0000008c   Code   RO         3762    i.get_connection_no  libbluenrg1_stack.a(multi_master_time.o)
    0x1005e3ec   0x1005e3ec   0x00000034   Code   RO         3763    i.get_next_free_slot  libbluenrg1_stack.a(multi_master_time.o)
    0x1005e420   0x1005e420   0x00000014   Code   RO         3863    i.get_scan_addr     libbluenrg1_stack.a(rom_ll_isr_routines.o)
    0x1005e434   0x1005e434   0x00000048   Code   RO         3764    i.get_scan_connection  libbluenrg1_stack.a(multi_master_time.o)
    0x1005e47c   0x1005e47c   0x00000298   Code   RO         3864    i.go_to_connect     libbluenrg1_stack.a(rom_ll_isr_routines.o)
    0x1005e714   0x1005e714   0x00000034   Code   RO         3179    i.hal_radio_activity_state_callback_check  libbluenrg1_stack.a(hal.o)
    0x1005e748   0x1005e748   0x0000001c   Code   RO         3180    i.hal_radio_activity_state_init  libbluenrg1_stack.a(hal.o)
    0x1005e764   0x1005e764   0x00000040   Code   RO         3181    i.hal_read_radio_activity_state  libbluenrg1_stack.a(hal.o)
    0x1005e7a4   0x1005e7a4   0x00000070   Code   RO         3193    i.hci_acl_Process_Q  libbluenrg1_stack.a(hci.o)
    0x1005e814   0x1005e814   0x0000001c   Code   RO         2917    i.hci_disconnection_complete_event  sensor.o
    0x1005e830   0x1005e830   0x00000002   Code   RO         3395    i.hci_encryption_change_event  libbluenrg1_stack.a(aci_events.o)
    0x1005e832   0x1005e832   0x00000002   PAD
    0x1005e834   0x1005e834   0x0000005c   Code   RO         3712    i.hci_encryption_change_event_push  libbluenrg1_stack.a(ll_routines_master.o)
    0x1005e890   0x1005e890   0x00000002   Code   RO         3396    i.hci_encryption_key_refresh_complete_event  libbluenrg1_stack.a(aci_events.o)
    0x1005e892   0x1005e892   0x00000002   PAD
    0x1005e894   0x1005e894   0x00000058   Code   RO         3713    i.hci_encryption_key_refresh_complete_event_push  libbluenrg1_stack.a(ll_routines_master.o)
    0x1005e8ec   0x1005e8ec   0x00000002   Code   RO         3397    i.hci_hardware_error_event  libbluenrg1_stack.a(aci_events.o)
    0x1005e8ee   0x1005e8ee   0x00000002   Code   RO         3398    i.hci_le_advertising_report_event  libbluenrg1_stack.a(aci_events.o)
    0x1005e8f0   0x1005e8f0   0x00000010   Code   RO         2918    i.hci_le_connection_complete_event  sensor.o
    0x1005e900   0x1005e900   0x00000088   Code   RO         3715    i.hci_le_connection_complete_event_push  libbluenrg1_stack.a(ll_routines_master.o)
    0x1005e988   0x1005e988   0x00000002   Code   RO         3400    i.hci_le_connection_update_complete_event  libbluenrg1_stack.a(aci_events.o)
    0x1005e98a   0x1005e98a   0x00000002   PAD
    0x1005e98c   0x1005e98c   0x0000006c   Code   RO         3716    i.hci_le_connection_update_complete_event_push  libbluenrg1_stack.a(ll_routines_master.o)
    0x1005e9f8   0x1005e9f8   0x00000002   Code   RO         3401    i.hci_le_data_length_change_event  libbluenrg1_stack.a(aci_events.o)
    0x1005e9fa   0x1005e9fa   0x00000002   Code   RO         3402    i.hci_le_direct_advertising_report_event  libbluenrg1_stack.a(aci_events.o)
    0x1005e9fc   0x1005e9fc   0x00000002   Code   RO         3403    i.hci_le_enhanced_connection_complete_event  libbluenrg1_stack.a(aci_events.o)
    0x1005e9fe   0x1005e9fe   0x00000002   Code   RO         3404    i.hci_le_generate_dhkey_complete_event  libbluenrg1_stack.a(aci_events.o)
    0x1005ea00   0x1005ea00   0x00000002   Code   RO         3405    i.hci_le_long_term_key_request_event  libbluenrg1_stack.a(aci_events.o)
    0x1005ea02   0x1005ea02   0x0000000e   Code   RO         3203    i.hci_le_long_term_key_request_reply  libbluenrg1_stack.a(hci.o)
    0x1005ea10   0x1005ea10   0x0000000e   Code   RO         3204    i.hci_le_long_term_key_requested_negative_reply  libbluenrg1_stack.a(hci.o)
    0x1005ea1e   0x1005ea1e   0x00000002   Code   RO         3406    i.hci_le_read_local_p256_public_key_complete_event  libbluenrg1_stack.a(aci_events.o)
    0x1005ea20   0x1005ea20   0x00000002   Code   RO         3407    i.hci_le_read_remote_used_features_complete_event  libbluenrg1_stack.a(aci_events.o)
    0x1005ea22   0x1005ea22   0x00000016   Code   RO         3227    i.hci_le_set_scan_response_data  libbluenrg1_stack.a(hci.o)
    0x1005ea38   0x1005ea38   0x00000002   Code   RO         3408    i.hci_number_of_completed_packets_event  libbluenrg1_stack.a(aci_events.o)
    0x1005ea3a   0x1005ea3a   0x00000002   Code   RO         3409    i.hci_read_remote_version_information_complete_event  libbluenrg1_stack.a(aci_events.o)
    0x1005ea3c   0x1005ea3c   0x0000006c   Code   RO         3241    i.hci_rx_acl_data   libbluenrg1_stack.a(hci.o)
    0x1005eaa8   0x1005eaa8   0x00000004   Code   RO         3410    i.hci_rx_acl_data_event  libbluenrg1_stack.a(aci_events.o)
    0x1005eaac   0x1005eaac   0x00000048   Code   RO         3244    i.hci_tx_acl_data_done  libbluenrg1_stack.a(hci.o)
    0x1005eaf4   0x1005eaf4   0x00000010   Code   RO         3896    i.int32ToLe4Byte    libbluenrg1_stack.a(rom_ll_ll_routines.o)
    0x1005eb04   0x1005eb04   0x00000010   Code   RO         3965    i.int32ToLe4Byte    libbluenrg1_stack.a(sdb.o)
    0x1005eb14   0x1005eb14   0x00000010   Code   RO         3979    i.int32ToLe4Byte    libbluenrg1_stack.a(securitymgr.o)
    0x1005eb24   0x1005eb24   0x00000040   Code   RO         3431    i.int_cb_hci_acl_data_ind_event  libbluenrg1_stack.a(acl.o)
    0x1005eb64   0x1005eb64   0x00000054   Code   RO         3432    i.int_cb_hci_acl_data_tx_cmpl_event  libbluenrg1_stack.a(acl.o)
    0x1005ebb8   0x1005ebb8   0x00000026   Code   RO         3411    i.int_cb_hci_disconnection_complete_event  libbluenrg1_stack.a(aci_events.o)
    0x1005ebde   0x1005ebde   0x0000001a   Code   RO         3412    i.int_cb_hci_encryption_change_event  libbluenrg1_stack.a(aci_events.o)
    0x1005ebf8   0x1005ebf8   0x0000001a   Code   RO         3413    i.int_cb_hci_encryption_key_refresh_complete_event  libbluenrg1_stack.a(aci_events.o)
    0x1005ec12   0x1005ec12   0x0000001e   Code   RO         3414    i.int_cb_hci_le_advertising_report_event  libbluenrg1_stack.a(aci_events.o)
    0x1005ec30   0x1005ec30   0x00000026   Code   RO         3415    i.int_cb_hci_le_connection_complete_event  libbluenrg1_stack.a(aci_events.o)
    0x1005ec56   0x1005ec56   0x00000010   Code   RO         3416    i.int_cb_hci_le_data_length_change_event  libbluenrg1_stack.a(aci_events.o)
    0x1005ec66   0x1005ec66   0x0000001e   Code   RO         3417    i.int_cb_hci_le_direct_advertising_report_event  libbluenrg1_stack.a(aci_events.o)
    0x1005ec84   0x1005ec84   0x00000026   Code   RO         3418    i.int_cb_hci_le_enhanced_connection_complete_event  libbluenrg1_stack.a(aci_events.o)
    0x1005ecaa   0x1005ecaa   0x0000001a   Code   RO         3419    i.int_cb_hci_le_generate_dhkey_complete_event  libbluenrg1_stack.a(aci_events.o)
    0x1005ecc4   0x1005ecc4   0x0000000c   Code   RO         3420    i.int_cb_hci_le_long_term_key_request_event  libbluenrg1_stack.a(aci_events.o)
    0x1005ecd0   0x1005ecd0   0x0000001a   Code   RO         3421    i.int_cb_hci_le_read_local_p256_public_key_complete_event  libbluenrg1_stack.a(aci_events.o)
    0x1005ecea   0x1005ecea   0x0000001e   Code   RO         4096    i.is_Buffer_All_Set_To  libbluenrg1_stack.a(utils.o)
    0x1005ed08   0x1005ed08   0x00000034   Code   RO         3765    i.is_slave          libbluenrg1_stack.a(multi_master_time.o)
    0x1005ed3c   0x1005ed3c   0x00000020   Code   RO         3433    i.isr_Acl_Data_Indication_Queue_Full  libbluenrg1_stack.a(acl.o)
    0x1005ed5c   0x1005ed5c   0x00000020   Code   RO         3434    i.isr_Acl_Data_TX_Cmpl_Queue_Full  libbluenrg1_stack.a(acl.o)
    0x1005ed7c   0x1005ed7c   0x00000390   Code   RO         3275    i.isr_advertise_state  libbluenrg1_stack.a(ll_isr.o)
    0x1005f10c   0x1005f10c   0x000007d4   Code   RO         3277    i.isr_connect_slave_state  libbluenrg1_stack.a(ll_isr.o)
    0x1005f8e0   0x1005f8e0   0x00000600   Code   RO         3719    i.isr_event_handler  libbluenrg1_stack.a(ll_routines_master.o)
    0x1005fee0   0x1005fee0   0x00000002   Code   RO         3721    i.isr_event_handler_scan_data_ucfg  libbluenrg1_stack.a(ll_routines_master.o)
    0x1005fee2   0x1005fee2   0x00000002   PAD
    0x1005fee4   0x1005fee4   0x000001f4   Code   RO         3614    i.isr_postproc      libbluenrg1_stack.a(isr_postproc.o)
    0x100600d8   0x100600d8   0x00000110   Code   RO         3852    i.isr_postproc1     libbluenrg1_stack.a(rom_ll_isr_postproc.o)
    0x100601e8   0x100601e8   0x00000016   Code   RO         3853    i.isr_postproc_encrypt_data  libbluenrg1_stack.a(rom_ll_isr_postproc.o)
    0x100601fe   0x100601fe   0x00000002   PAD
    0x10060200   0x10060200   0x00000038   Code   RO         3279    i.isr_test_rx_state  libbluenrg1_stack.a(ll_isr.o)
    0x10060238   0x10060238   0x00000068   Code   RO         3280    i.isr_test_tx_state  libbluenrg1_stack.a(ll_isr.o)
    0x100602a0   0x100602a0   0x0000002c   Code   RO         3281    i.isr_unknown_state  libbluenrg1_stack.a(ll_isr.o)
    0x100602cc   0x100602cc   0x0000000a   Code   RO         3865    i.le2ByteToInt16    libbluenrg1_stack.a(rom_ll_isr_routines.o)
    0x100602d6   0x100602d6   0x00000016   Code   RO         3866    i.le4ByteToInt32    libbluenrg1_stack.a(rom_ll_isr_routines.o)
    0x100602ec   0x100602ec   0x00000016   Code   RO         3898    i.le4ByteToInt32    libbluenrg1_stack.a(rom_ll_ll_routines.o)
    0x10060302   0x10060302   0x00000004   Code   RO         3701    i.ll_write_supported_data_ucfg  libbluenrg1_stack.a(ll_routines.o)
    0x10060306   0x10060306   0x00000002   PAD
    0x10060308   0x10060308   0x00000020   Code   RO         3928    i.machine_time_trans  libbluenrg1_stack.a(rom_ll_timehandling.o)
    0x10060328   0x10060328   0x00000068   Code   RO         3008    i.main              sensordemo_main.o
    0x10060390   0x10060390   0x000000a4   Code   RO         3734    i.mem_alloc_ctx_init  libbluenrg1_stack.a(mem_alloc.o)
    0x10060434   0x10060434   0x00000008   Code   RO         3943    i.microseconds_to_machine_time  libbluenrg1_stack.a(routines_support.o)
    0x1006043c   0x1006043c   0x0000001c   Code   RO         3922    i.modulo_37         libbluenrg1_stack.a(rom_ll_routines_support.o)
    0x10060458   0x10060458   0x00000060   Code   RO         2545    i.nextRF_transaction  system_bluenrg1.o
    0x100604b8   0x100604b8   0x0000001c   Code   RO         3766    i.nsar_init         libbluenrg1_stack.a(multi_master_time.o)
    0x100604d4   0x100604d4   0x00000020   Code   RO         3767    i.nsar_insertSlotListEntry  libbluenrg1_stack.a(multi_master_time.o)
    0x100604f4   0x100604f4   0x000000c4   Code   RO         3768    i.nsar_searchBestFreeSlot  libbluenrg1_stack.a(multi_master_time.o)
    0x100605b8   0x100605b8   0x00000022   Code   RO         3770    i.nsar_updateBestFreeSlot  libbluenrg1_stack.a(multi_master_time.o)
    0x100605da   0x100605da   0x00000002   PAD
    0x100605dc   0x100605dc   0x0000006c   Code   RO         3771    i.nsar_updateSlotListEntry  libbluenrg1_stack.a(multi_master_time.o)
    0x10060648   0x10060648   0x0000007c   Code   RO         3702    i.read_rssi         libbluenrg1_stack.a(ll_routines.o)
    0x100606c4   0x100606c4   0x000000b4   Code   RO         3776    i.schedule_advertise_slot  libbluenrg1_stack.a(multi_master_time.o)
    0x10060778   0x10060778   0x00000164   Code   RO         3966    i.sdb_delete        libbluenrg1_stack.a(sdb.o)
    0x100608dc   0x100608dc   0x000000c8   Code   RO         3967    i.sdb_find_client_data  libbluenrg1_stack.a(sdb.o)
    0x100609a4   0x100609a4   0x00000018   Code   RO         3968    i.sdb_get_gatt_db_start_address  libbluenrg1_stack.a(sdb.o)
    0x100609bc   0x100609bc   0x00000020   Code   RO         3969    i.sdb_invalidate_record  libbluenrg1_stack.a(sdb.o)
    0x100609dc   0x100609dc   0x00000024   Code   RO         3970    i.sdb_read_record   libbluenrg1_stack.a(sdb.o)
    0x10060a00   0x10060a00   0x00000010   Code   RO         3971    i.sdb_read_record_validity  libbluenrg1_stack.a(sdb.o)
    0x10060a10   0x10060a10   0x0000007c   Code   RO         3972    i.sdb_write_record  libbluenrg1_stack.a(sdb.o)
    0x10060a8c   0x10060a8c   0x00000004   Code   RO         4087    i.secure_connections_csr_ucfg  libbluenrg1_stack.a(smp_scv42_sap.o)
    0x10060a90   0x10060a90   0x00000100   Code   RO         3493    i.setGapAdvData     libbluenrg1_stack.a(gap.o)
    0x10060b90   0x10060b90   0x00000088   Code   RO         3929    i.set_freq          libbluenrg1_stack.a(rom_ll_timehandling.o)
    0x10060c18   0x10060c18   0x0000001c   Code   RO         3930    i.set_sca           libbluenrg1_stack.a(rom_ll_timehandling.o)
    0x10060c34   0x10060c34   0x00000010   Code   RO         3182    i.set_string        libbluenrg1_stack.a(hal.o)
    0x10060c44   0x10060c44   0x000001a8   Code   RO         3944    i.slave_advance     libbluenrg1_stack.a(routines_support.o)
    0x10060dec   0x10060dec   0x00000110   Code   RO         3981    i.sm_RepeatedAttacks_Protection  libbluenrg1_stack.a(securitymgr.o)
    0x10060efc   0x10060efc   0x000000ca   Code   RO         4175    i.sma_CMAC_generate_tag  libbluenrg1_stack.a(smp_algo_sap.o)
    0x10060fc6   0x10060fc6   0x00000038   Code   RO         4176    i.sma_Calculate_Hash  libbluenrg1_stack.a(smp_algo_sap.o)
    0x10060ffe   0x10060ffe   0x00000080   Code   RO         4177    i.sma_generate_subkeys  libbluenrg1_stack.a(smp_algo_sap.o)
    0x1006107e   0x1006107e   0x0000002c   Code   RO         4178    i.sma_left_shift    libbluenrg1_stack.a(smp_algo_sap.o)
    0x100610aa   0x100610aa   0x00000018   Code   RO         3982    i.smp_Build_AuthReq_Field  libbluenrg1_stack.a(securitymgr.o)
    0x100610c2   0x100610c2   0x00000002   PAD
    0x100610c4   0x100610c4   0x00000044   Code   RO         3983    i.smp_Build_Pairing_ReqResp_Packet  libbluenrg1_stack.a(securitymgr.o)
    0x10061108   0x10061108   0x0000003c   Code   RO         3984    i.smp_Check_Incoming_Pairing_Parameters  libbluenrg1_stack.a(securitymgr.o)
    0x10061144   0x10061144   0x000000b8   Code   RO         3985    i.smp_Determine_Key_Association_Method  libbluenrg1_stack.a(securitymgr.o)
    0x100611fc   0x100611fc   0x00000190   Code   RO         3986    i.smp_Execute_Actions_wrt_Current_State  libbluenrg1_stack.a(securitymgr.o)
    0x1006138c   0x1006138c   0x00000002   Code   RO         3988    i.smp_Execute_Actions_wrt_Current_State_MI_excerpt_ucfg  libbluenrg1_stack.a(securitymgr.o)
    0x1006138e   0x1006138e   0x00000002   Code   RO         3992    i.smp_Execute_Actions_wrt_Current_State_sc_excerpt_phase2as2_ucfg  libbluenrg1_stack.a(securitymgr.o)
    0x10061390   0x10061390   0x00000004   Code   RO         3994    i.smp_Execute_Actions_wrt_Current_State_sc_excerpt_phase_1_to_2_ucfg  libbluenrg1_stack.a(securitymgr.o)
    0x10061394   0x10061394   0x00000090   Code   RO         3995    i.smp_Get_Long_Term_Key  libbluenrg1_stack.a(securitymgr.o)
    0x10061424   0x10061424   0x00000088   Code   RO         3996    i.smp_Get_Pairing_Parameters_From_Peer_Packet  libbluenrg1_stack.a(securitymgr.o)
    0x100614ac   0x100614ac   0x00000034   Code   RO         4065    i.smp_Keys_Distribution_Complete  libbluenrg1_stack.a(smp_common.o)
    0x100614e0   0x100614e0   0x0000011c   Code   RO         3997    i.smp_Keys_Distribution_Send  libbluenrg1_stack.a(securitymgr.o)
    0x100615fc   0x100615fc   0x00000004   Code   RO         4000    i.smp_MI_Start_Encryption_ucfg  libbluenrg1_stack.a(securitymgr.o)
    0x10061600   0x10061600   0x00000004   Code   RO         4002    i.smp_Process_Rx_Packet_Exception_Cases_sc_excerpt_ucfg  libbluenrg1_stack.a(securitymgr.o)
    0x10061604   0x10061604   0x000000f4   Code   RO         4003    i.smp_Process_Rx_Packet_wrt_Current_State  libbluenrg1_stack.a(securitymgr.o)
    0x100616f8   0x100616f8   0x00000004   Code   RO         4005    i.smp_Process_Rx_Packet_wrt_Current_State_MI_excerpt_ucfg  libbluenrg1_stack.a(securitymgr.o)
    0x100616fc   0x100616fc   0x00000004   Code   RO         4007    i.smp_Process_Rx_Packet_wrt_Current_State_sc_excerpt_ucfg  libbluenrg1_stack.a(securitymgr.o)
    0x10061700   0x10061700   0x00000020   Code   RO         4008    i.smp_Reset_Timer   libbluenrg1_stack.a(securitymgr.o)
    0x10061720   0x10061720   0x00000174   Code   RO         4009    i.smp_SR_Compute_c1_Confirm_Value  libbluenrg1_stack.a(securitymgr.o)
    0x10061894   0x10061894   0x00000078   Code   RO         4010    i.smp_Set_Key_Association_Method  libbluenrg1_stack.a(securitymgr.o)
    0x1006190c   0x1006190c   0x00000010   Code   RO         4066    i.smp____PairingFailed_Receive  libbluenrg1_stack.a(smp_common.o)
    0x1006191c   0x1006191c   0x00000074   Code   RO         4067    i.smp____Pairing_Process_Abort  libbluenrg1_stack.a(smp_common.o)
    0x10061990   0x10061990   0x0000007c   Code   RO         4016    i.smp____SR_PairingConfirm_Receive  libbluenrg1_stack.a(securitymgr.o)
    0x10061a0c   0x10061a0c   0x00000130   Code   RO         4017    i.smp____SR_PairingRandom_Receive  libbluenrg1_stack.a(securitymgr.o)
    0x10061b3c   0x10061b3c   0x000001c0   Code   RO         4018    i.smp____SR_PairingRequest_Receive  libbluenrg1_stack.a(securitymgr.o)
    0x10061cfc   0x10061cfc   0x0000014c   Code   RO         4068    i.smp_add_to_sdb    libbluenrg1_stack.a(smp_common.o)
    0x10061e48   0x10061e48   0x00000040   Code   RO         4069    i.smp_find_remote_device_index  libbluenrg1_stack.a(smp_common.o)
    0x10061e88   0x10061e88   0x0000001e   Code   RO         4070    i.smp_get_CSRK      libbluenrg1_stack.a(smp_common.o)
    0x10061ea6   0x10061ea6   0x00000002   PAD
    0x10061ea8   0x10061ea8   0x00000040   Code   RO         4071    i.smp_get_local_identity_address  libbluenrg1_stack.a(smp_common.o)
    0x10061ee8   0x10061ee8   0x00000036   Code   RO         4073    i.smp_keys_distribution_start  libbluenrg1_stack.a(smp_common.o)
    0x10061f1e   0x10061f1e   0x000000d6   Code   RO         4074    i.smp_keys_receiving  libbluenrg1_stack.a(smp_common.o)
    0x10061ff4   0x10061ff4   0x0000003c   Code   RO         4075    i.smp_oob_check_is_remote_data_present  libbluenrg1_stack.a(smp_common.o)
    0x10062030   0x10062030   0x00000036   Code   RO         4077    i.smp_pairing_2octets_packet_send  libbluenrg1_stack.a(smp_common.o)
    0x10062066   0x10062066   0x00000002   PAD
    0x10062068   0x10062068   0x00000090   Code   RO         4078    i.smp_pairing_completed  libbluenrg1_stack.a(smp_common.o)
    0x100620f8   0x100620f8   0x0000002a   Code   RO         4079    i.smp_pairing_failed_send  libbluenrg1_stack.a(smp_common.o)
    0x10062122   0x10062122   0x00000002   Code   RO         4030    i.smp_sc_SR_PairingConfirm_Receive_sc_excerpt_ucfg  libbluenrg1_stack.a(securitymgr.o)
    0x10062124   0x10062124   0x00000002   Code   RO         4032    i.smp_sc_SR_PairingRandom_Receive_sc_excerpt_ucfg  libbluenrg1_stack.a(securitymgr.o)
    0x10062126   0x10062126   0x00000002   Code   RO         4034    i.smp_sc_SR_Pairing_Phase_2AS1_Start_sc_excerpt_ucfg  libbluenrg1_stack.a(securitymgr.o)
    0x10062128   0x10062128   0x00000002   Code   RO         4186    i.smp_sc_check_for_ecc_pk_generation_request_ucfg  libbluenrg1_stack.a(smp_scv42_caf.o)
    0x1006212a   0x1006212a   0x00000004   Code   RO         4188    i.smp_sc_continue_on_exclusive_sc_pairing_ucfg  libbluenrg1_stack.a(smp_scv42_caf.o)
    0x1006212e   0x1006212e   0x00000002   Code   RO         4089    i.smp_sc_hci_le_generate_dhkey_complete_evt_hndl_ucfg  libbluenrg1_stack.a(smp_scv42_sap.o)
    0x10062130   0x10062130   0x00000002   Code   RO         4091    i.smp_sc_hci_le_read_local_p256_public_key_complete_evt_hndl_ucfg  libbluenrg1_stack.a(smp_scv42_sap.o)
    0x10062132   0x10062132   0x00000002   Code   RO         4193    i.smp_sc_init_ucfg  libbluenrg1_stack.a(smp_scv42_caf.o)
    0x10062134   0x10062134   0x00000038   Code   RO         4194    i.smp_sc_is_any_other_sc_pairing_ongoing  libbluenrg1_stack.a(smp_scv42_caf.o)
    0x1006216c   0x1006216c   0x00000002   Code   RO         4203    i.smp_sc_update_statistics_on_pairing_complete_ucfg  libbluenrg1_stack.a(smp_scv42_caf.o)
    0x1006216e   0x1006216e   0x0000001e   Code   RO         4035    i.smp_send_packet   libbluenrg1_stack.a(securitymgr.o)
    0x1006218c   0x1006218c   0x000000bc   Code   RO         3777    i.start_timebase    libbluenrg1_stack.a(multi_master_time.o)
    0x10062248   0x10062248   0x00000002   Code   RO         3282    i.state_func_call_init_csr_ucfg  libbluenrg1_stack.a(ll_isr.o)
    0x1006224a   0x1006224a   0x0000001e   Code   RO         3611    i.store_data        libbluenrg1_stack.a(gatt_server.o)
    0x10062268   0x10062268   0x0000013c   Code   RO         3945    i.swap_slaves       libbluenrg1_stack.a(routines_support.o)
    0x100623a4   0x100623a4   0x0000000a   Code   RO         3778    i.swap_u16          libbluenrg1_stack.a(multi_master_time.o)
    0x100623ae   0x100623ae   0x0000000a   Code   RO         3946    i.swap_u16          libbluenrg1_stack.a(routines_support.o)
    0x100623b8   0x100623b8   0x0000000a   Code   RO         3947    i.swap_u32          libbluenrg1_stack.a(routines_support.o)
    0x100623c2   0x100623c2   0x0000000a   Code   RO         3948    i.swap_u8           libbluenrg1_stack.a(routines_support.o)
    0x100623cc   0x100623cc   0x00000010   Code   RO         3931    i.system_time_trans  libbluenrg1_stack.a(rom_ll_timehandling.o)
    0x100623dc   0x100623dc   0x00000030   Code   RO         3932    i.system_time_trans_ext  libbluenrg1_stack.a(rom_ll_timehandling.o)
    0x1006240c   0x1006240c   0x0000000e   Code   RO         3933    i.time_offset1      libbluenrg1_stack.a(rom_ll_timehandling.o)
    0x1006241a   0x1006241a   0x00000002   PAD
    0x1006241c   0x1006241c   0x00000010   Code   RO         3934    i.time_offset2      libbluenrg1_stack.a(rom_ll_timehandling.o)
    0x1006242c   0x1006242c   0x0000003c   Code   RO         3779    i.timebase_start_connect  libbluenrg1_stack.a(multi_master_time.o)
    0x10062468   0x10062468   0x0000002e   Code   RO         3867    i.unpack_channel_map  libbluenrg1_stack.a(rom_ll_isr_routines.o)
    0x10062496   0x10062496   0x00000048   Code   RO         3868    i.unpack_update_request  libbluenrg1_stack.a(rom_ll_isr_routines.o)
    0x100624de   0x100624de   0x00000024   Code   RO         3854    i.wait_for_aes_ready  libbluenrg1_stack.a(rom_ll_isr_postproc.o)
    0x10062502   0x10062502   0x00000002   PAD
    0x10062504   0x10062504   0x00000003   Data   RO         1948    .constdata          lsm6ds3.o
    0x10062507   0x10062507   0x00000001   PAD
    0x10062508   0x10062508   0x00000008   Data   RO         2230    .constdata          sdk_eval_config.o
    0x10062510   0x10062510   0x00000004   Data   RO         2231    .constdata          sdk_eval_config.o
    0x10062514   0x10062514   0x00000004   Data   RO         2232    .constdata          sdk_eval_config.o
    0x10062518   0x10062518   0x00000004   Data   RO         2233    .constdata          sdk_eval_config.o
    0x1006251c   0x1006251c   0x00000004   Data   RO         2234    .constdata          sdk_eval_config.o
    0x10062520   0x10062520   0x00000004   Data   RO         2235    .constdata          sdk_eval_config.o
    0x10062524   0x10062524   0x00000004   Data   RO         2236    .constdata          sdk_eval_config.o
    0x10062528   0x10062528   0x00000004   Data   RO         2237    .constdata          sdk_eval_config.o
    0x1006252c   0x1006252c   0x00000004   Data   RO         2238    .constdata          sdk_eval_config.o
    0x10062530   0x10062530   0x0000000c   Data   RO         2243    .constdata          sdk_eval_config.o
    0x1006253c   0x1006253c   0x00000004   Data   RO         2244    .constdata          sdk_eval_config.o
    0x10062540   0x10062540   0x00000004   Data   RO         2248    .constdata          sdk_eval_config.o
    0x10062544   0x10062544   0x00000004   Data   RO         2249    .constdata          sdk_eval_config.o
    0x10062548   0x10062548   0x00000004   Data   RO         2250    .constdata          sdk_eval_config.o
    0x1006254c   0x1006254c   0x00000004   Data   RO         2251    .constdata          sdk_eval_config.o
    0x10062550   0x10062550   0x00000004   Data   RO         2252    .constdata          sdk_eval_config.o
    0x10062554   0x10062554   0x00000004   Data   RO         2253    .constdata          sdk_eval_config.o
    0x10062558   0x10062558   0x00000004   Data   RO         2254    .constdata          sdk_eval_config.o
    0x1006255c   0x1006255c   0x00000034   Data   RO         3009    .constdata          sensordemo_main.o
    0x10062590   0x10062590   0x0000001a   Data   RO         3283    .constdata          libbluenrg1_stack.a(ll_isr.o)
    0x100625aa   0x100625aa   0x00000002   PAD
    0x100625ac   0x100625ac   0x0000011c   Data   RO         3422    .constdata          libbluenrg1_stack.a(aci_events.o)
    0x100626c8   0x100626c8   0x00000010   Data   RO         3935    .constdata          libbluenrg1_stack.a(rom_ll_timehandling.o)
    0x100626d8   0x100626d8   0x00000019   Data   RO         4036    .constdata          libbluenrg1_stack.a(securitymgr.o)
    0x100626f1   0x100626f1   0x00000010   Data   RO         4124    .constdata          libbluenrg1_stack.a(att.o)
    0x10062701   0x10062701   0x00000003   PAD
    0x10062704   0x10062704   0x00000090   Data   RO         4314    Region$$Table       anon$$obj.o


    Execution Region BLOCK_STACKLIB_FLASH_DATA (Exec base: 0x10067000, Load base: 0x10062794, Size: 0x00000838, Max: 0x00001000, ABSOLUTE, UNINIT)

    Exec Addr    Load Addr    Size         Type   Attr      Idx    E Section Name        Object

    0x10067000        -       0x00000800   Zero   RW         3012    .noinit.stacklib_flash_data  sensordemo_main.o
    0x10067800        -       0x00000038   Zero   RW         3013    .noinit.stacklib_stored_device_id_data  sensordemo_main.o


    Execution Region ota_sw_activation_block (Exec base: 0x20000004, Load base: 0x10062794, Size: 0x00000004, Max: 0x00000004, ABSOLUTE, UNINIT)

    Exec Addr    Load Addr    Size         Type   Attr      Idx    E Section Name        Object

    0x20000004        -       0x00000004   Zero   RW         2556    .ota_sw_activation  system_bluenrg1.o


    Execution Region savedMSP_block (Exec base: 0x20000008, Load base: 0x10062794, Size: 0x00000004, Max: 0x00000004, ABSOLUTE)

    Exec Addr    Load Addr    Size         Type   Attr      Idx    E Section Name        Object

    0x20000008   0x10062794   0x00000004   Data   RW         2558    .savedMSP           system_bluenrg1.o


    Execution Region wakeupFromSleepFlag_block (Exec base: 0x2000000c, Load base: 0x10062798, Size: 0x00000004, Max: 0x00000004, ABSOLUTE)

    Exec Addr    Load Addr    Size         Type   Attr      Idx    E Section Name        Object

    0x2000000c   0x10062798   0x00000001   Data   RW         2559    .wakeupFromSleepFlag  system_bluenrg1.o


    Execution Region app_base_block (Exec base: 0x20000010, Load base: 0x1006279c, Size: 0x00000004, Max: 0x00000004, ABSOLUTE)

    Exec Addr    Load Addr    Size         Type   Attr      Idx    E Section Name        Object

    0x20000010   0x1006279c   0x00000004   Data   RW         2547    .app_base           system_bluenrg1.o


    Execution Region flash_sw_lock_block (Exec base: 0x20000014, Load base: 0x100627a0, Size: 0x00000004, Max: 0x00000004, ABSOLUTE)

    Exec Addr    Load Addr    Size         Type   Attr      Idx    E Section Name        Object

    0x20000014   0x100627a0   0x00000004   Data   RW         2554    .flash_sw_lock      system_bluenrg1.o


    Execution Region rfTimeout_block (Exec base: 0x20000018, Load base: 0x100627a4, Size: 0x00000004, Max: 0x00000004, ABSOLUTE)

    Exec Addr    Load Addr    Size         Type   Attr      Idx    E Section Name        Object

    0x20000018   0x100627a4   0x00000004   Data   RW         2557    .rfTimeout          system_bluenrg1.o


    Execution Region Blue_Flag_Ram_block (Exec base: 0x20000030, Load base: 0x100627a8, Size: 0x00000004, Max: 0x00000004, ABSOLUTE)

    Exec Addr    Load Addr    Size         Type   Attr      Idx    E Section Name        Object

    0x20000030   0x100627a8   0x00000004   Data   RW         2546    .__blueflag_RAM     system_bluenrg1.o


    Execution Region Crash_Info_block (Exec base: 0x20000034, Load base: 0x100627ac, Size: 0x00000000, Max: 0x00000028, ABSOLUTE, UNINIT)

    **** No section assigned to this execution region ****


    Execution Region BLUE (Exec base: 0x200000c0, Load base: 0x100627ac, Size: 0x0000020c, Max: 0x0000020c, ABSOLUTE, COMPRESSED[0x00000008])

    Exec Addr    Load Addr    Size         Type   Attr      Idx    E Section Name        Object

    0x200000c0   COMPRESSED   0x0000020c   Data   RW         2549    .bss.__blue_RAM     system_bluenrg1.o


    Execution Region REGION_RAM2 (Exec base: 0x200002cc, Load base: 0x100627b4, Size: 0x000001b0, Max: 0x00005d34, ABSOLUTE)

    Exec Addr    Load Addr    Size         Type   Attr      Idx    E Section Name        Object

    0x200002cc   0x100627b4   0x00000004   Data   RW           10    .data               clock.o
    0x200002d0   0x100627b8   0x00000008   Data   RW          747    .data               bluenrg1_i2c.o
    0x200002d8   0x100627c0   0x00000034   Data   RW         1874    .data               lps25hb.o
    0x2000030c   0x100627f4   0x00000001   Data   RW         1875    .data               lps25hb.o
    0x2000030d   0x100627f5   0x00000003   PAD
    0x20000310   0x100627f8   0x00000040   Data   RW         1949    .data               lsm6ds3.o
    0x20000350   0x10062838   0x0000000c   Data   RW         1950    .data               lsm6ds3.o
    0x2000035c   0x10062844   0x00000001   Data   RW         2255    .data               sdk_eval_config.o
    0x2000035d   0x10062845   0x00000003   PAD
    0x20000360   0x10062848   0x00000004   Data   RW         2256    .data               sdk_eval_config.o
    0x20000364   0x1006284c   0x00000004   Data   RW         2550    .data               system_bluenrg1.o
    0x20000368   0x10062850   0x00000004   Data   RW         2551    .data               system_bluenrg1.o
    0x2000036c   0x10062854   0x00000004   Data   RW         2552    .data               system_bluenrg1.o
    0x20000370   0x10062858   0x00000007   Data   RW         2553    .data               system_bluenrg1.o
    0x20000377   0x1006285f   0x00000001   PAD
    0x20000378   0x10062860   0x0000000c   Data   RW         2823    .data               gatt_db.o
    0x20000384   0x1006286c   0x00000018   Data   RW         2921    .data               sensor.o
    0x2000039c   0x10062884   0x00000002   Data   RW         3010    .data               sensordemo_main.o
    0x2000039e   0x10062886   0x00000002   PAD
    0x200003a0   0x10062888   0x00000048   Data   RW         3284    .data               libbluenrg1_stack.a(ll_isr.o)
    0x200003e8   0x100628d0   0x00000004   Data   RW         3736    .data               libbluenrg1_stack.a(mem_alloc.o)
    0x200003ec        -       0x00000020   Zero   RW         2548    .bss                system_bluenrg1.o
    0x2000040c        -       0x00000030   Zero   RW         2822    .bss                gatt_db.o
    0x2000043c        -       0x0000000c   Zero   RW         2920    .bss                sensor.o
    0x20000448        -       0x00000034   Zero   RW         3735    .bss                libbluenrg1_stack.a(mem_alloc.o)


    Execution Region REGION_RAM3 (Exec base: 0x2000047c, Load base: 0x100628d4, Size: 0x00002204, Max: 0x00005d34, ABSOLUTE, UNINIT)

    Exec Addr    Load Addr    Size         Type   Attr      Idx    E Section Name        Object

    0x2000047c        -       0x00002204   Zero   RW         3011    .noinit.data        sensordemo_main.o


    Execution Region ARM_LIB_STACKHEAP (Exec base: 0x20005400, Load base: 0x100628d4, Size: 0x00000c00, Max: 0x00000c00, ABSOLUTE)

    Exec Addr    Load Addr    Size         Type   Attr      Idx    E Section Name        Object

    0x20005400        -       0x00000c00   Zero   RW            2    ARM_LIB_STACKHEAP.bss  anon$$obj.o


==============================================================================

Image component sizes


      Code (inc. data)   RO Data    RW Data    ZI Data      Debug   Object Name

       116         34          0          0          0       2382   bluenrg1_flash.o
       348         12          0          0          0       7592   bluenrg1_gpio.o
       294         22          0          8          0       7284   bluenrg1_i2c.o
       100         12          0          0          0       4033   bluenrg1_it.o
        20          0          0          0          0        540   bluenrg1_pka.o
       348         64          0          0          0       7380   bluenrg1_spi.o
       180         20          0          0          0       1724   bluenrg1_sysctrl.o
       364         22          0          0          0       2663   bluenrg1_uart.o
        16          6          0          4          0      50059   clock.o
       160         36          0          0          0        536   context_switch.o
      1336        102          0         12         48      23319   gatt_db.o
       524         44          0         53          0       9302   lps25hb.o
      2800        256          3         76          0      27877   lsm6ds3.o
       136         12          0          0          0       7020   misc.o
       108         14          0          0          0      10298   miscutil.o
        24          0          0          0          0       1970   osal.o
        44         18          0          0          0       8802   ota_btl.o
       100          4          0          0          0       2032   sdk_eval_button.o
       160         16          0          0          0        749   sdk_eval_com.o
        24         10         84          5          0       3913   sdk_eval_config.o
       760         54          0          0          0       3348   sdk_eval_i2c.o
       154          4          0          0          0       3584   sdk_eval_led.o
       508         42          0          0          0       3048   sdk_eval_spi.o
       586         76          0         24         12       9429   sensor.o
       104          6         52          2      10812       3938   sensordemo_main.o
      1040        126        192        564         36      21105   system_bluenrg1.o

    ----------------------------------------------------------------------
     10384       1012        476        760      16028     223927   Object Totals
         0          0        144          0       5120          0   (incl. Generated)
        30          0          1         12          0          0   (incl. Padding)

    ----------------------------------------------------------------------

      Code (inc. data)   RO Data    RW Data    ZI Data      Debug   Library Member Name

      3114        270        284          0          0          0   aci_events.o
       468         38          0          0          0          0   acl.o
       268          0          0          0          0          0   acl_list.o
      1596         40          0          0          0          0   advance_wakeup_time.o
      5784         66         16          0          0          0   att.o
       350         14          0          0          0          0   bluenrg_gap_aci.o
       288          0          0          0          0          0   bluenrg_gatt_aci.o
        16          0          0          0          0          0   bluenrg_hal_aci.o
      1020        102          0          0          0          0   bluenrg_main_func.o
        88         10          0          0          0          0   bluenrg_main_func_speed.o
       296         18          0          0          0          0   device_id_data.o
      1978         80          0          0          0          0   gap.o
        60          4          0          0          0          0   gatt_client.o
      8210        230          0          0          0          0   gatt_server.o
       750         42          0          0          0          0   hal.o
       496         30          0          0          0          0   hci.o
       948        124          0          0          0          0   host_timer.o
       500         32          0          0          0          0   isr_postproc.o
       344         18          0          0          0          0   isr_routines.o
      1782         62          0          0          0          0   l2cap.o
      3958        186         26         72          0          0   ll_isr.o
       452         42          0          0          0          0   ll_privacy.o
       374         26          0          0          0          0   ll_routines.o
      1964         38          0          0          0          0   ll_routines_master.o
       316         34          0          0          0          0   ll_routines_support.o
       796         20          0          4         52          0   mem_alloc.o
      1122          0          0          0          0          0   mem_buff.o
      2972        158          0          0          0          0   multi_master_time.o
        76         16          0          0          0          0   nvm.o
       690         42          0          0          0          0   pm.o
       344          0          0          0          0          0   rom_att.o
       700         36          0          0          0          0   rom_gap.o
       148         16          0          0          0          0   rom_gap_rom.o
       146          4          0          0          0          0   rom_gatt_server.o
       114          0          0          0          0          0   rom_list.o
       330          8          0          0          0          0   rom_ll_isr_postproc.o
      1168         54          0          0          0          0   rom_ll_isr_routines.o
      3032        184          0          0          0          0   rom_ll_ll_routines.o
       124         22          0          0          0          0   rom_ll_routines_support.o
       316         44         16          0          0          0   rom_ll_timehandling.o
      1278         52          0          0          0          0   routines_support.o
      2536         64          0          0          0          0   sdb.o
      3680        104         25          0          0          0   securitymgr.o
       832         26          0          0          0          0   smp_algo_sap.o
      3242         90          0          0          0          0   smp_common.o
        66          4          0          0          0          0   smp_scv42_caf.o
        40          0          0          0          0          0   smp_scv42_sap.o
        44          0          0          0          0          0   utils.o
        86          0          0          0          0          0   __dczerorl2.o
         0          0          0          0          0          0   entry.o
         0          0          0          0          0          0   entry10a.o
         0          0          0          0          0          0   entry11a.o
         8          4          0          0          0          0   entry3.o
         4          0          0          0          0          0   entry5.o
         0          0          0          0          0          0   entry7b.o
         0          0          0          0          0          0   entry8b.o
         8          4          0          0          0          0   entry9a.o
        30          0          0          0          0          0   handlers.o
        36          8          0          0          0         68   init.o
         0          0          0          0          0          0   iusefp.o
        26          0          0          0          0         72   memcmp.o
        66          0          0          0          0         68   memmove.o
        36          0          0          0          0        100   memseta.o
        44          0          0          0          0         72   uidiv.o
        20          0          0          0          0         60   uread4.o
       178          0          0          0          0        108   fadd.o
       124          0          0          0          0         72   fdiv.o
       130          0          0          0          0        144   fepilogue.o
        50          0          0          0          0         60   ffixi.o
        22          0          0          0          0         68   fflti.o
        14          0          0          0          0         68   ffltui.o
       122          0          0          0          0         72   fmul.o
        24          0          0          0          0         60   fscalb.o

    ----------------------------------------------------------------------
     60340       2466        372         76         52       1092   Library Totals
        96          0          5          0          0          0   (incl. Padding)

    ----------------------------------------------------------------------

      Code (inc. data)   RO Data    RW Data    ZI Data      Debug   Library Name

     59216       2450        367         76         52          0   libbluenrg1_stack.a
       364         16          0          0          0        440   mc_p.l
       664          0          0          0          0        652   mf_p.l

    ----------------------------------------------------------------------
     60340       2466        372         76         52       1092   Library Totals

    ----------------------------------------------------------------------

==============================================================================


      Code (inc. data)   RO Data    RW Data    ZI Data      Debug   

     70724       3478        848        836      16080     218423   Grand Totals
     70724       3478        848        320      16080     218423   ELF Image Totals (compressed)
     70724       3478        848        320          0          0   ROM Totals

==============================================================================

    Total RO  Size (Code + RO Data)                71572 (  69.89kB)
    Total RW  Size (RW Data + ZI Data)             16916 (  16.52kB)
    Total ROM Size (Code + RO Data + RW Data)      71892 (  70.21kB)

==============================================================================

