<html>
<body>
<pre>
<h1>µVision Build Log</h1>
<h2>Tool Versions:</h2>
IDE-Version: µVision V5.26.2.0
Copyright (C) 2018 ARM Ltd and ARM Germany GmbH. All rights reserved.
License Information: Xavier Beaule Ecole Polytechnique de Montreal Flex license: MDK-ARM Professional: 250 user(s) (mdk_pro) Operation stops: 18 Feb 2020
 
Tool Versions:
Toolchain:       MDK-ARM Professional: 250 user(s)  Version: 5.26.2.0
Toolchain Path:  C:\Keil_v5\ARM\ARMCC\Bin
C Compiler:      Armcc.exe V5.06 update 6 (build 750)
Assembler:       Armasm.exe V5.06 update 6 (build 750)
Linker/Locator:  ArmLink.exe V5.06 update 6 (build 750)
Library Manager: ArmAr.exe V5.06 update 6 (build 750)
Hex Converter:   FromElf.exe V5.06 update 6 (build 750)
CPU DLL:         SARMCM3.DLL V5.26.2.0
Dialog DLL:      DARMCM1.DLL V1.19.1.0
Target DLL:      STLink\ST-LINKIII-KEIL_SWO.dll V3.0.5.0
Dialog DLL:      TARMCM1.DLL V1.14.0.0
 
<h2>Project:</h2>
C:\Users\Xavier\ST\BlueNRG-1_2 DK 3.1.0\Project\BLE_Examples\BLE_SensorDemo\MDK-ARM\STEVAL-IDB007V1M\BLE_SensorDemo.uvprojx
Project File Date:  02/22/2019

<h2>Output:</h2>
*** Using Compiler 'V5.06 update 6 (build 750)', folder: 'C:\Keil_v5\ARM\ARMCC\Bin'
Rebuild target 'Use_OTA_ServiceManager'
assembling context_switch.s...
compiling clock.c...
compiling osal.c...
compiling BlueNRG1_spi.c...
compiling BlueNRG1_flash.c...
compiling miscutil.c...
compiling BlueNRG1_adc.c...
compiling BlueNRG1_pka.c...
compiling BlueNRG1_sysCtrl.c...
compiling BlueNRG1_dma.c...
compiling BlueNRG1_mft.c...
compiling BlueNRG1_gpio.c...
compiling BlueNRG1_rtc.c...
compiling BlueNRG1_i2c.c...
compiling BlueNRG1_wdg.c...
compiling misc.c...
compiling BlueNRG1_uart.c...
compiling sleep.c...
compiling stack_user_cfg.c...
compiling LPS25HB.c...
compiling OTA_btl.c...
compiling SDK_EVAL_Button.c...
compiling SDK_EVAL_Config.c...
compiling SDK_EVAL_Com.c...
compiling SDK_EVAL_Led.c...
compiling LSM6DS3.c...
compiling BlueNRG1_it.c...
compiling system_bluenrg1.c...
compiling SDK_EVAL_SPI.c...
compiling SDK_EVAL_I2C.c...
compiling sensor.c...
compiling gatt_db.c...
compiling SensorDemo_main.c...
linking...
Program Size: Code=70724 RO-data=848 RW-data=836 ZI-data=16080  
FromELF: creating hex file...
After Build - User command #1: fromelf.exe --bin Use_OTA_ServiceManager\Objects\BLE_SensorDemo_Use_OTA_ServiceManager.axf --output Use_OTA_ServiceManager\Objects\BLE_SensorDemo_Use_OTA_ServiceManager.bin
".\Use_OTA_ServiceManager\Objects\BLE_SensorDemo_Use_OTA_ServiceManager.axf" - 0 Error(s), 0 Warning(s).

<h2>Software Packages used:</h2>

Package Vendor: Keil
                http://www.keil.com/pack/Keil.STBlueNRG-1_DFP.1.2.0.pack
                Keil.STBlueNRG-1_DFP.1.2.0
                STMicroelectronics BlueNRG-1 Series Device Support

<h2>Collection of Component include folders:</h2>
  .\RTE\_Use_OTA_ServiceManager

<h2>Collection of Component Files used:</h2>
Build Time Elapsed:  00:00:02
</pre>
</body>
</html>
