<html>
<body>
<pre>
<h1>µVision Build Log</h1>
<h2>Tool Versions:</h2>
IDE-Version: µVision V5.26.2.0
Copyright (C) 2018 ARM Ltd and ARM Germany GmbH. All rights reserved.
License Information: Xavier Beaule Ecole Polytechnique de Montreal Flex license: MDK-ARM Professional: 250 user(s) (mdk_pro) Operation stops: 18 Feb 2020
 
Tool Versions:
Toolchain:       MDK-ARM Professional: 250 user(s)  Version: 5.26.2.0
Toolchain Path:  C:\Keil_v5\ARM\ARMCC\Bin
C Compiler:      Armcc.exe V5.06 update 6 (build 750)
Assembler:       Armasm.exe V5.06 update 6 (build 750)
Linker/Locator:  ArmLink.exe V5.06 update 6 (build 750)
Library Manager: ArmAr.exe V5.06 update 6 (build 750)
Hex Converter:   FromElf.exe V5.06 update 6 (build 750)
CPU DLL:         SARMCM3.DLL V5.26.2.0
Dialog DLL:      DARMCM1.DLL V1.19.1.0
Target DLL:      STLink\ST-LINKIII-KEIL_SWO.dll V3.0.5.0
Dialog DLL:      TARMCM1.DLL V1.14.0.0
 
<h2>Project:</h2>
C:\Users\Xavier\Documents\BlueNRG 2 - Programmation\Project_SPBTLE-1S\BLE_Examples\BLE_SensorDemo\MDK-ARM\STEVAL-IDB007V1M\BLE_SensorDemo.uvprojx
Project File Date:  02/27/2019

<h2>Output:</h2>
*** Using Compiler 'V5.06 update 6 (build 750)', folder: 'C:\Keil_v5\ARM\ARMCC\Bin'
Build target 'Release'
compiling gatt_db.c...
linking...
Program Size: Code=96816 RO-data=1488 RW-data=812 ZI-data=16360  
FromELF: creating hex file...
After Build - User command #1: fromelf.exe --bin Release\Objects\BLE_SensorDemo.axf --output Release\Objects\BLE_SensorDemo.bin
".\Release\Objects\BLE_SensorDemo.axf" - 0 Error(s), 0 Warning(s).

<h2>Software Packages used:</h2>

Package Vendor: Keil
                http://www.keil.com/pack/Keil.STBlueNRG-1_DFP.1.2.0.pack
                Keil.STBlueNRG-1_DFP.1.2.0
                STMicroelectronics BlueNRG-1 Series Device Support

<h2>Collection of Component include folders:</h2>
  .\RTE\_Release

<h2>Collection of Component Files used:</h2>
Build Time Elapsed:  00:00:01
</pre>
</body>
</html>
