Component: ARM Compiler 5.06 update 6 (build 750) Tool: armlink [4d35ed]

==============================================================================

Section Cross References

    clock.o(i.Clock_Time) refers to clock.o(.data) for .data
    clock.o(i.Clock_Wait) refers to clock.o(.data) for .data
    clock.o(i.SysCount_Handler) refers to clock.o(.data) for .data
    context_switch.o(. text) refers to system_bluenrg1.o(.savedMSP) for savedMSP
    context_switch.o(. text) refers to system_bluenrg1.o(.data) for savedICSR
    context_switch.o(. text) refers to system_bluenrg1.o(.data) for savedSHCSR
    context_switch.o(. text) refers to system_bluenrg1.o(.data) for savedNVIC_ISPR
    miscutil.o(i.BLEPLAT_get_part_info) refers to miscutil.o(i.HAL_GetPartInfo) for HAL_GetPartInfo
    miscutil.o(i.HAL_CrashHandler) refers to uwrite4.o(.text) for __aeabi_uwrite4
    miscutil.o(i.HAL_CrashHandler) refers to miscutil.o(.__crash_RAM) for .__crash_RAM
    miscutil.o(i.HAL_GetCrashInfo) refers to memmove.o(.text) for __aeabi_memcpy
    miscutil.o(i.HAL_GetCrashInfo) refers to uwrite4.o(.text) for __aeabi_uwrite4
    miscutil.o(i.HAL_GetCrashInfo) refers to miscutil.o(.__crash_RAM) for .__crash_RAM
    osal.o(i.Osal_MemCmp) refers to memcmp.o(.text) for memcmp
    osal.o(i.Osal_MemCpy) refers to memmove.o(.text) for memcpy
    osal.o(i.Osal_MemSet) refers to memseta.o(.text) for memset
    sleep.o(i.BlueNRG_InternalSleep) refers to miscutil.o(i.HAL_GetPartInfo) for HAL_GetPartInfo
    sleep.o(i.BlueNRG_InternalSleep) refers to system_bluenrg1.o(i.SET_BORconfigStatus) for SET_BORconfigStatus
    sleep.o(i.BlueNRG_InternalSleep) refers to misc.o(i.SystemSleepCmd) for SystemSleepCmd
    sleep.o(i.BlueNRG_InternalSleep) refers to context_switch.o(. text) for CS_contextSave
    sleep.o(i.BlueNRG_InternalSleep) refers to system_bluenrg1.o(.intvec) for __vector_table
    sleep.o(i.BlueNRG_InternalSleep) refers to sleep.o(.data) for .data
    sleep.o(i.BlueNRG_InternalSleep) refers to sleep.o(.bss) for .bss
    sleep.o(i.BlueNRG_InternalSleep) refers to system_bluenrg1.o(.flash_sw_lock) for flash_sw_lock
    sleep.o(i.BlueNRG_InternalSleep) refers to system_bluenrg1.o(.rfTimeout) for rfTimeout
    sleep.o(i.BlueNRG_InternalSleep) refers to system_bluenrg1.o(.wakeupFromSleepFlag) for wakeupFromSleepFlag
    sleep.o(i.BlueNRG_InternalSleep) refers to system_bluenrg1.o(i.DeviceConfiguration) for DeviceConfiguration
    sleep.o(i.BlueNRG_InternalSleep) refers to bluenrg1_sysctrl.o(i.SysCtrl_GetWakeupResetReason) for SysCtrl_GetWakeupResetReason
    sleep.o(i.BlueNRG_InternalSleep) refers to system_bluenrg1.o(.data) for savedNVIC_ISPR
    sleep.o(i.BlueNRG_InternalSleep) refers to system_bluenrg1.o(.data) for savedSHCSR
    sleep.o(i.BlueNRG_InternalSleep) refers to system_bluenrg1.o(.data) for savedICSR
    sleep.o(i.BlueNRG_InternalSleep) refers to system_bluenrg1.o(.bss.__blue_RAM) for __blue_RAM
    sleep.o(i.BlueNRG_Sleep) refers to bluenrg_main_func_speed.o(i.BlueNRG_Stack_Perform_Deep_Sleep_Check) for BlueNRG_Stack_Perform_Deep_Sleep_Check
    sleep.o(i.BlueNRG_Sleep) refers to sleep.o(i.App_SleepMode_Check) for App_SleepMode_Check
    sleep.o(i.BlueNRG_Sleep) refers to sleep.o(i.BlueNRG_InternalSleep) for BlueNRG_InternalSleep
    sleep.o(i.BlueNRG_Sleep) refers to system_bluenrg1.o(.wakeupFromSleepFlag) for wakeupFromSleepFlag
    sleep.o(i.BlueNRG_Sleep) refers to sleep.o(.bss) for .bss
    gp_timer.o(i.Timer_Expired) refers to clock.o(i.Clock_Time) for Clock_Time
    gp_timer.o(i.Timer_Remaining) refers to clock.o(i.Clock_Time) for Clock_Time
    gp_timer.o(i.Timer_Restart) refers to clock.o(i.Clock_Time) for Clock_Time
    gp_timer.o(i.Timer_Set) refers to clock.o(i.Clock_Time) for Clock_Time
    bluenrg1_adc.o(i.ADC_ConvertBatterySensor) refers to bluenrg1_adc.o(i.ADC_ConvertSingleEndedVoltage) for ADC_ConvertSingleEndedVoltage
    bluenrg1_adc.o(i.ADC_ConvertBatterySensor) refers to fmul.o(.text) for __aeabi_fmul
    bluenrg1_adc.o(i.ADC_ConvertDifferentialVoltage) refers to ffltui.o(.text) for __aeabi_ui2f
    bluenrg1_adc.o(i.ADC_ConvertDifferentialVoltage) refers to fflti.o(.text) for __aeabi_i2f
    bluenrg1_adc.o(i.ADC_ConvertDifferentialVoltage) refers to fdiv.o(.text) for __aeabi_fdiv
    bluenrg1_adc.o(i.ADC_ConvertDifferentialVoltage) refers to fadd.o(.text) for __aeabi_fadd
    bluenrg1_adc.o(i.ADC_ConvertDifferentialVoltage) refers to fmul.o(.text) for __aeabi_fmul
    bluenrg1_adc.o(i.ADC_ConvertSingleEndedVoltage) refers to fflti.o(.text) for __aeabi_i2f
    bluenrg1_adc.o(i.ADC_ConvertSingleEndedVoltage) refers to ffltui.o(.text) for __aeabi_ui2f
    bluenrg1_adc.o(i.ADC_ConvertSingleEndedVoltage) refers to fadd.o(.text) for __aeabi_fadd
    bluenrg1_adc.o(i.ADC_ConvertSingleEndedVoltage) refers to f2d.o(.text) for __aeabi_f2d
    bluenrg1_adc.o(i.ADC_ConvertSingleEndedVoltage) refers to fdiv.o(.text) for __aeabi_fdiv
[...]
    0x1004a2b4   0x1004a2b4   0x000001fc   Code   RO         5679    i.Process_Peer_Client_Data  libbluenrg1_stack.a(gatt_server.o)
    0x1004a4b0   0x1004a4b0   0x00000194   Code   RO         5680    i.Process_Peer_Server_Data  libbluenrg1_stack.a(gatt_server.o)
    0x1004a644   0x1004a644   0x0000021c   Code   RO         5169    i.RAL_Isr           libbluenrg1_stack.a(ll_isr.o)
    0x1004a860   0x1004a860   0x00000020   Code   RO         4350    i.RESET_HANDLER     system_bluenrg1.o
    0x1004a880   0x1004a880   0x00000002   Code   RO         4351    i.RTC_Handler       system_bluenrg1.o
    0x1004a882   0x1004a882   0x00000140   Code   RO         6048    i.Read_Blob_Resp    libbluenrg1_stack.a(att.o)
    0x1004a9c2   0x1004a9c2   0x00000002   PAD
    0x1004a9c4   0x1004a9c4   0x000001e4   Code   RO         6049    i.Read_By_Grp_Type_Resp  libbluenrg1_stack.a(att.o)
    0x1004aba8   0x1004aba8   0x000002d0   Code   RO         6050    i.Read_By_Type_Resp  libbluenrg1_stack.a(att.o)
    0x1004ae78   0x1004ae78   0x00000194   Code   RO         6051    i.Read_Multi_Resp   libbluenrg1_stack.a(att.o)
    0x1004b00c   0x1004b00c   0x00000060   Code   RO         4664    i.Read_Request_CB   gatt_db_1.o
    0x1004b06c   0x1004b06c   0x0000012a   Code   RO         6052    i.Read_Resp         libbluenrg1_stack.a(att.o)
    0x1004b196   0x1004b196   0x00000002   PAD
    0x1004b198   0x1004b198   0x000000c4   Code   RO         5229    i.Reclassify_All_Channels  libbluenrg1_stack.a(ll_routines_master.o)
    0x1004b25c   0x1004b25c   0x00000008   Code   RO         3866    i.Reclassify_All_Channels_ucfg  stack_user_cfg.o
    0x1004b264   0x1004b264   0x00000184   Code   RO         5943    i.SDB_Add_Record    libbluenrg1_stack.a(sdb.o)
    0x1004b3e8   0x1004b3e8   0x000000a0   Code   RO         5945    i.SDB_Find_Matching_LTK  libbluenrg1_stack.a(sdb.o)
    0x1004b488   0x1004b488   0x000000c4   Code   RO         5946    i.SDB_Find_Record   libbluenrg1_stack.a(sdb.o)
    0x1004b54c   0x1004b54c   0x00000044   Code   RO         5948    i.SDB_Get_Number_Of_Valid_Records  libbluenrg1_stack.a(sdb.o)
    0x1004b590   0x1004b590   0x000000bc   Code   RO         5949    i.SDB_flash_write_client_data  libbluenrg1_stack.a(sdb.o)
    0x1004b64c   0x1004b64c   0x000000e2   Code   RO         5950    i.SDB_get_security_data_record  libbluenrg1_stack.a(sdb.o)
    0x1004b72e   0x1004b72e   0x0000003c   Code   RO         5951    i.SDB_read_peer_bonded_data  libbluenrg1_stack.a(sdb.o)
    0x1004b76a   0x1004b76a   0x00000002   PAD
    0x1004b76c   0x1004b76c   0x0000003c   Code   RO         4352    i.SET_BORconfigStatus  system_bluenrg1.o
    0x1004b7a8   0x1004b7a8   0x0000002e   Code   RO         5966    i.SMA_Diversify     libbluenrg1_stack.a(smp_algo_sap.o)
    0x1004b7d6   0x1004b7d6   0x00000002   PAD
    0x1004b7d8   0x1004b7d8   0x00000028   Code   RO         5967    i.SMA_Generate_CSRK  libbluenrg1_stack.a(smp_algo_sap.o)
    0x1004b800   0x1004b800   0x00000028   Code   RO         5968    i.SMA_Generate_IRK  libbluenrg1_stack.a(smp_algo_sap.o)
    0x1004b828   0x1004b828   0x00000028   Code   RO         5969    i.SMA_LP_s1_Generate_STK  libbluenrg1_stack.a(smp_algo_sap.o)
    0x1004b850   0x1004b850   0x00000050   Code   RO         5970    i.SMA_SC_Gen_f4_Confirm  libbluenrg1_stack.a(smp_algo_sap.o)
    0x1004b8a0   0x1004b8a0   0x000000e0   Code   RO         5971    i.SMA_SC_Gen_f5_Keys  libbluenrg1_stack.a(smp_algo_sap.o)
    0x1004b980   0x1004b980   0x00000084   Code   RO         5972    i.SMA_SC_Gen_f6_Check_Val  libbluenrg1_stack.a(smp_algo_sap.o)
    0x1004ba04   0x1004ba04   0x00000058   Code   RO         5973    i.SMA_SC_Gen_g2_NumComp_Val  libbluenrg1_stack.a(smp_algo_sap.o)
    0x1004ba5c   0x1004ba5c   0x0000007c   Code   RO         5974    i.SMA_generate_EDIV_recovery_DIV  libbluenrg1_stack.a(smp_algo_sap.o)
    0x1004bad8   0x1004bad8   0x00000048   Code   RO         5989    i.SMP_Check_Is_Device_Bonded  libbluenrg1_stack.a(smp_common.o)
    0x1004bb20   0x1004bb20   0x0000001c   Code   RO         5990    i.SMP_Forget_Device_by_ConnHandle  libbluenrg1_stack.a(smp_common.o)
    0x1004bb3c   0x1004bb3c   0x00000074   Code   RO         5992    i.SMP_Init          libbluenrg1_stack.a(smp_common.o)
    0x1004bbb0   0x1004bbb0   0x0000014c   Code   RO         5299    i.SMP_MI_PairingRequest_Send  libbluenrg1_stack.a(securitymgr.o)
    0x1004bcfc   0x1004bcfc   0x00000184   Code   RO         5300    i.SMP_Process_Q     libbluenrg1_stack.a(securitymgr.o)
    0x1004be80   0x1004be80   0x00000074   Code   RO         5993    i.SMP_Repeated_Attacks_Timer_cb  libbluenrg1_stack.a(smp_common.o)
    0x1004bef4   0x1004bef4   0x00000078   Code   RO         5997    i.SMP_Timer_cb      libbluenrg1_stack.a(smp_common.o)
    0x1004bf6c   0x1004bf6c   0x0000007a   Code   RO         5998    i.SMP_Validate_Signed_Packet  libbluenrg1_stack.a(smp_common.o)
    0x1004bfe6   0x1004bfe6   0x00000020   Code   RO         5388    i.SMP_sc_force_debug_key_usage  libbluenrg1_stack.a(smp_scv42_sap.o)
    0x1004c006   0x1004c006   0x00000020   Code   RO         6000    i.SM_Check_Encryption_KeySize  libbluenrg1_stack.a(smp_common.o)
    0x1004c026   0x1004c026   0x00000002   PAD
    0x1004c028   0x1004c028   0x00000080   Code   RO         6001    i.SM_Connection_Complete_Handler  libbluenrg1_stack.a(smp_common.o)
    0x1004c0a8   0x1004c0a8   0x0000004e   Code   RO         5975    i.SM_Generate_Resolvable_Private_Address  libbluenrg1_stack.a(smp_algo_sap.o)
    0x1004c0f6   0x1004c0f6   0x0000002e   Code   RO         6002    i.SM_Get_Link_Status  libbluenrg1_stack.a(smp_common.o)
    0x1004c124   0x1004c124   0x00000048   Code   RO         6003    i.SM_Get_Remote_Device_Info  libbluenrg1_stack.a(smp_common.o)
    0x1004c16c   0x1004c16c   0x00000114   Code   RO         6004    i.SM_L2CAP_Encryption_changed_Handler_ISR  libbluenrg1_stack.a(smp_common.o)
    0x1004c280   0x1004c280   0x000000f4   Code   RO         6005    i.SM_L2CAP_Handler  libbluenrg1_stack.a(smp_common.o)
    0x1004c374   0x1004c374   0x00000158   Code   RO         6006    i.SM_L2CAP_Handler_ISR  libbluenrg1_stack.a(smp_common.o)
    0x1004c4cc   0x1004c4cc   0x00000022   Code   RO         5976    i.SM_Resolve_Private_Address  libbluenrg1_stack.a(smp_algo_sap.o)
    0x1004c4ee   0x1004c4ee   0x00000002   PAD
    0x1004c4f0   0x1004c4f0   0x00000018   Code   RO         1255    i.SPI_ClearRXFIFO   bluenrg1_spi.o
    0x1004c508   0x1004c508   0x00000028   Code   RO         1256    i.SPI_ClearTXFIFO   bluenrg1_spi.o
    0x1004c530   0x1004c530   0x00000018   Code   RO         1257    i.SPI_Cmd           bluenrg1_spi.o
    0x1004c548   0x1004c548   0x00000014   Code   RO         1268    i.SPI_GetFlagStatus  bluenrg1_spi.o
    0x1004c55c   0x1004c55c   0x00000002   Code   RO         4353    i.SPI_Handler       system_bluenrg1.o
    0x1004c55e   0x1004c55e   0x00000002   PAD
    0x1004c560   0x1004c560   0x00000054   Code   RO         1271    i.SPI_Init          bluenrg1_spi.o
    0x1004c5b4   0x1004c5b4   0x0000000c   Code   RO         1272    i.SPI_ReceiveData   bluenrg1_spi.o
    0x1004c5c0   0x1004c5c0   0x0000000c   Code   RO         1274    i.SPI_SendData      bluenrg1_spi.o
    0x1004c5cc   0x1004c5cc   0x00000048   Code   RO         1275    i.SPI_SetBaudrate   bluenrg1_spi.o
    0x1004c614   0x1004c614   0x0000000c   Code   RO         1276    i.SPI_SetDummyCharacter  bluenrg1_spi.o
    0x1004c620   0x1004c620   0x00000018   Code   RO         1277    i.SPI_SetMasterCommunicationMode  bluenrg1_spi.o
    0x1004c638   0x1004c638   0x00000018   Code   RO         1282    i.SPI_StructInit    bluenrg1_spi.o
    0x1004c650   0x1004c650   0x00000002   Code   RO         4562    i.SVC_Handler       bluenrg1_it.o
    0x1004c652   0x1004c652   0x00000002   PAD
    0x1004c654   0x1004c654   0x000000a0   Code   RO         2059    i.SdkEvalComUartInit  sdk_eval_com.o
    0x1004c6f4   0x1004c6f4   0x0000000c   Code   RO         2162    i.SdkEvalGetVersion  sdk_eval_config.o
    0x1004c700   0x1004c700   0x0000000c   Code   RO         2163    i.SdkEvalIdentification  sdk_eval_config.o
    0x1004c70c   0x1004c70c   0x0000002e   Code   RO         2308    i.SdkEvalLedInit    sdk_eval_led.o
    0x1004c73a   0x1004c73a   0x0000000e   Code   RO         2309    i.SdkEvalLedOff     sdk_eval_led.o
    0x1004c748   0x1004c748   0x0000000e   Code   RO         2310    i.SdkEvalLedOn      sdk_eval_led.o
    0x1004c756   0x1004c756   0x00000026   Code   RO         2004    i.SdkEvalPushButtonInit  sdk_eval_button.o
    0x1004c77c   0x1004c77c   0x00000042   Code   RO         2005    i.SdkEvalPushButtonIrq  sdk_eval_button.o
    0x1004c7be   0x1004c7be   0x00000002   PAD
    0x1004c7c0   0x1004c7c0   0x00000110   Code   RO         2361    i.SdkEvalSpiInit    sdk_eval_spi.o
    0x1004c8d0   0x1004c8d0   0x00000090   Code   RO         2365    i.SdkEvalSpiRead    sdk_eval_spi.o
    0x1004c960   0x1004c960   0x0000005c   Code   RO         2366    i.SdkEvalSpiWrite   sdk_eval_spi.o
    0x1004c9bc   0x1004c9bc   0x00000016   Code   RO         2061    i.SdkEvalUart_Send_Data  sdk_eval_com.o
    0x1004c9d2   0x1004c9d2   0x00000002   PAD
    0x1004c9d4   0x1004c9d4   0x00000050   Code   RO         5681    i.Select_Next_Notification_Client  libbluenrg1_stack.a(gatt_server.o)
    0x1004ca24   0x1004ca24   0x0000004c   Code   RO         5682    i.Send_Notif_Or_Ind  libbluenrg1_stack.a(gatt_server.o)
    0x1004ca70   0x1004ca70   0x000001e8   Code   RO         4753    i.Sensor_DeviceInit  sensor.o
    0x1004cc58   0x1004cc58   0x000000d8   Code   RO         4754    i.Set_DeviceConnectable  sensor.o
    0x1004cd30   0x1004cd30   0x00000050   Code   RO         5714    i.Set_Host_Timer_value  libbluenrg1_stack.a(host_timer.o)
    0x1004cd80   0x1004cd80   0x00000048   Code   RO         4355    i.Set_RF_FrontEnd   system_bluenrg1.o
    0x1004cdc8   0x1004cdc8   0x00000024   Code   RO         5875    i.Start_Gatt_Timer  libbluenrg1_stack.a(rom_gatt_server.o)
    0x1004cdec   0x1004cdec   0x0000001c   Code   RO         5876    i.Stop_Gatt_Timer   libbluenrg1_stack.a(rom_gatt_server.o)
    0x1004ce08   0x1004ce08   0x00000010   Code   RO            8    i.SysCount_Handler  clock.o
    0x1004ce18   0x1004ce18   0x0000009c   Code   RO         1448    i.SysCtrl_GetWakeupResetReason  bluenrg1_sysctrl.o
    0x1004ceb4   0x1004ceb4   0x00000018   Code   RO         1449    i.SysCtrl_PeripheralClockCmd  bluenrg1_sysctrl.o
    0x1004cecc   0x1004cecc   0x00000008   Code   RO         4563    i.SysTick_Handler   bluenrg1_it.o
    0x1004ced4   0x1004ced4   0x000000b8   Code   RO         4357    i.SystemInit        system_bluenrg1.o
    0x1004cf8c   0x1004cf8c   0x00000018   Code   RO         1740    i.SystemSleepCmd    misc.o
    0x1004cfa4   0x1004cfa4   0x0000007c   Code   RO         5715    i.TimerCallback     libbluenrg1_stack.a(host_timer.o)
    0x1004d020   0x1004d020   0x00000014   Code   RO         5716    i.Timer_ExpiryCallback  libbluenrg1_stack.a(host_timer.o)
    0x1004d034   0x1004d034   0x00000038   Code   RO         5717    i.Timer_Init        libbluenrg1_stack.a(host_timer.o)
    0x1004d06c   0x1004d06c   0x0000011c   Code   RO         5718    i.Timer_ProcessQ    libbluenrg1_stack.a(host_timer.o)
    0x1004d188   0x1004d188   0x00000022   Code   RO         5719    i.Timer_StartOneShot  libbluenrg1_stack.a(host_timer.o)
    0x1004d1aa   0x1004d1aa   0x00000002   PAD
    0x1004d1ac   0x1004d1ac   0x00000078   Code   RO         5720    i.Timer_StartOneShot_sysTime32  libbluenrg1_stack.a(host_timer.o)
    0x1004d224   0x1004d224   0x00000058   Code   RO         5721    i.Timer_StopOneShot  libbluenrg1_stack.a(host_timer.o)
    0x1004d27c   0x1004d27c   0x00000024   Code   RO         5723    i.Timer_sysTime32_convMachineTime  libbluenrg1_stack.a(host_timer.o)
    0x1004d2a0   0x1004d2a0   0x0000001c   Code   RO         1494    i.UART_Cmd          bluenrg1_uart.o
    0x1004d2bc   0x1004d2bc   0x0000001c   Code   RO         1497    i.UART_GetFlagStatus  bluenrg1_uart.o
    0x1004d2d8   0x1004d2d8   0x00000002   Code   RO         4564    i.UART_Handler      bluenrg1_it.o
    0x1004d2da   0x1004d2da   0x00000002   PAD
    0x1004d2dc   0x1004d2dc   0x00000138   Code   RO         1500    i.UART_Init         bluenrg1_uart.o
    0x1004d414   0x1004d414   0x00000018   Code   RO         1505    i.UART_RxFifoIrqLevelConfig  bluenrg1_uart.o
    0x1004d42c   0x1004d42c   0x00000010   Code   RO         1507    i.UART_SendData     bluenrg1_uart.o
    0x1004d43c   0x1004d43c   0x00000002   Code   RO         4359    i.WDG_Handler       system_bluenrg1.o
    0x1004d43e   0x1004d43e   0x0000000a   Code   RO         5930    i.WindowWiden1      libbluenrg1_stack.a(rom_ll_timehandling.o)
    0x1004d448   0x1004d448   0x00000010   Code   RO         5931    i.WindowWiden2      libbluenrg1_stack.a(rom_ll_timehandling.o)
    0x1004d458   0x1004d458   0x000001b0   Code   RO         5954    i.Write_Client_Data  libbluenrg1_stack.a(sdb.o)
    0x1004d608   0x1004d608   0x0000012c   Code   RO         6053    i.Write_Cmd         libbluenrg1_stack.a(att.o)
    0x1004d734   0x1004d734   0x0000013c   Code   RO         6054    i.Write_Resp        libbluenrg1_stack.a(att.o)
    0x1004d870   0x1004d870   0x000000e8   Code   RO         5047    i._BlueNRG_Stack_Initialization  libbluenrg1_stack.a(bluenrg_main_func.o)
    0x1004d958   0x1004d958   0x00000064   Code   RO         5084    i._GAP_Parse_Advertising_Report  libbluenrg1_stack.a(gap.o)
    0x1004d9bc   0x1004d9bc   0x00000020   Code   RO         6347    i.__0printf$8       mc_p.l(printf8.o)
    0x1004d9dc   0x1004d9dc   0x0000001a   Code   RO         5184    i.__ARM_common_memcpy1_6  libbluenrg1_stack.a(ll_isr.o)
    0x1004d9f6   0x1004d9f6   0x0000001a   Code   RO         1980    i.__ARM_common_switch8  lsm6ds3.o
    0x1004da10   0x1004da10   0x00000050   Code   RO         4361    i.__low_level_init  system_bluenrg1.o
    0x1004da60   0x1004da60   0x0000000e   Code   RO         6466    i.__scatterload_copy  mc_p.l(handlers.o)
    0x1004da6e   0x1004da6e   0x00000002   Code   RO         6467    i.__scatterload_null  mc_p.l(handlers.o)
    0x1004da70   0x1004da70   0x0000000e   Code   RO         6468    i.__scatterload_zeroinit  mc_p.l(handlers.o)
    0x1004da7e   0x1004da7e   0x00000002   PAD
    0x1004da80   0x1004da80   0x0000005c   Code   RO         4931    i._aci_gap_set_discoverable_param_check  libbluenrg1_stack.a(bluenrg_gap_aci.o)
    0x1004dadc   0x1004dadc   0x00000174   Code   RO         5085    i._gap_set_discoverable_connectable  libbluenrg1_stack.a(gap.o)
    0x1004dc50   0x1004dc50   0x00000026   Code   RO         4977    i._load_uuid        libbluenrg1_stack.a(bluenrg_gatt_aci.o)
    0x1004dc76   0x1004dc76   0x00000002   PAD
    0x1004dc78   0x1004dc78   0x00000428   Code   RO         6354    i._printf_core      mc_p.l(printf8.o)
    0x1004e0a0   0x1004e0a0   0x00000020   Code   RO         6355    i._printf_post_padding  mc_p.l(printf8.o)
    0x1004e0c0   0x1004e0c0   0x0000002c   Code   RO         6356    i._printf_pre_padding  mc_p.l(printf8.o)
    0x1004e0ec   0x1004e0ec   0x0000002c   Code   RO         4755    i.aci_att_exchange_mtu_resp_event  sensor.o
    0x1004e118   0x1004e118   0x00000002   Code   RO         5399    i.aci_att_exec_write_resp_event  libbluenrg1_stack.a(aci_events.o)
    0x1004e11a   0x1004e11a   0x00000002   Code   RO         5400    i.aci_att_find_by_type_value_resp_event  libbluenrg1_stack.a(aci_events.o)
    0x1004e11c   0x1004e11c   0x00000002   Code   RO         5401    i.aci_att_find_info_resp_event  libbluenrg1_stack.a(aci_events.o)
    0x1004e11e   0x1004e11e   0x00000002   Code   RO         5402    i.aci_att_prepare_write_resp_event  libbluenrg1_stack.a(aci_events.o)
    0x1004e120   0x1004e120   0x00000002   Code   RO         5403    i.aci_att_read_blob_resp_event  libbluenrg1_stack.a(aci_events.o)
    0x1004e122   0x1004e122   0x00000002   PAD
    0x1004e124   0x1004e124   0x00000074   Code   RO         5627    i.aci_att_read_blob_resp_event_push  libbluenrg1_stack.a(gatt_client.o)
    0x1004e198   0x1004e198   0x00000002   Code   RO         5404    i.aci_att_read_by_group_type_resp_event  libbluenrg1_stack.a(aci_events.o)
    0x1004e19a   0x1004e19a   0x00000002   Code   RO         5405    i.aci_att_read_by_type_resp_event  libbluenrg1_stack.a(aci_events.o)
    0x1004e19c   0x1004e19c   0x00000002   Code   RO         5406    i.aci_att_read_multiple_resp_event  libbluenrg1_stack.a(aci_events.o)
    0x1004e19e   0x1004e19e   0x00000002   PAD
    0x1004e1a0   0x1004e1a0   0x00000074   Code   RO         5630    i.aci_att_read_multiple_resp_event_push  libbluenrg1_stack.a(gatt_client.o)
    0x1004e214   0x1004e214   0x00000002   Code   RO         5407    i.aci_att_read_resp_event  libbluenrg1_stack.a(aci_events.o)
    0x1004e216   0x1004e216   0x00000002   PAD
    0x1004e218   0x1004e218   0x00000074   Code   RO         5631    i.aci_att_read_resp_event_push  libbluenrg1_stack.a(gatt_client.o)
    0x1004e28c   0x1004e28c   0x00000002   Code   RO         5408    i.aci_att_write_resp_event  libbluenrg1_stack.a(aci_events.o)
    0x1004e28e   0x1004e28e   0x00000002   PAD
    0x1004e290   0x1004e290   0x00000028   Code   RO         5409    i.aci_event_fifo_push  libbluenrg1_stack.a(aci_events.o)
    0x1004e2b8   0x1004e2b8   0x000000bc   Code   RO         5410    i.aci_event_fifo_push_header  libbluenrg1_stack.a(aci_events.o)
    0x1004e374   0x1004e374   0x00000002   Code   RO         5411    i.aci_gap_addr_not_resolved_event  libbluenrg1_stack.a(aci_events.o)
    0x1004e376   0x1004e376   0x00000002   Code   RO         5412    i.aci_gap_authorization_req_event  libbluenrg1_stack.a(aci_events.o)
    0x1004e378   0x1004e378   0x00000054   Code   RO         6007    i.aci_gap_authorization_req_event_push  libbluenrg1_stack.a(smp_common.o)
    0x1004e3cc   0x1004e3cc   0x00000002   Code   RO         5413    i.aci_gap_bond_lost_event  libbluenrg1_stack.a(aci_events.o)
    0x1004e3ce   0x1004e3ce   0x00000002   Code   RO         5414    i.aci_gap_device_found_event  libbluenrg1_stack.a(aci_events.o)
    0x1004e3d0   0x1004e3d0   0x00000030   Code   RO         4941    i.aci_gap_init      libbluenrg1_stack.a(bluenrg_gap_aci.o)
    0x1004e400   0x1004e400   0x00000002   Code   RO         5415    i.aci_gap_keypress_notification_event  libbluenrg1_stack.a(aci_events.o)
    0x1004e402   0x1004e402   0x00000002   Code   RO         5416    i.aci_gap_limited_discoverable_event  libbluenrg1_stack.a(aci_events.o)
    0x1004e404   0x1004e404   0x00000050   Code   RO         5086    i.aci_gap_limited_discoverable_event_push  libbluenrg1_stack.a(gap.o)
    0x1004e454   0x1004e454   0x00000002   Code   RO         5417    i.aci_gap_numeric_comparison_value_event  libbluenrg1_stack.a(aci_events.o)
    0x1004e456   0x1004e456   0x00000002   PAD
    0x1004e458   0x1004e458   0x00000058   Code   RO         5302    i.aci_gap_numeric_comparison_value_event_push  libbluenrg1_stack.a(securitymgr.o)
    0x1004e4b0   0x1004e4b0   0x00000002   Code   RO         5418    i.aci_gap_pairing_complete_event  libbluenrg1_stack.a(aci_events.o)
    0x1004e4b2   0x1004e4b2   0x00000002   PAD
    0x1004e4b4   0x1004e4b4   0x0000005c   Code   RO         6008    i.aci_gap_pairing_complete_event_push  libbluenrg1_stack.a(smp_common.o)
    0x1004e510   0x1004e510   0x00000002   Code   RO         5419    i.aci_gap_pass_key_req_event  libbluenrg1_stack.a(aci_events.o)
    0x1004e512   0x1004e512   0x00000002   Code   RO         5420    i.aci_gap_proc_complete_event  libbluenrg1_stack.a(aci_events.o)
    0x1004e514   0x1004e514   0x00000074   Code   RO         5087    i.aci_gap_proc_complete_event_push  libbluenrg1_stack.a(gap.o)
    0x1004e588   0x1004e588   0x00000042   Code   RO         4953    i.aci_gap_set_discoverable  libbluenrg1_stack.a(bluenrg_gap_aci.o)
    0x1004e5ca   0x1004e5ca   0x00000002   Code   RO         5421    i.aci_gap_slave_security_initiated_event  libbluenrg1_stack.a(aci_events.o)
    0x1004e5cc   0x1004e5cc   0x0000003e   Code   RO         4984    i.aci_gatt_add_char  libbluenrg1_stack.a(bluenrg_gatt_aci.o)
    0x1004e60a   0x1004e60a   0x00000036   Code   RO         4986    i.aci_gatt_add_service  libbluenrg1_stack.a(bluenrg_gatt_aci.o)
    0x1004e640   0x1004e640   0x0000000c   Code   RO         4987    i.aci_gatt_allow_read  libbluenrg1_stack.a(bluenrg_gatt_aci.o)
    0x1004e64c   0x1004e64c   0x00000044   Code   RO         4756    i.aci_gatt_attribute_modified_event  sensor.o
    0x1004e690   0x1004e690   0x00000078   Code   RO         6055    i.aci_gatt_attribute_modified_event_push  libbluenrg1_stack.a(att.o)
    0x1004e708   0x1004e708   0x00000002   Code   RO         5423    i.aci_gatt_disc_read_char_by_uuid_resp_event  libbluenrg1_stack.a(aci_events.o)
    0x1004e70a   0x1004e70a   0x00000002   PAD
    0x1004e70c   0x1004e70c   0x00000084   Code   RO         5632    i.aci_gatt_disc_read_char_by_uuid_resp_event_push  libbluenrg1_stack.a(gatt_client.o)
    0x1004e790   0x1004e790   0x00000002   Code   RO         5424    i.aci_gatt_error_resp_event  libbluenrg1_stack.a(aci_events.o)
    0x1004e792   0x1004e792   0x00000002   PAD
    0x1004e794   0x1004e794   0x00000078   Code   RO         5633    i.aci_gatt_error_resp_event_push  libbluenrg1_stack.a(gatt_client.o)
    0x1004e80c   0x1004e80c   0x00000002   Code   RO         5425    i.aci_gatt_indication_event  libbluenrg1_stack.a(aci_events.o)
    0x1004e80e   0x1004e80e   0x00000002   PAD
    0x1004e810   0x1004e810   0x00000090   Code   RO         5683    i.aci_gatt_indication_event_push  libbluenrg1_stack.a(gatt_server.o)
    0x1004e8a0   0x1004e8a0   0x00000008   Code   RO         5001    i.aci_gatt_init     libbluenrg1_stack.a(bluenrg_gatt_aci.o)
    0x1004e8a8   0x1004e8a8   0x00000002   Code   RO         5426    i.aci_gatt_notification_event  libbluenrg1_stack.a(aci_events.o)
    0x1004e8aa   0x1004e8aa   0x00000002   PAD
    0x1004e8ac   0x1004e8ac   0x00000090   Code   RO         5684    i.aci_gatt_notification_event_push  libbluenrg1_stack.a(gatt_server.o)
    0x1004e93c   0x1004e93c   0x00000002   Code   RO         5427    i.aci_gatt_prepare_write_permit_req_event  libbluenrg1_stack.a(aci_events.o)
    0x1004e93e   0x1004e93e   0x00000002   Code   RO         5428    i.aci_gatt_proc_complete_event  libbluenrg1_stack.a(aci_events.o)
    0x1004e940   0x1004e940   0x00000058   Code   RO         5634    i.aci_gatt_proc_complete_event_push  libbluenrg1_stack.a(gatt_client.o)
    0x1004e998   0x1004e998   0x00000002   Code   RO         5429    i.aci_gatt_proc_timeout_event  libbluenrg1_stack.a(aci_events.o)
    0x1004e99a   0x1004e99a   0x00000002   Code   RO         5430    i.aci_gatt_read_multi_permit_req_event  libbluenrg1_stack.a(aci_events.o)
    0x1004e99c   0x1004e99c   0x00000068   Code   RO         6056    i.aci_gatt_read_multi_permit_req_event_push  libbluenrg1_stack.a(att.o)
    0x1004ea04   0x1004ea04   0x0000000a   Code   RO         4757    i.aci_gatt_read_permit_req_event  sensor.o
    0x1004ea0e   0x1004ea0e   0x00000002   PAD
    0x1004ea10   0x1004ea10   0x00000050   Code   RO         6057    i.aci_gatt_read_permit_req_event_push  libbluenrg1_stack.a(att.o)
    0x1004ea60   0x1004ea60   0x00000002   Code   RO         5432    i.aci_gatt_server_confirmation_event  libbluenrg1_stack.a(aci_events.o)
    0x1004ea62   0x1004ea62   0x00000002   PAD
    0x1004ea64   0x1004ea64   0x00000010   Code   RO         4758    i.aci_gatt_tx_pool_available_event  sensor.o
    0x1004ea74   0x1004ea74   0x00000022   Code   RO         5015    i.aci_gatt_update_char_value_ext  libbluenrg1_stack.a(bluenrg_gatt_aci.o)
    0x1004ea96   0x1004ea96   0x00000002   Code   RO         5434    i.aci_gatt_write_permit_req_event  libbluenrg1_stack.a(aci_events.o)
    0x1004ea98   0x1004ea98   0x0000006c   Code   RO         6058    i.aci_gatt_write_permit_req_event_push  libbluenrg1_stack.a(att.o)
    0x1004eb04   0x1004eb04   0x00000002   Code   RO         4759    i.aci_hal_end_of_radio_activity_event  sensor.o
    0x1004eb06   0x1004eb06   0x00000002   Code   RO         5435    i.aci_hal_fw_error_event  libbluenrg1_stack.a(aci_events.o)
    0x1004eb08   0x1004eb08   0x00000002   Code   RO         5436    i.aci_hal_scan_req_report_event  libbluenrg1_stack.a(aci_events.o)
    0x1004eb0a   0x1004eb0a   0x00000008   Code   RO         5030    i.aci_hal_set_tx_power_level  libbluenrg1_stack.a(bluenrg_hal_aci.o)
    0x1004eb12   0x1004eb12   0x00000008   Code   RO         5033    i.aci_hal_write_config_data  libbluenrg1_stack.a(bluenrg_hal_aci.o)
    0x1004eb1a   0x1004eb1a   0x00000002   Code   RO         5437    i.aci_l2cap_command_reject_event  libbluenrg1_stack.a(aci_events.o)
    0x1004eb1c   0x1004eb1c   0x00000002   Code   RO         5438    i.aci_l2cap_connection_update_req_event  libbluenrg1_stack.a(aci_events.o)
    0x1004eb1e   0x1004eb1e   0x00000002   PAD
    0x1004eb20   0x1004eb20   0x00000098   Code   RO         5753    i.aci_l2cap_connection_update_req_event_push  libbluenrg1_stack.a(l2cap.o)
    0x1004ebb8   0x1004ebb8   0x00000060   Code   RO         4760    i.aci_l2cap_connection_update_resp_event  sensor.o
    0x1004ec18   0x1004ec18   0x00000002   Code   RO         5440    i.aci_l2cap_proc_timeout_event  libbluenrg1_stack.a(aci_events.o)
    0x1004ec1a   0x1004ec1a   0x00000004   Code   RO         5545    i.acl_list_first    libbluenrg1_stack.a(acl_list.o)
    0x1004ec1e   0x1004ec1e   0x00000026   Code   RO         5546    i.acl_list_full_on_packt  libbluenrg1_stack.a(acl_list.o)
    0x1004ec44   0x1004ec44   0x00000010   Code   RO         5549    i.acl_list_init     libbluenrg1_stack.a(acl_list.o)
    0x1004ec54   0x1004ec54   0x00000026   Code   RO         5550    i.acl_list_insert_head  libbluenrg1_stack.a(acl_list.o)
    0x1004ec7a   0x1004ec7a   0x0000002c   Code   RO         5551    i.acl_list_insert_tail  libbluenrg1_stack.a(acl_list.o)
    0x1004eca6   0x1004eca6   0x0000000e   Code   RO         5552    i.acl_list_is_empty  libbluenrg1_stack.a(acl_list.o)
    0x1004ecb4   0x1004ecb4   0x00000044   Code   RO         5554    i.acl_list_remove   libbluenrg1_stack.a(acl_list.o)
    0x1004ecf8   0x1004ecf8   0x0000002e   Code   RO         5555    i.acl_list_remove_head  libbluenrg1_stack.a(acl_list.o)
    0x1004ed26   0x1004ed26   0x00000002   PAD
    0x1004ed28   0x1004ed28   0x00000260   Code   RO         5805    i.adapt_slot        libbluenrg1_stack.a(multi_master_time.o)
    0x1004ef88   0x1004ef88   0x0000001e   Code   RO         5264    i.addr_u32_from_u8  libbluenrg1_stack.a(rom_ll_isr_routines.o)
    0x1004efa6   0x1004efa6   0x00000020   Code   RO         5908    i.addr_u32_from_u8  libbluenrg1_stack.a(rom_ll_ll_routines.o)
    0x1004efc6   0x1004efc6   0x00000002   PAD
    0x1004efc8   0x1004efc8   0x0000008c   Code   RO         5088    i.advParamsCheckAndSet  libbluenrg1_stack.a(gap.o)
    0x1004f054   0x1004f054   0x000002cc   Code   RO         5806    i.advance_slave_timing_MultiSlave  libbluenrg1_stack.a(multi_master_time.o)
    0x1004f320   0x1004f320   0x00000158   Code   RO         5290    i.advance_transmit  libbluenrg1_stack.a(routines_support.o)
    0x1004f478   0x1004f478   0x0000063c   Code   RO         5558    i.advance_wakeup_timer  libbluenrg1_stack.a(advance_wakeup_time.o)
    0x1004fab4   0x1004fab4   0x0000004c   Code   RO         5807    i.anchor_replace    libbluenrg1_stack.a(multi_master_time.o)
    0x1004fb00   0x1004fb00   0x0000001c   Code   RO         5698    i.ble_HAL_Init      libbluenrg1_stack.a(hal.o)
    0x1004fb1c   0x1004fb1c   0x000000f4   Code   RO         5265    i.cancel_connect_master  libbluenrg1_stack.a(rom_ll_isr_routines.o)
    0x1004fc10   0x1004fc10   0x00000008   Code   RO         3882    i.cancel_connect_master_ucfg  stack_user_cfg.o
    0x1004fc18   0x1004fc18   0x000001a8   Code   RO         5808    i.cancel_current_master  libbluenrg1_stack.a(multi_master_time.o)
    0x1004fdc0   0x1004fdc0   0x00000080   Code   RO         5267    i.cancel_master     libbluenrg1_stack.a(rom_ll_isr_routines.o)
    0x1004fe40   0x1004fe40   0x000000c4   Code   RO         5730    i.cancel_slave      libbluenrg1_stack.a(isr_routines.o)
    0x1004ff04   0x1004ff04   0x00000024   Code   RO         5441    i.cb_aci_att_exchange_mtu_resp_event  libbluenrg1_stack.a(aci_events.o)
    0x1004ff28   0x1004ff28   0x00000020   Code   RO         5442    i.cb_aci_att_exec_write_resp_event  libbluenrg1_stack.a(aci_events.o)
    0x1004ff48   0x1004ff48   0x00000024   Code   RO         5443    i.cb_aci_att_find_by_type_value_resp_event  libbluenrg1_stack.a(aci_events.o)
    0x1004ff6c   0x1004ff6c   0x00000028   Code   RO         5444    i.cb_aci_att_find_info_resp_event  libbluenrg1_stack.a(aci_events.o)
    0x1004ff94   0x1004ff94   0x0000002c   Code   RO         5445    i.cb_aci_att_prepare_write_resp_event  libbluenrg1_stack.a(aci_events.o)
    0x1004ffc0   0x1004ffc0   0x00000024   Code   RO         5446    i.cb_aci_att_read_blob_resp_event  libbluenrg1_stack.a(aci_events.o)
    0x1004ffe4   0x1004ffe4   0x00000028   Code   RO         5447    i.cb_aci_att_read_by_group_type_resp_event  libbluenrg1_stack.a(aci_events.o)
    0x1005000c   0x1005000c   0x00000028   Code   RO         5448    i.cb_aci_att_read_by_type_resp_event  libbluenrg1_stack.a(aci_events.o)
    0x10050034   0x10050034   0x00000024   Code   RO         5449    i.cb_aci_att_read_multiple_resp_event  libbluenrg1_stack.a(aci_events.o)
    0x10050058   0x10050058   0x00000024   Code   RO         5450    i.cb_aci_att_read_resp_event  libbluenrg1_stack.a(aci_events.o)
    0x1005007c   0x1005007c   0x00000024   Code   RO         5451    i.cb_aci_att_write_resp_event  libbluenrg1_stack.a(aci_events.o)
    0x100500a0   0x100500a0   0x00000020   Code   RO         5452    i.cb_aci_gap_addr_not_resolved_event  libbluenrg1_stack.a(aci_events.o)
    0x100500c0   0x100500c0   0x00000020   Code   RO         5453    i.cb_aci_gap_authorization_req_event  libbluenrg1_stack.a(aci_events.o)
    0x100500e0   0x100500e0   0x0000001c   Code   RO         5454    i.cb_aci_gap_bond_lost_event  libbluenrg1_stack.a(aci_events.o)
    0x100500fc   0x100500fc   0x00000020   Code   RO         5455    i.cb_aci_gap_device_found_event  libbluenrg1_stack.a(aci_events.o)
    0x1005011c   0x1005011c   0x00000024   Code   RO         5456    i.cb_aci_gap_keypress_notification_event  libbluenrg1_stack.a(aci_events.o)
    0x10050140   0x10050140   0x0000001c   Code   RO         5457    i.cb_aci_gap_limited_discoverable_event  libbluenrg1_stack.a(aci_events.o)
    0x1005015c   0x1005015c   0x00000024   Code   RO         5458    i.cb_aci_gap_numeric_comparison_value_event  libbluenrg1_stack.a(aci_events.o)
    0x10050180   0x10050180   0x00000024   Code   RO         5459    i.cb_aci_gap_pairing_complete_event  libbluenrg1_stack.a(aci_events.o)
    0x100501a4   0x100501a4   0x00000020   Code   RO         5460    i.cb_aci_gap_pass_key_req_event  libbluenrg1_stack.a(aci_events.o)
    0x100501c4   0x100501c4   0x00000028   Code   RO         5461    i.cb_aci_gap_proc_complete_event  libbluenrg1_stack.a(aci_events.o)
    0x100501ec   0x100501ec   0x0000001c   Code   RO         5462    i.cb_aci_gap_slave_security_initiated_event  libbluenrg1_stack.a(aci_events.o)
    0x10050208   0x10050208   0x0000002c   Code   RO         5463    i.cb_aci_gatt_attribute_modified_event  libbluenrg1_stack.a(aci_events.o)
    0x10050234   0x10050234   0x00000028   Code   RO         5464    i.cb_aci_gatt_disc_read_char_by_uuid_resp_event  libbluenrg1_stack.a(aci_events.o)
    0x1005025c   0x1005025c   0x00000028   Code   RO         5465    i.cb_aci_gatt_error_resp_event  libbluenrg1_stack.a(aci_events.o)
    0x10050284   0x10050284   0x00000028   Code   RO         5466    i.cb_aci_gatt_indication_event  libbluenrg1_stack.a(aci_events.o)
    0x100502ac   0x100502ac   0x00000028   Code   RO         5467    i.cb_aci_gatt_notification_event  libbluenrg1_stack.a(aci_events.o)
    0x100502d4   0x100502d4   0x00000016   Code   RO         5468    i.cb_aci_gatt_prepare_write_permit_req_event  libbluenrg1_stack.a(aci_events.o)
    0x100502ea   0x100502ea   0x00000002   PAD
    0x100502ec   0x100502ec   0x00000024   Code   RO         5469    i.cb_aci_gatt_proc_complete_event  libbluenrg1_stack.a(aci_events.o)
    0x10050310   0x10050310   0x00000020   Code   RO         5470    i.cb_aci_gatt_proc_timeout_event  libbluenrg1_stack.a(aci_events.o)
    0x10050330   0x10050330   0x00000010   Code   RO         5471    i.cb_aci_gatt_read_multi_permit_req_event  libbluenrg1_stack.a(aci_events.o)
    0x10050340   0x10050340   0x00000010   Code   RO         5472    i.cb_aci_gatt_read_permit_req_event  libbluenrg1_stack.a(aci_events.o)
    0x10050350   0x10050350   0x0000000a   Code   RO         5473    i.cb_aci_gatt_server_confirmation_event  libbluenrg1_stack.a(aci_events.o)
    0x1005035a   0x1005035a   0x0000000e   Code   RO         5474    i.cb_aci_gatt_tx_pool_available_event  libbluenrg1_stack.a(aci_events.o)
    0x10050368   0x10050368   0x00000012   Code   RO         5475    i.cb_aci_gatt_write_permit_req_event  libbluenrg1_stack.a(aci_events.o)
    0x1005037a   0x1005037a   0x00000010   Code   RO         5476    i.cb_aci_hal_fw_error_event  libbluenrg1_stack.a(aci_events.o)
    0x1005038a   0x1005038a   0x00000002   PAD
    0x1005038c   0x1005038c   0x00000024   Code   RO         5477    i.cb_aci_hal_scan_req_report_event  libbluenrg1_stack.a(aci_events.o)
    0x100503b0   0x100503b0   0x00000016   Code   RO         5478    i.cb_aci_l2cap_command_reject_event  libbluenrg1_stack.a(aci_events.o)
    0x100503c6   0x100503c6   0x00000002   PAD
    0x100503c8   0x100503c8   0x00000034   Code   RO         5479    i.cb_aci_l2cap_connection_update_req_event  libbluenrg1_stack.a(aci_events.o)
    0x100503fc   0x100503fc   0x00000024   Code   RO         5480    i.cb_aci_l2cap_connection_update_resp_event  libbluenrg1_stack.a(aci_events.o)
    0x10050420   0x10050420   0x00000024   Code   RO         5481    i.cb_aci_l2cap_proc_timeout_event  libbluenrg1_stack.a(aci_events.o)
    0x10050444   0x10050444   0x00000002   Code   RO         5482    i.cb_hci_data_buffer_overflow_event  libbluenrg1_stack.a(aci_events.o)
    0x10050446   0x10050446   0x00000002   PAD
    0x10050448   0x10050448   0x00000024   Code   RO         5483    i.cb_hci_disconnection_complete_event  libbluenrg1_stack.a(aci_events.o)
    0x1005046c   0x1005046c   0x00000024   Code   RO         5484    i.cb_hci_encryption_change_event  libbluenrg1_stack.a(aci_events.o)
    0x10050490   0x10050490   0x00000024   Code   RO         5485    i.cb_hci_encryption_key_refresh_complete_event  libbluenrg1_stack.a(aci_events.o)
    0x100504b4   0x100504b4   0x00000024   Code   RO         5486    i.cb_hci_le_advertising_report_event  libbluenrg1_stack.a(aci_events.o)
    0x100504d8   0x100504d8   0x00000044   Code   RO         5487    i.cb_hci_le_connection_complete_event  libbluenrg1_stack.a(aci_events.o)
    0x1005051c   0x1005051c   0x00000030   Code   RO         5488    i.cb_hci_le_connection_update_complete_event  libbluenrg1_stack.a(aci_events.o)
    0x1005054c   0x1005054c   0x00000030   Code   RO         5489    i.cb_hci_le_data_length_change_event  libbluenrg1_stack.a(aci_events.o)
    0x1005057c   0x1005057c   0x00000024   Code   RO         5490    i.cb_hci_le_direct_advertising_report_event  libbluenrg1_stack.a(aci_events.o)
    0x100505a0   0x100505a0   0x0000004c   Code   RO         5491    i.cb_hci_le_enhanced_connection_complete_event  libbluenrg1_stack.a(aci_events.o)
    0x100505ec   0x100505ec   0x00000028   Code   RO         5492    i.cb_hci_le_generate_dhkey_complete_event  libbluenrg1_stack.a(aci_events.o)
    0x10050614   0x10050614   0x00000028   Code   RO         5493    i.cb_hci_le_long_term_key_request_event  libbluenrg1_stack.a(aci_events.o)
    0x1005063c   0x1005063c   0x00000028   Code   RO         5494    i.cb_hci_le_read_local_p256_public_key_complete_event  libbluenrg1_stack.a(aci_events.o)
    0x10050664   0x10050664   0x0000002c   Code   RO         5495    i.cb_hci_le_read_remote_used_features_complete_event  libbluenrg1_stack.a(aci_events.o)
    0x10050690   0x10050690   0x0000000a   Code   RO         5496    i.cb_hci_number_of_completed_packets_event  libbluenrg1_stack.a(aci_events.o)
    0x1005069a   0x1005069a   0x00000002   PAD
    0x1005069c   0x1005069c   0x00000028   Code   RO         5497    i.cb_hci_read_remote_version_information_complete_event  libbluenrg1_stack.a(aci_events.o)
    0x100506c4   0x100506c4   0x00000016   Code   RO         5498    i.cb_hci_rx_acl_data_event  libbluenrg1_stack.a(aci_events.o)
    0x100506da   0x100506da   0x00000012   Code   RO         5699    i.char_copy         libbluenrg1_stack.a(hal.o)
    0x100506ec   0x100506ec   0x00000024   Code   RO         5925    i.convert_power     libbluenrg1_stack.a(rom_ll_routines_support.o)
    0x10050710   0x10050710   0x00000012   Code   RO         5170    i.copy_4_u32        libbluenrg1_stack.a(ll_isr.o)
    0x10050722   0x10050722   0x00000020   Code   RO         6032    i.copy_swap_buffer  libbluenrg1_stack.a(utils.o)
    0x10050742   0x10050742   0x00000002   PAD
    0x10050744   0x10050744   0x00000084   Code   RO         5171    i.copy_tx_data_packet  libbluenrg1_stack.a(ll_isr.o)
    0x100507c8   0x100507c8   0x00000004   Code   RO         5100    i.data_length_extension_csr_ucfg  libbluenrg1_stack.a(hci.o)
    0x100507cc   0x100507cc   0x00000074   Code   RO         5172    i.encrypt           libbluenrg1_stack.a(ll_isr.o)
    0x10050840   0x10050840   0x0000006c   Code   RO         5499    i.fifoBuf_getFreeHeader  libbluenrg1_stack.a(aci_events.o)
    0x100508ac   0x100508ac   0x0000000a   Code   RO         5500    i.fifoCtrl_init     libbluenrg1_stack.a(aci_events.o)
    0x100508b6   0x100508b6   0x0000000c   Code   RO         2064    i.fputc             sdk_eval_com.o
    0x100508c2   0x100508c2   0x00000002   PAD
    0x100508c4   0x100508c4   0x00000018   Code   RO         5173    i.full_state_func_call_init  libbluenrg1_stack.a(ll_isr.o)
    0x100508dc   0x100508dc   0x00000014   Code   RO         5089    i.gapClearAllModeFlags  libbluenrg1_stack.a(gap.o)
    0x100508f0   0x100508f0   0x00000014   Code   RO         5268    i.get_adv_addr      libbluenrg1_stack.a(rom_ll_isr_routines.o)
    0x10050904   0x10050904   0x00000048   Code   RO         5809    i.get_advertiser    libbluenrg1_stack.a(multi_master_time.o)
    0x1005094c   0x1005094c   0x0000008c   Code   RO         5810    i.get_connection_no  libbluenrg1_stack.a(multi_master_time.o)
    0x100509d8   0x100509d8   0x00000034   Code   RO         5811    i.get_next_free_slot  libbluenrg1_stack.a(multi_master_time.o)
    0x10050a0c   0x10050a0c   0x00000014   Code   RO         5269    i.get_scan_addr     libbluenrg1_stack.a(rom_ll_isr_routines.o)
    0x10050a20   0x10050a20   0x00000048   Code   RO         5812    i.get_scan_connection  libbluenrg1_stack.a(multi_master_time.o)
    0x10050a68   0x10050a68   0x00000298   Code   RO         5270    i.go_to_connect     libbluenrg1_stack.a(rom_ll_isr_routines.o)
    0x10050d00   0x10050d00   0x000001bc   Code   RO         5731    i.go_to_connect_master  libbluenrg1_stack.a(isr_routines.o)
    0x10050ebc   0x10050ebc   0x00000034   Code   RO         5700    i.hal_radio_activity_state_callback_check  libbluenrg1_stack.a(hal.o)
    0x10050ef0   0x10050ef0   0x0000001c   Code   RO         5701    i.hal_radio_activity_state_init  libbluenrg1_stack.a(hal.o)
    0x10050f0c   0x10050f0c   0x00000040   Code   RO         5702    i.hal_read_radio_activity_state  libbluenrg1_stack.a(hal.o)
    0x10050f4c   0x10050f4c   0x00000070   Code   RO         5101    i.hci_acl_Process_Q  libbluenrg1_stack.a(hci.o)
    0x10050fbc   0x10050fbc   0x00000068   Code   RO         4761    i.hci_disconnection_complete_event  sensor.o
    0x10051024   0x10051024   0x00000002   Code   RO         5503    i.hci_encryption_change_event  libbluenrg1_stack.a(aci_events.o)
    0x10051026   0x10051026   0x00000002   PAD
    0x10051028   0x10051028   0x0000005c   Code   RO         5232    i.hci_encryption_change_event_push  libbluenrg1_stack.a(ll_routines_master.o)
    0x10051084   0x10051084   0x00000002   Code   RO         5504    i.hci_encryption_key_refresh_complete_event  libbluenrg1_stack.a(aci_events.o)
    0x10051086   0x10051086   0x00000002   PAD
    0x10051088   0x10051088   0x00000058   Code   RO         5233    i.hci_encryption_key_refresh_complete_event_push  libbluenrg1_stack.a(ll_routines_master.o)
    0x100510e0   0x100510e0   0x00000002   Code   RO         5505    i.hci_hardware_error_event  libbluenrg1_stack.a(aci_events.o)
    0x100510e2   0x100510e2   0x00000002   Code   RO         5506    i.hci_le_advertising_report_event  libbluenrg1_stack.a(aci_events.o)
    0x100510e4   0x100510e4   0x00000094   Code   RO         5234    i.hci_le_advertising_report_event_push  libbluenrg1_stack.a(ll_routines_master.o)
    0x10051178   0x10051178   0x00000034   Code   RO         4762    i.hci_le_connection_complete_event  sensor.o
    0x100511ac   0x100511ac   0x00000088   Code   RO         5235    i.hci_le_connection_complete_event_push  libbluenrg1_stack.a(ll_routines_master.o)
    0x10051234   0x10051234   0x00000002   Code   RO         5508    i.hci_le_connection_update_complete_event  libbluenrg1_stack.a(aci_events.o)
    0x10051236   0x10051236   0x00000002   PAD
    0x10051238   0x10051238   0x0000006c   Code   RO         5236    i.hci_le_connection_update_complete_event_push  libbluenrg1_stack.a(ll_routines_master.o)
    0x100512a4   0x100512a4   0x00000014   Code   RO         4763    i.hci_le_data_length_change_event  sensor.o
    0x100512b8   0x100512b8   0x00000002   Code   RO         5510    i.hci_le_direct_advertising_report_event  libbluenrg1_stack.a(aci_events.o)
    0x100512ba   0x100512ba   0x00000002   PAD
    0x100512bc   0x100512bc   0x0000008c   Code   RO         5219    i.hci_le_direct_advertising_report_event_push  libbluenrg1_stack.a(ll_privacy.o)
    0x10051348   0x10051348   0x00000002   Code   RO         5511    i.hci_le_enhanced_connection_complete_event  libbluenrg1_stack.a(aci_events.o)
    0x1005134a   0x1005134a   0x00000002   PAD
    0x1005134c   0x1005134c   0x00000080   Code   RO         5110    i.hci_le_generate_dhkey_api  libbluenrg1_stack.a(hci.o)
    0x100513cc   0x100513cc   0x00000002   Code   RO         5512    i.hci_le_generate_dhkey_complete_event  libbluenrg1_stack.a(aci_events.o)
    0x100513ce   0x100513ce   0x00000002   Code   RO         5513    i.hci_le_long_term_key_request_event  libbluenrg1_stack.a(aci_events.o)
    0x100513d0   0x100513d0   0x0000000e   Code   RO         5111    i.hci_le_long_term_key_request_reply  libbluenrg1_stack.a(hci.o)
    0x100513de   0x100513de   0x0000000e   Code   RO         5112    i.hci_le_long_term_key_requested_negative_reply  libbluenrg1_stack.a(hci.o)
    0x100513ec   0x100513ec   0x0000003c   Code   RO         5117    i.hci_le_read_local_p256_public_key_api  libbluenrg1_stack.a(hci.o)
    0x10051428   0x10051428   0x00000002   Code   RO         5514    i.hci_le_read_local_p256_public_key_complete_event  libbluenrg1_stack.a(aci_events.o)
    0x1005142a   0x1005142a   0x00000002   Code   RO         5515    i.hci_le_read_remote_used_features_complete_event  libbluenrg1_stack.a(aci_events.o)
    0x1005142c   0x1005142c   0x00000040   Code   RO         5130    i.hci_le_set_event_mask  libbluenrg1_stack.a(hci.o)
    0x1005146c   0x1005146c   0x00000016   Code   RO         5135    i.hci_le_set_scan_response_data  libbluenrg1_stack.a(hci.o)
    0x10051482   0x10051482   0x00000002   Code   RO         5516    i.hci_number_of_completed_packets_event  libbluenrg1_stack.a(aci_events.o)
    0x10051484   0x10051484   0x00000002   Code   RO         5517    i.hci_read_remote_version_information_complete_event  libbluenrg1_stack.a(aci_events.o)
    0x10051486   0x10051486   0x00000002   PAD
    0x10051488   0x10051488   0x0000006c   Code   RO         5149    i.hci_rx_acl_data   libbluenrg1_stack.a(hci.o)
    0x100514f4   0x100514f4   0x00000004   Code   RO         5518    i.hci_rx_acl_data_event  libbluenrg1_stack.a(aci_events.o)
    0x100514f8   0x100514f8   0x00000048   Code   RO         5152    i.hci_tx_acl_data_done  libbluenrg1_stack.a(hci.o)
    0x10051540   0x10051540   0x00000008   Code   RO         5635    i.int16ToLe2Byte    libbluenrg1_stack.a(gatt_client.o)
    0x10051548   0x10051548   0x00000010   Code   RO         5238    i.int32ToLe4Byte    libbluenrg1_stack.a(ll_routines_master.o)
    0x10051558   0x10051558   0x00000010   Code   RO         5303    i.int32ToLe4Byte    libbluenrg1_stack.a(securitymgr.o)
    0x10051568   0x10051568   0x00000010   Code   RO         5909    i.int32ToLe4Byte    libbluenrg1_stack.a(rom_ll_ll_routines.o)
    0x10051578   0x10051578   0x00000010   Code   RO         5956    i.int32ToLe4Byte    libbluenrg1_stack.a(sdb.o)
    0x10051588   0x10051588   0x00000040   Code   RO         5539    i.int_cb_hci_acl_data_ind_event  libbluenrg1_stack.a(acl.o)
    0x100515c8   0x100515c8   0x00000054   Code   RO         5540    i.int_cb_hci_acl_data_tx_cmpl_event  libbluenrg1_stack.a(acl.o)
    0x1005161c   0x1005161c   0x00000026   Code   RO         5519    i.int_cb_hci_disconnection_complete_event  libbluenrg1_stack.a(aci_events.o)
    0x10051642   0x10051642   0x0000001a   Code   RO         5520    i.int_cb_hci_encryption_change_event  libbluenrg1_stack.a(aci_events.o)
    0x1005165c   0x1005165c   0x0000001a   Code   RO         5521    i.int_cb_hci_encryption_key_refresh_complete_event  libbluenrg1_stack.a(aci_events.o)
    0x10051676   0x10051676   0x0000001e   Code   RO         5522    i.int_cb_hci_le_advertising_report_event  libbluenrg1_stack.a(aci_events.o)
    0x10051694   0x10051694   0x00000026   Code   RO         5523    i.int_cb_hci_le_connection_complete_event  libbluenrg1_stack.a(aci_events.o)
    0x100516ba   0x100516ba   0x00000010   Code   RO         5524    i.int_cb_hci_le_data_length_change_event  libbluenrg1_stack.a(aci_events.o)
    0x100516ca   0x100516ca   0x0000001e   Code   RO         5525    i.int_cb_hci_le_direct_advertising_report_event  libbluenrg1_stack.a(aci_events.o)
    0x100516e8   0x100516e8   0x00000026   Code   RO         5526    i.int_cb_hci_le_enhanced_connection_complete_event  libbluenrg1_stack.a(aci_events.o)
    0x1005170e   0x1005170e   0x0000001a   Code   RO         5527    i.int_cb_hci_le_generate_dhkey_complete_event  libbluenrg1_stack.a(aci_events.o)
    0x10051728   0x10051728   0x0000000c   Code   RO         5528    i.int_cb_hci_le_long_term_key_request_event  libbluenrg1_stack.a(aci_events.o)
    0x10051734   0x10051734   0x0000001a   Code   RO         5529    i.int_cb_hci_le_read_local_p256_public_key_complete_event  libbluenrg1_stack.a(aci_events.o)
    0x1005174e   0x1005174e   0x0000001e   Code   RO         6033    i.is_Buffer_All_Set_To  libbluenrg1_stack.a(utils.o)
    0x1005176c   0x1005176c   0x00000034   Code   RO         5813    i.is_slave          libbluenrg1_stack.a(multi_master_time.o)
    0x100517a0   0x100517a0   0x00000020   Code   RO         5541    i.isr_Acl_Data_Indication_Queue_Full  libbluenrg1_stack.a(acl.o)
    0x100517c0   0x100517c0   0x00000020   Code   RO         5542    i.isr_Acl_Data_TX_Cmpl_Queue_Full  libbluenrg1_stack.a(acl.o)
    0x100517e0   0x100517e0   0x00000390   Code   RO         5174    i.isr_advertise_state  libbluenrg1_stack.a(ll_isr.o)
    0x10051b70   0x10051b70   0x000006d8   Code   RO         5175    i.isr_connect_master_state  libbluenrg1_stack.a(ll_isr.o)
    0x10052248   0x10052248   0x000007d4   Code   RO         5176    i.isr_connect_slave_state  libbluenrg1_stack.a(ll_isr.o)
    0x10052a1c   0x10052a1c   0x00000600   Code   RO         5239    i.isr_event_handler  libbluenrg1_stack.a(ll_routines_master.o)
    0x1005301c   0x1005301c   0x00000200   Code   RO         5240    i.isr_event_handler_scan_data  libbluenrg1_stack.a(ll_routines_master.o)
    0x1005321c   0x1005321c   0x00000008   Code   RO         3901    i.isr_event_handler_scan_data_ucfg  stack_user_cfg.o
    0x10053224   0x10053224   0x000001f4   Code   RO         5726    i.isr_postproc      libbluenrg1_stack.a(isr_postproc.o)
    0x10053418   0x10053418   0x00000110   Code   RO         5879    i.isr_postproc1     libbluenrg1_stack.a(rom_ll_isr_postproc.o)
    0x10053528   0x10053528   0x00000016   Code   RO         5880    i.isr_postproc_encrypt_data  libbluenrg1_stack.a(rom_ll_isr_postproc.o)
    0x1005353e   0x1005353e   0x00000002   PAD
    0x10053540   0x10053540   0x00000610   Code   RO         5177    i.isr_scan_state    libbluenrg1_stack.a(ll_isr.o)
    0x10053b50   0x10053b50   0x00000038   Code   RO         5178    i.isr_test_rx_state  libbluenrg1_stack.a(ll_isr.o)
    0x10053b88   0x10053b88   0x00000068   Code   RO         5179    i.isr_test_tx_state  libbluenrg1_stack.a(ll_isr.o)
    0x10053bf0   0x10053bf0   0x0000002c   Code   RO         5180    i.isr_unknown_state  libbluenrg1_stack.a(ll_isr.o)
    0x10053c1c   0x10053c1c   0x0000000a   Code   RO         5271    i.le2ByteToInt16    libbluenrg1_stack.a(rom_ll_isr_routines.o)
    0x10053c26   0x10053c26   0x0000000a   Code   RO         5636    i.le2ByteToInt16    libbluenrg1_stack.a(gatt_client.o)
    0x10053c30   0x10053c30   0x00000016   Code   RO         5272    i.le4ByteToInt32    libbluenrg1_stack.a(rom_ll_isr_routines.o)
    0x10053c46   0x10053c46   0x00000016   Code   RO         5283    i.le4ByteToInt32    libbluenrg1_stack.a(rom_ll_ll_routines_master.o)
    0x10053c5c   0x10053c5c   0x00000016   Code   RO         5304    i.le4ByteToInt32    libbluenrg1_stack.a(securitymgr.o)
    0x10053c72   0x10053c72   0x00000016   Code   RO         5911    i.le4ByteToInt32    libbluenrg1_stack.a(rom_ll_ll_routines.o)
    0x10053c88   0x10053c88   0x00000004   Code   RO         5775    i.ll_write_supported_data_ucfg  libbluenrg1_stack.a(ll_routines.o)
    0x10053c8c   0x10053c8c   0x00000034   Code   RO         2459    i.lsm6ds3_block_data_update_set  lsm6ds3_reg.o
    0x10053cc0   0x10053cc0   0x0000000e   Code   RO         2466    i.lsm6ds3_device_id_get  lsm6ds3_reg.o
    0x10053cce   0x10053cce   0x00000032   Code   RO         2471    i.lsm6ds3_fifo_data_level_get  lsm6ds3_reg.o
    0x10053d00   0x10053d00   0x00000034   Code   RO         2473    i.lsm6ds3_fifo_data_rate_set  lsm6ds3_reg.o
    0x10053d34   0x10053d34   0x00000034   Code   RO         2477    i.lsm6ds3_fifo_dataset_4_batch_set  lsm6ds3_reg.o
    0x10053d68   0x10053d68   0x00000034   Code   RO         2480    i.lsm6ds3_fifo_gy_batch_set  lsm6ds3_reg.o
    0x10053d9c   0x10053d9c   0x00000034   Code   RO         2482    i.lsm6ds3_fifo_mode_set  lsm6ds3_reg.o
    0x10053dd0   0x10053dd0   0x00000032   Code   RO         2486    i.lsm6ds3_fifo_pedo_batch_set  lsm6ds3_reg.o
    0x10053e02   0x10053e02   0x0000005c   Code   RO         2493    i.lsm6ds3_fifo_watermark_set  lsm6ds3_reg.o
    0x10053e5e   0x10053e5e   0x00000034   Code   RO         2495    i.lsm6ds3_fifo_write_trigger_set  lsm6ds3_reg.o
    0x10053e92   0x10053e92   0x00000018   Code   RO         2496    i.lsm6ds3_fifo_wtm_flag_get  lsm6ds3_reg.o
    0x10053eaa   0x10053eaa   0x00000034   Code   RO         2498    i.lsm6ds3_fifo_xl_batch_set  lsm6ds3_reg.o
    0x10053ede   0x10053ede   0x00000032   Code   RO         2522    i.lsm6ds3_gy_data_rate_set  lsm6ds3_reg.o
    0x10053f10   0x10053f10   0x00000034   Code   RO         2527    i.lsm6ds3_gy_full_scale_set  lsm6ds3_reg.o
    0x10053f44   0x10053f44   0x00000034   Code   RO         2541    i.lsm6ds3_int_notification_set  lsm6ds3_reg.o
    0x10053f78   0x10053f78   0x00000074   Code   RO         2565    i.lsm6ds3_pedo_sens_set  lsm6ds3_reg.o
    0x10053fec   0x10053fec   0x00000128   Code   RO         2574    i.lsm6ds3_pin_int1_route_get  lsm6ds3_reg.o
    0x10054114   0x10054114   0x00000138   Code   RO         2575    i.lsm6ds3_pin_int1_route_set  lsm6ds3_reg.o
    0x1005424c   0x1005424c   0x0000000e   Code   RO         2582    i.lsm6ds3_read_reg  lsm6ds3_reg.o
    0x1005425a   0x1005425a   0x0000001a   Code   RO         2583    i.lsm6ds3_reset_get  lsm6ds3_reg.o
    0x10054274   0x10054274   0x00000034   Code   RO         2584    i.lsm6ds3_reset_set  lsm6ds3_reg.o
    0x100542a8   0x100542a8   0x00000034   Code   RO         2638    i.lsm6ds3_timestamp_res_set  lsm6ds3_reg.o
    0x100542dc   0x100542dc   0x00000012   Code   RO         2639    i.lsm6ds3_timestamp_rst_set  lsm6ds3_reg.o
    0x100542ee   0x100542ee   0x00000032   Code   RO         2640    i.lsm6ds3_timestamp_set  lsm6ds3_reg.o
    0x10054320   0x10054320   0x0000000e   Code   RO         2646    i.lsm6ds3_write_reg  lsm6ds3_reg.o
    0x1005432e   0x1005432e   0x00000032   Code   RO         2654    i.lsm6ds3_xl_data_rate_set  lsm6ds3_reg.o
    0x10054360   0x10054360   0x00000034   Code   RO         2659    i.lsm6ds3_xl_full_scale_set  lsm6ds3_reg.o
    0x10054394   0x10054394   0x00000020   Code   RO         5932    i.machine_time_trans  libbluenrg1_stack.a(rom_ll_timehandling.o)
    0x100543b4   0x100543b4   0x00000134   Code   RO         4878    i.main              sensordemo_main.o
    0x100544e8   0x100544e8   0x000000a4   Code   RO         5782    i.mem_alloc_ctx_init  libbluenrg1_stack.a(mem_alloc.o)
    0x1005458c   0x1005458c   0x00000008   Code   RO         5291    i.microseconds_to_machine_time  libbluenrg1_stack.a(routines_support.o)
    0x10054594   0x10054594   0x0000001c   Code   RO         5926    i.modulo_37         libbluenrg1_stack.a(rom_ll_routines_support.o)
    0x100545b0   0x100545b0   0x00000060   Code   RO         4362    i.nextRF_transaction  system_bluenrg1.o
    0x10054610   0x10054610   0x0000001c   Code   RO         5814    i.nsar_init         libbluenrg1_stack.a(multi_master_time.o)
    0x1005462c   0x1005462c   0x00000020   Code   RO         5815    i.nsar_insertSlotListEntry  libbluenrg1_stack.a(multi_master_time.o)
    0x1005464c   0x1005464c   0x000000c4   Code   RO         5816    i.nsar_searchBestFreeSlot  libbluenrg1_stack.a(multi_master_time.o)
    0x10054710   0x10054710   0x00000022   Code   RO         5818    i.nsar_updateBestFreeSlot  libbluenrg1_stack.a(multi_master_time.o)
    0x10054732   0x10054732   0x00000002   PAD
    0x10054734   0x10054734   0x0000006c   Code   RO         5819    i.nsar_updateSlotListEntry  libbluenrg1_stack.a(multi_master_time.o)
    0x100547a0   0x100547a0   0x0000000e   Code   RO         2670    i.platform_read     lsm6ds3_reg.o
    0x100547ae   0x100547ae   0x0000000e   Code   RO         2671    i.platform_write    lsm6ds3_reg.o
    0x100547bc   0x100547bc   0x0000007c   Code   RO         5776    i.read_rssi         libbluenrg1_stack.a(ll_routines.o)
    0x10054838   0x10054838   0x00000094   Code   RO         5822    i.request_scan_slot  libbluenrg1_stack.a(multi_master_time.o)
    0x100548cc   0x100548cc   0x00000014   Code   RO         1079    i.rev_memcmp        bluenrg1_pka.o
    0x100548e0   0x100548e0   0x0000001a   Code   RO         5221    i.scan_connection_or_advertiser  libbluenrg1_stack.a(ll_privacy.o)
    0x100548fa   0x100548fa   0x00000002   PAD
    0x100548fc   0x100548fc   0x000000b4   Code   RO         5824    i.schedule_advertise_slot  libbluenrg1_stack.a(multi_master_time.o)
    0x100549b0   0x100549b0   0x00000164   Code   RO         5957    i.sdb_delete        libbluenrg1_stack.a(sdb.o)
    0x10054b14   0x10054b14   0x000000c8   Code   RO         5958    i.sdb_find_client_data  libbluenrg1_stack.a(sdb.o)
    0x10054bdc   0x10054bdc   0x00000018   Code   RO         5959    i.sdb_get_gatt_db_start_address  libbluenrg1_stack.a(sdb.o)
    0x10054bf4   0x10054bf4   0x00000020   Code   RO         5960    i.sdb_invalidate_record  libbluenrg1_stack.a(sdb.o)
    0x10054c14   0x10054c14   0x00000024   Code   RO         5961    i.sdb_read_record   libbluenrg1_stack.a(sdb.o)
    0x10054c38   0x10054c38   0x00000010   Code   RO         5962    i.sdb_read_record_validity  libbluenrg1_stack.a(sdb.o)
    0x10054c48   0x10054c48   0x0000007c   Code   RO         5963    i.sdb_write_record  libbluenrg1_stack.a(sdb.o)
    0x10054cc4   0x10054cc4   0x00000004   Code   RO         3903    i.secure_connections_csr_ucfg  stack_user_cfg.o
    0x10054cc8   0x10054cc8   0x00000100   Code   RO         5090    i.setGapAdvData     libbluenrg1_stack.a(gap.o)
    0x10054dc8   0x10054dc8   0x00000088   Code   RO         5933    i.set_freq          libbluenrg1_stack.a(rom_ll_timehandling.o)
    0x10054e50   0x10054e50   0x0000001c   Code   RO         5934    i.set_sca           libbluenrg1_stack.a(rom_ll_timehandling.o)
    0x10054e6c   0x10054e6c   0x00000010   Code   RO         5703    i.set_string        libbluenrg1_stack.a(hal.o)
    0x10054e7c   0x10054e7c   0x000001a8   Code   RO         5292    i.slave_advance     libbluenrg1_stack.a(routines_support.o)
    0x10055024   0x10055024   0x00000110   Code   RO         5305    i.sm_RepeatedAttacks_Protection  libbluenrg1_stack.a(securitymgr.o)
    0x10055134   0x10055134   0x0000004c   Code   RO         6009    i.sm_search_blackList  libbluenrg1_stack.a(smp_common.o)
    0x10055180   0x10055180   0x000000ca   Code   RO         5977    i.sma_CMAC_generate_tag  libbluenrg1_stack.a(smp_algo_sap.o)
    0x1005524a   0x1005524a   0x00000038   Code   RO         5978    i.sma_Calculate_Hash  libbluenrg1_stack.a(smp_algo_sap.o)
    0x10055282   0x10055282   0x00000080   Code   RO         5979    i.sma_generate_subkeys  libbluenrg1_stack.a(smp_algo_sap.o)
    0x10055302   0x10055302   0x0000002c   Code   RO         5980    i.sma_left_shift    libbluenrg1_stack.a(smp_algo_sap.o)
    0x1005532e   0x1005532e   0x00000018   Code   RO         5306    i.smp_Build_AuthReq_Field  libbluenrg1_stack.a(securitymgr.o)
    0x10055346   0x10055346   0x00000002   PAD
    0x10055348   0x10055348   0x00000044   Code   RO         5307    i.smp_Build_Pairing_ReqResp_Packet  libbluenrg1_stack.a(securitymgr.o)
    0x1005538c   0x1005538c   0x0000003c   Code   RO         5308    i.smp_Check_Incoming_Pairing_Parameters  libbluenrg1_stack.a(securitymgr.o)
    0x100553c8   0x100553c8   0x000000b8   Code   RO         5309    i.smp_Determine_Key_Association_Method  libbluenrg1_stack.a(securitymgr.o)
    0x10055480   0x10055480   0x00000190   Code   RO         5310    i.smp_Execute_Actions_wrt_Current_State  libbluenrg1_stack.a(securitymgr.o)
    0x10055610   0x10055610   0x00000050   Code   RO         5311    i.smp_Execute_Actions_wrt_Current_State_MI_excerpt  libbluenrg1_stack.a(securitymgr.o)
    0x10055660   0x10055660   0x00000008   Code   RO         3904    i.smp_Execute_Actions_wrt_Current_State_MI_excerpt_ucfg  stack_user_cfg.o
    0x10055668   0x10055668   0x00000012   Code   RO         5313    i.smp_Execute_Actions_wrt_Current_State_sc_MI_excerpt_phase2as2  libbluenrg1_stack.a(securitymgr.o)
    0x1005567a   0x1005567a   0x00000008   Code   RO         3905    i.smp_Execute_Actions_wrt_Current_State_sc_MI_excerpt_phase2as2_ucfg  stack_user_cfg.o
    0x10055682   0x10055682   0x00000058   Code   RO         5315    i.smp_Execute_Actions_wrt_Current_State_sc_excerpt_phase2as2  libbluenrg1_stack.a(securitymgr.o)
    0x100556da   0x100556da   0x00000008   Code   RO         3906    i.smp_Execute_Actions_wrt_Current_State_sc_excerpt_phase2as2_ucfg  stack_user_cfg.o
    0x100556e2   0x100556e2   0x00000002   PAD
    0x100556e4   0x100556e4   0x00000070   Code   RO         5317    i.smp_Execute_Actions_wrt_Current_State_sc_excerpt_phase_1_to_2  libbluenrg1_stack.a(securitymgr.o)
    0x10055754   0x10055754   0x00000008   Code   RO         3907    i.smp_Execute_Actions_wrt_Current_State_sc_excerpt_phase_1_to_2_ucfg  stack_user_cfg.o
    0x1005575c   0x1005575c   0x00000090   Code   RO         5319    i.smp_Get_Long_Term_Key  libbluenrg1_stack.a(securitymgr.o)
    0x100557ec   0x100557ec   0x00000088   Code   RO         5320    i.smp_Get_Pairing_Parameters_From_Peer_Packet  libbluenrg1_stack.a(securitymgr.o)
    0x10055874   0x10055874   0x00000034   Code   RO         6010    i.smp_Keys_Distribution_Complete  libbluenrg1_stack.a(smp_common.o)
    0x100558a8   0x100558a8   0x0000011c   Code   RO         5321    i.smp_Keys_Distribution_Send  libbluenrg1_stack.a(securitymgr.o)
    0x100559c4   0x100559c4   0x00000164   Code   RO         5322    i.smp_LP_MI_Compute_c1_Confirm_Value  libbluenrg1_stack.a(securitymgr.o)
    0x10055b28   0x10055b28   0x00000076   Code   RO         5323    i.smp_MI_Start_Encryption  libbluenrg1_stack.a(securitymgr.o)
    0x10055b9e   0x10055b9e   0x00000008   Code   RO         3908    i.smp_MI_Start_Encryption_ucfg  stack_user_cfg.o
    0x10055ba6   0x10055ba6   0x00000002   PAD
    0x10055ba8   0x10055ba8   0x00000088   Code   RO         5325    i.smp_Process_Rx_Packet_Exception_Cases_sc_excerpt  libbluenrg1_stack.a(securitymgr.o)
    0x10055c30   0x10055c30   0x00000008   Code   RO         3909    i.smp_Process_Rx_Packet_Exception_Cases_sc_excerpt_ucfg  stack_user_cfg.o
    0x10055c38   0x10055c38   0x000000f4   Code   RO         5327    i.smp_Process_Rx_Packet_wrt_Current_State  libbluenrg1_stack.a(securitymgr.o)
    0x10055d2c   0x10055d2c   0x00000052   Code   RO         5328    i.smp_Process_Rx_Packet_wrt_Current_State_MI_excerpt  libbluenrg1_stack.a(securitymgr.o)
    0x10055d7e   0x10055d7e   0x00000008   Code   RO         3910    i.smp_Process_Rx_Packet_wrt_Current_State_MI_excerpt_ucfg  stack_user_cfg.o
    0x10055d86   0x10055d86   0x0000004a   Code   RO         5330    i.smp_Process_Rx_Packet_wrt_Current_State_sc_excerpt  libbluenrg1_stack.a(securitymgr.o)
    0x10055dd0   0x10055dd0   0x00000008   Code   RO         3911    i.smp_Process_Rx_Packet_wrt_Current_State_sc_excerpt_ucfg  stack_user_cfg.o
    0x10055dd8   0x10055dd8   0x00000020   Code   RO         5332    i.smp_Reset_Timer   libbluenrg1_stack.a(securitymgr.o)
    0x10055df8   0x10055df8   0x00000174   Code   RO         5333    i.smp_SR_Compute_c1_Confirm_Value  libbluenrg1_stack.a(securitymgr.o)
    0x10055f6c   0x10055f6c   0x00000078   Code   RO         5334    i.smp_Set_Key_Association_Method  libbluenrg1_stack.a(securitymgr.o)
    0x10055fe4   0x10055fe4   0x00000058   Code   RO         5335    i.smp____MI_PairingConfirm_Receive  libbluenrg1_stack.a(securitymgr.o)
    0x1005603c   0x1005603c   0x00000068   Code   RO         5336    i.smp____MI_PairingConfirm_Send  libbluenrg1_stack.a(securitymgr.o)
    0x100560a4   0x100560a4   0x000000f8   Code   RO         5337    i.smp____MI_PairingRandom_Receive  libbluenrg1_stack.a(securitymgr.o)
    0x1005619c   0x1005619c   0x0000006e   Code   RO         5338    i.smp____MI_PairingResponse_Receive  libbluenrg1_stack.a(securitymgr.o)
    0x1005620a   0x1005620a   0x00000002   PAD
    0x1005620c   0x1005620c   0x00000064   Code   RO         5339    i.smp____MI_SecurityRequest_Receive  libbluenrg1_stack.a(securitymgr.o)
    0x10056270   0x10056270   0x00000010   Code   RO         6011    i.smp____PairingFailed_Receive  libbluenrg1_stack.a(smp_common.o)
    0x10056280   0x10056280   0x00000074   Code   RO         6012    i.smp____Pairing_Process_Abort  libbluenrg1_stack.a(smp_common.o)
    0x100562f4   0x100562f4   0x00000060   Code   RO         5363    i.smp____SC_Phase_2AS2_DHKeyCheck_Send  libbluenrg1_stack.a(smp_scv42_caf.o)
    0x10056354   0x10056354   0x00000148   Code   RO         5364    i.smp____SC_Phase_2AS2_Generate_DHKeyCheck  libbluenrg1_stack.a(smp_scv42_caf.o)
    0x1005649c   0x1005649c   0x00000032   Code   RO         5365    i.smp____SC_Phase_2AS2__Set_Addresses  libbluenrg1_stack.a(smp_scv42_caf.o)
    0x100564ce   0x100564ce   0x0000007c   Code   RO         5340    i.smp____SR_PairingConfirm_Receive  libbluenrg1_stack.a(securitymgr.o)
    0x1005654a   0x1005654a   0x00000002   PAD
    0x1005654c   0x1005654c   0x00000130   Code   RO         5341    i.smp____SR_PairingRandom_Receive  libbluenrg1_stack.a(securitymgr.o)
    0x1005667c   0x1005667c   0x000001c0   Code   RO         5342    i.smp____SR_PairingRequest_Receive  libbluenrg1_stack.a(securitymgr.o)
    0x1005683c   0x1005683c   0x0000014c   Code   RO         6013    i.smp_add_to_sdb    libbluenrg1_stack.a(smp_common.o)
    0x10056988   0x10056988   0x00000040   Code   RO         6014    i.smp_find_remote_device_index  libbluenrg1_stack.a(smp_common.o)
    0x100569c8   0x100569c8   0x0000001e   Code   RO         6015    i.smp_get_CSRK      libbluenrg1_stack.a(smp_common.o)
    0x100569e6   0x100569e6   0x00000002   PAD
    0x100569e8   0x100569e8   0x00000040   Code   RO         6016    i.smp_get_local_identity_address  libbluenrg1_stack.a(smp_common.o)
    0x10056a28   0x10056a28   0x00000036   Code   RO         6018    i.smp_keys_distribution_start  libbluenrg1_stack.a(smp_common.o)
    0x10056a5e   0x10056a5e   0x000000d6   Code   RO         6019    i.smp_keys_receiving  libbluenrg1_stack.a(smp_common.o)
    0x10056b34   0x10056b34   0x0000003c   Code   RO         6020    i.smp_oob_check_is_remote_data_present  libbluenrg1_stack.a(smp_common.o)
    0x10056b70   0x10056b70   0x0000004c   Code   RO         6021    i.smp_oob_get_remote_data_reference  libbluenrg1_stack.a(smp_common.o)
    0x10056bbc   0x10056bbc   0x00000036   Code   RO         6022    i.smp_pairing_2octets_packet_send  libbluenrg1_stack.a(smp_common.o)
    0x10056bf2   0x10056bf2   0x00000002   PAD
    0x10056bf4   0x10056bf4   0x00000090   Code   RO         6023    i.smp_pairing_completed  libbluenrg1_stack.a(smp_common.o)
    0x10056c84   0x10056c84   0x0000002a   Code   RO         6024    i.smp_pairing_failed_send  libbluenrg1_stack.a(smp_common.o)
    0x10056cae   0x10056cae   0x00000002   PAD
    0x10056cb0   0x10056cb0   0x00000040   Code   RO         5343    i.smp_sc_MI_PairingConfirm_Send_sc_excerpt  libbluenrg1_stack.a(securitymgr.o)
    0x10056cf0   0x10056cf0   0x00000008   Code   RO         3912    i.smp_sc_MI_PairingConfirm_Send_sc_excerpt_ucfg  stack_user_cfg.o
    0x10056cf8   0x10056cf8   0x00000054   Code   RO         5345    i.smp_sc_MI_PairingRandom_Receive_sc_excerpt1  libbluenrg1_stack.a(securitymgr.o)
    0x10056d4c   0x10056d4c   0x00000008   Code   RO         3913    i.smp_sc_MI_PairingRandom_Receive_sc_excerpt1_ucfg  stack_user_cfg.o
    0x10056d54   0x10056d54   0x00000074   Code   RO         5347    i.smp_sc_MI_PairingRandom_Receive_sc_excerpt2  libbluenrg1_stack.a(securitymgr.o)
    0x10056dc8   0x10056dc8   0x00000008   Code   RO         3914    i.smp_sc_MI_PairingRandom_Receive_sc_excerpt2_ucfg  stack_user_cfg.o
    0x10056dd0   0x10056dd0   0x00000040   Code   RO         5349    i.smp_sc_MI_PairingResponse_Receive_sc_excerpt  libbluenrg1_stack.a(securitymgr.o)
    0x10056e10   0x10056e10   0x00000008   Code   RO         3915    i.smp_sc_MI_PairingResponse_Receive_sc_excerpt_ucfg  stack_user_cfg.o
    0x10056e18   0x10056e18   0x0000002c   Code   RO         5351    i.smp_sc_MI_Pairing_Phase_2AS1_Start_sc_excerpt  libbluenrg1_stack.a(securitymgr.o)
    0x10056e44   0x10056e44   0x00000008   Code   RO         3916    i.smp_sc_MI_Pairing_Phase_2AS1_Start_sc_excerpt_ucfg  stack_user_cfg.o
    0x10056e4c   0x10056e4c   0x00000044   Code   RO         5353    i.smp_sc_SR_PairingConfirm_Receive_sc_excerpt  libbluenrg1_stack.a(securitymgr.o)
    0x10056e90   0x10056e90   0x00000008   Code   RO         3917    i.smp_sc_SR_PairingConfirm_Receive_sc_excerpt_ucfg  stack_user_cfg.o
    0x10056e98   0x10056e98   0x000000b4   Code   RO         5355    i.smp_sc_SR_PairingRandom_Receive_sc_excerpt  libbluenrg1_stack.a(securitymgr.o)
    0x10056f4c   0x10056f4c   0x00000008   Code   RO         3918    i.smp_sc_SR_PairingRandom_Receive_sc_excerpt_ucfg  stack_user_cfg.o
    0x10056f54   0x10056f54   0x00000030   Code   RO         5357    i.smp_sc_SR_Pairing_Phase_2AS1_Start_sc_excerpt  libbluenrg1_stack.a(securitymgr.o)
    0x10056f84   0x10056f84   0x00000008   Code   RO         3919    i.smp_sc_SR_Pairing_Phase_2AS1_Start_sc_excerpt_ucfg  stack_user_cfg.o
    0x10056f8c   0x10056f8c   0x00000038   Code   RO         5366    i.smp_sc_check_for_ecc_pk_generation_request  libbluenrg1_stack.a(smp_scv42_caf.o)
    0x10056fc4   0x10056fc4   0x00000008   Code   RO         3920    i.smp_sc_check_for_ecc_pk_generation_request_ucfg  stack_user_cfg.o
    0x10056fcc   0x10056fcc   0x0000003c   Code   RO         5368    i.smp_sc_continue_on_exclusive_sc_pairing  libbluenrg1_stack.a(smp_scv42_caf.o)
    0x10057008   0x10057008   0x00000008   Code   RO         3921    i.smp_sc_continue_on_exclusive_sc_pairing_ucfg  stack_user_cfg.o
    0x10057010   0x10057010   0x00000020   Code   RO         5370    i.smp_sc_force_debug_private_key  libbluenrg1_stack.a(smp_scv42_caf.o)
    0x10057030   0x10057030   0x0000007c   Code   RO         5390    i.smp_sc_hci_le_generate_dhkey_complete_evt_hndl  libbluenrg1_stack.a(smp_scv42_sap.o)
    0x100570ac   0x100570ac   0x00000008   Code   RO         3923    i.smp_sc_hci_le_generate_dhkey_complete_evt_hndl_ucfg  stack_user_cfg.o
    0x100570b4   0x100570b4   0x00000048   Code   RO         5392    i.smp_sc_hci_le_read_local_p256_public_key_complete_evt_hndl  libbluenrg1_stack.a(smp_scv42_sap.o)
    0x100570fc   0x100570fc   0x00000008   Code   RO         3924    i.smp_sc_hci_le_read_local_p256_public_key_complete_evt_hndl_ucfg  stack_user_cfg.o
    0x10057104   0x10057104   0x00000048   Code   RO         5373    i.smp_sc_init       libbluenrg1_stack.a(smp_scv42_caf.o)
    0x1005714c   0x1005714c   0x00000008   Code   RO         3925    i.smp_sc_init_ucfg  stack_user_cfg.o
    0x10057154   0x10057154   0x00000038   Code   RO         5375    i.smp_sc_is_any_other_sc_pairing_ongoing  libbluenrg1_stack.a(smp_scv42_caf.o)
    0x1005718c   0x1005718c   0x00000018   Code   RO         5376    i.smp_sc_is_debug_key_usage_forced  libbluenrg1_stack.a(smp_scv42_caf.o)
    0x100571a4   0x100571a4   0x00000094   Code   RO         5377    i.smp_sc_pairing_oob_confirm_receive_verify  libbluenrg1_stack.a(smp_scv42_caf.o)
    0x10057238   0x10057238   0x000000c4   Code   RO         5378    i.smp_sc_pairing_public_key_receive  libbluenrg1_stack.a(smp_scv42_caf.o)
    0x100572fc   0x100572fc   0x00000080   Code   RO         5379    i.smp_sc_pairing_public_key_send  libbluenrg1_stack.a(smp_scv42_caf.o)
    0x1005737c   0x1005737c   0x00000074   Code   RO         5380    i.smp_sc_phase_2as2_dhkey_check_receive  libbluenrg1_stack.a(smp_scv42_caf.o)
    0x100573f0   0x100573f0   0x000000b8   Code   RO         5381    i.smp_sc_phase_2as2_start  libbluenrg1_stack.a(smp_scv42_caf.o)
    0x100574a8   0x100574a8   0x0000001c   Code   RO         5382    i.smp_sc_submit_ecc_pk_generation_request  libbluenrg1_stack.a(smp_scv42_caf.o)
    0x100574c4   0x100574c4   0x00000064   Code   RO         5383    i.smp_sc_update_statistics_on_pairing_complete  libbluenrg1_stack.a(smp_scv42_caf.o)
    0x10057528   0x10057528   0x00000008   Code   RO         3926    i.smp_sc_update_statistics_on_pairing_complete_ucfg  stack_user_cfg.o
    0x10057530   0x10057530   0x0000001e   Code   RO         5359    i.smp_send_packet   libbluenrg1_stack.a(securitymgr.o)
    0x1005754e   0x1005754e   0x00000002   PAD
    0x10057550   0x10057550   0x000000bc   Code   RO         5825    i.start_timebase    libbluenrg1_stack.a(multi_master_time.o)
    0x1005760c   0x1005760c   0x00000008   Code   RO         3927    i.state_func_call_init_csr_ucfg  stack_user_cfg.o
    0x10057614   0x10057614   0x0000001e   Code   RO         5685    i.store_data        libbluenrg1_stack.a(gatt_server.o)
    0x10057632   0x10057632   0x00000002   PAD
    0x10057634   0x10057634   0x0000013c   Code   RO         5293    i.swap_slaves       libbluenrg1_stack.a(routines_support.o)
    0x10057770   0x10057770   0x0000000a   Code   RO         5294    i.swap_u16          libbluenrg1_stack.a(routines_support.o)
    0x1005777a   0x1005777a   0x0000000a   Code   RO         5826    i.swap_u16          libbluenrg1_stack.a(multi_master_time.o)
    0x10057784   0x10057784   0x0000000a   Code   RO         5295    i.swap_u32          libbluenrg1_stack.a(routines_support.o)
    0x1005778e   0x1005778e   0x0000000a   Code   RO         5296    i.swap_u8           libbluenrg1_stack.a(routines_support.o)
    0x10057798   0x10057798   0x00000010   Code   RO         5935    i.system_time_trans  libbluenrg1_stack.a(rom_ll_timehandling.o)
    0x100577a8   0x100577a8   0x00000030   Code   RO         5936    i.system_time_trans_ext  libbluenrg1_stack.a(rom_ll_timehandling.o)
    0x100577d8   0x100577d8   0x0000000e   Code   RO         5937    i.time_offset1      libbluenrg1_stack.a(rom_ll_timehandling.o)
    0x100577e6   0x100577e6   0x00000002   PAD
    0x100577e8   0x100577e8   0x00000010   Code   RO         5938    i.time_offset2      libbluenrg1_stack.a(rom_ll_timehandling.o)
    0x100577f8   0x100577f8   0x0000003c   Code   RO         5827    i.timebase_start_connect  libbluenrg1_stack.a(multi_master_time.o)
    0x10057834   0x10057834   0x0000002e   Code   RO         5273    i.unpack_channel_map  libbluenrg1_stack.a(rom_ll_isr_routines.o)
    0x10057862   0x10057862   0x00000048   Code   RO         5274    i.unpack_update_request  libbluenrg1_stack.a(rom_ll_isr_routines.o)
    0x100578aa   0x100578aa   0x00000024   Code   RO         5881    i.wait_for_aes_ready  libbluenrg1_stack.a(rom_ll_isr_postproc.o)
    0x100578ce   0x100578ce   0x00000002   PAD
    0x100578d0   0x100578d0   0x00000003   Data   RO         1876    .constdata          lsm6ds3.o
    0x100578d3   0x100578d3   0x00000001   PAD
    0x100578d4   0x100578d4   0x00000008   Data   RO         2164    .constdata          sdk_eval_config.o
    0x100578dc   0x100578dc   0x00000004   Data   RO         2165    .constdata          sdk_eval_config.o
    0x100578e0   0x100578e0   0x00000004   Data   RO         2166    .constdata          sdk_eval_config.o
    0x100578e4   0x100578e4   0x00000004   Data   RO         2167    .constdata          sdk_eval_config.o
    0x100578e8   0x100578e8   0x00000004   Data   RO         2168    .constdata          sdk_eval_config.o
    0x100578ec   0x100578ec   0x0000000c   Data   RO         2177    .constdata          sdk_eval_config.o
    0x100578f8   0x100578f8   0x00000004   Data   RO         2178    .constdata          sdk_eval_config.o
    0x100578fc   0x100578fc   0x00000004   Data   RO         2182    .constdata          sdk_eval_config.o
    0x10057900   0x10057900   0x00000004   Data   RO         2183    .constdata          sdk_eval_config.o
    0x10057904   0x10057904   0x00000004   Data   RO         2184    .constdata          sdk_eval_config.o
    0x10057908   0x10057908   0x00000004   Data   RO         2185    .constdata          sdk_eval_config.o
    0x1005790c   0x1005790c   0x00000004   Data   RO         2186    .constdata          sdk_eval_config.o
    0x10057910   0x10057910   0x00000004   Data   RO         2187    .constdata          sdk_eval_config.o
    0x10057914   0x10057914   0x00000004   Data   RO         2188    .constdata          sdk_eval_config.o
    0x10057918   0x10057918   0x00000034   Data   RO         4880    .constdata          sensordemo_main.o
    0x1005794c   0x1005794c   0x0000001a   Data   RO         5182    .constdata          libbluenrg1_stack.a(ll_isr.o)
    0x10057966   0x10057966   0x00000002   PAD
    0x10057968   0x10057968   0x00000019   Data   RO         5360    .constdata          libbluenrg1_stack.a(securitymgr.o)
    0x10057981   0x10057981   0x00000060   Data   RO         5385    .constdata          libbluenrg1_stack.a(smp_scv42_caf.o)
    0x100579e1   0x100579e1   0x00000003   PAD
    0x100579e4   0x100579e4   0x0000011c   Data   RO         5530    .constdata          libbluenrg1_stack.a(aci_events.o)
    0x10057b00   0x10057b00   0x00000040   Data   RO         5837    .constdata          libbluenrg1_stack.a(pka.o)
    0x10057b40   0x10057b40   0x00000010   Data   RO         5939    .constdata          libbluenrg1_stack.a(rom_ll_timehandling.o)
    0x10057b50   0x10057b50   0x00000010   Data   RO         5981    .constdata          libbluenrg1_stack.a(smp_algo_sap.o)
    0x10057b60   0x10057b60   0x00000010   Data   RO         6059    .constdata          libbluenrg1_stack.a(att.o)
    0x10057b70   0x10057b70   0x00000128   Data   RO         6100    .constdata          libcrypto.a(crypto.o)
    0x10057c98   0x10057c98   0x00000059   Data   RO         4667    .conststring        gatt_db_1.o
    0x10057cf1   0x10057cf1   0x00000003   PAD
    0x10057cf4   0x10057cf4   0x00000058   Data   RO         4766    .conststring        sensor.o
    0x10057d4c   0x10057d4c   0x00000090   Data   RO         6464    Region$$Table       anon$$obj.o


    Execution Region BLOCK_STACKLIB_FLASH_DATA (Exec base: 0x10067000, Load base: 0x10057ddc, Size: 0x00000838, Max: 0x00001000, ABSOLUTE, UNINIT)

    Exec Addr    Load Addr    Size         Type   Attr      Idx    E Section Name        Object

    0x10067000        -       0x00000800   Zero   RW         4886    .noinit.stacklib_flash_data  sensordemo_main.o
    0x10067800        -       0x00000038   Zero   RW         4887    .noinit.stacklib_stored_device_id_data  sensordemo_main.o


    Execution Region ota_sw_activation_block (Exec base: 0x20000004, Load base: 0x10057ddc, Size: 0x00000000, Max: 0x00000004, ABSOLUTE, UNINIT)

    **** No section assigned to this execution region ****


    Execution Region savedMSP_block (Exec base: 0x20000008, Load base: 0x10057ddc, Size: 0x00000004, Max: 0x00000004, ABSOLUTE)

    Exec Addr    Load Addr    Size         Type   Attr      Idx    E Section Name        Object

    0x20000008   0x10057ddc   0x00000004   Data   RW         4375    .savedMSP           system_bluenrg1.o


    Execution Region wakeupFromSleepFlag_block (Exec base: 0x2000000c, Load base: 0x10057de0, Size: 0x00000004, Max: 0x00000004, ABSOLUTE)

    Exec Addr    Load Addr    Size         Type   Attr      Idx    E Section Name        Object

    0x2000000c   0x10057de0   0x00000001   Data   RW         4376    .wakeupFromSleepFlag  system_bluenrg1.o


    Execution Region app_base_block (Exec base: 0x20000010, Load base: 0x10057de4, Size: 0x00000004, Max: 0x00000004, ABSOLUTE)

    Exec Addr    Load Addr    Size         Type   Attr      Idx    E Section Name        Object

    0x20000010   0x10057de4   0x00000004   Data   RW         4364    .app_base           system_bluenrg1.o


    Execution Region flash_sw_lock_block (Exec base: 0x20000014, Load base: 0x10057de8, Size: 0x00000004, Max: 0x00000004, ABSOLUTE)

    Exec Addr    Load Addr    Size         Type   Attr      Idx    E Section Name        Object

    0x20000014   0x10057de8   0x00000004   Data   RW         4371    .flash_sw_lock      system_bluenrg1.o


    Execution Region rfTimeout_block (Exec base: 0x20000018, Load base: 0x10057dec, Size: 0x00000004, Max: 0x00000004, ABSOLUTE)

    Exec Addr    Load Addr    Size         Type   Attr      Idx    E Section Name        Object

    0x20000018   0x10057dec   0x00000004   Data   RW         4374    .rfTimeout          system_bluenrg1.o


    Execution Region Blue_Flag_Ram_block (Exec base: 0x20000030, Load base: 0x10057df0, Size: 0x00000004, Max: 0x00000004, ABSOLUTE)

    Exec Addr    Load Addr    Size         Type   Attr      Idx    E Section Name        Object

    0x20000030   0x10057df0   0x00000004   Data   RW         4363    .__blueflag_RAM     system_bluenrg1.o


    Execution Region Crash_Info_block (Exec base: 0x20000034, Load base: 0x10057df4, Size: 0x00000000, Max: 0x00000028, ABSOLUTE, UNINIT)

    **** No section assigned to this execution region ****


    Execution Region BLUE (Exec base: 0x200000c0, Load base: 0x10057df4, Size: 0x0000020c, Max: 0x0000020c, ABSOLUTE, COMPRESSED[0x00000008])

    Exec Addr    Load Addr    Size         Type   Attr      Idx    E Section Name        Object

    0x200000c0   COMPRESSED   0x0000020c   Data   RW         4366    .bss.__blue_RAM     system_bluenrg1.o


    Execution Region REGION_RAM2 (Exec base: 0x200002cc, Load base: 0x10057dfc, Size: 0x00000688, Max: 0x00005d34, ABSOLUTE)

    Exec Addr    Load Addr    Size         Type   Attr      Idx    E Section Name        Object

    0x200002cc   0x10057dfc   0x00000004   Data   RW           10    .data               clock.o
    0x200002d0   0x10057e00   0x00000004   Data   RW          202    .data               sleep.o
    0x200002d4   0x10057e04   0x00000001   Data   RW         1080    .data               bluenrg1_pka.o
    0x200002d5   0x10057e05   0x00000003   PAD
    0x200002d8   0x10057e08   0x00000040   Data   RW         1877    .data               lsm6ds3.o
    0x20000318   0x10057e48   0x0000000c   Data   RW         1878    .data               lsm6ds3.o
    0x20000324   0x10057e54   0x00000004   Data   RW         2067    .data               sdk_eval_com.o
    0x20000328   0x10057e58   0x00000001   Data   RW         2189    .data               sdk_eval_config.o
    0x20000329   0x10057e59   0x00000003   PAD
    0x2000032c   0x10057e5c   0x00000004   Data   RW         4367    .data               system_bluenrg1.o
    0x20000330   0x10057e60   0x00000004   Data   RW         4368    .data               system_bluenrg1.o
    0x20000334   0x10057e64   0x00000004   Data   RW         4369    .data               system_bluenrg1.o
    0x20000338   0x10057e68   0x00000007   Data   RW         4370    .data               system_bluenrg1.o
    0x2000033f   0x10057e6f   0x00000001   PAD
    0x20000340   0x10057e70   0x00000010   Data   RW         4668    .data               gatt_db_1.o
    0x20000350   0x10057e80   0x00000014   Data   RW         4768    .data               sensor.o
    0x20000364   0x10057e94   0x00000001   Data   RW         4774    .data               sensor.o
    0x20000365   0x10057e95   0x00000003   PAD
    0x20000368   0x10057e98   0x00000010   Data   RW         4883    .data               sensordemo_main.o
    0x20000378   0x10057ea8   0x00000048   Data   RW         5183    .data               libbluenrg1_stack.a(ll_isr.o)
    0x200003c0   0x10057ef0   0x00000002   Data   RW         5242    .data               libbluenrg1_stack.a(ll_routines_master.o)
    0x200003c2   0x10057ef2   0x00000002   PAD
    0x200003c4   0x10057ef4   0x00000004   Data   RW         5784    .data               libbluenrg1_stack.a(mem_alloc.o)
    0x200003c8   0x10057ef8   0x00000002   Data   RW         5838    .data               libbluenrg1_stack.a(pka.o)
    0x200003ca   0x10057efa   0x00000002   PAD
    0x200003cc        -       0x00000060   Zero   RW          201    .bss                sleep.o
    0x2000042c        -       0x00000020   Zero   RW         4365    .bss                system_bluenrg1.o
    0x2000044c        -       0x00000020   Zero   RW         4665    .bss                gatt_db_1.o
    0x2000046c        -       0x00000498   Zero   RW         4764    .bss                sensor.o
    0x20000904        -       0x0000000c   Zero   RW         4879    .bss                sensordemo_main.o
    0x20000910        -       0x00000010   Zero   RW         5222    .bss                libbluenrg1_stack.a(ll_privacy.o)
    0x20000920        -       0x00000034   Zero   RW         5783    .bss                libbluenrg1_stack.a(mem_alloc.o)


    Execution Region REGION_RAM3 (Exec base: 0x20000954, Load base: 0x10057efc, Size: 0x00002080, Max: 0x00005d34, ABSOLUTE, UNINIT)

    Exec Addr    Load Addr    Size         Type   Attr      Idx    E Section Name        Object

    0x20000954        -       0x00002080   Zero   RW         4885    .noinit.data        sensordemo_main.o


    Execution Region ARM_LIB_STACKHEAP (Exec base: 0x20005400, Load base: 0x10057efc, Size: 0x00000c00, Max: 0x00000c00, ABSOLUTE)

    Exec Addr    Load Addr    Size         Type   Attr      Idx    E Section Name        Object

    0x20005400        -       0x00000c00   Zero   RW            2    ARM_LIB_STACKHEAP.bss  anon$$obj.o


==============================================================================

Image component sizes


      Code (inc. data)   RO Data    RW Data    ZI Data      Debug   Object Name

       116         34          0          0          0       2470   bluenrg1_flash.o
       318         12          0          0          0       6567   bluenrg1_gpio.o
       204         84          0          0          0       7157   bluenrg1_it.o
       392         86          0          1          0       6009   bluenrg1_pka.o
       348         64          0          0          0       7644   bluenrg1_spi.o
       180         20          0          0          0       1764   bluenrg1_sysctrl.o
       408         32          0          0          0       4064   bluenrg1_uart.o
        60         18          0          4          0      53212   clock.o
       160         36          0          0          0        556   context_switch.o
      1052        230         89         16         32      22357   gatt_db_1.o
         0          0          0          0          0       2016   lps25hb.o
      2800        256          3         76          0      28515   lsm6ds3.o
      1828          0          0          0          0      47547   lsm6ds3_reg.o
       160         16          0          0          0       7701   misc.o
       108         14          0          0          0       4666   miscutil.o
        24          0          0          0          0       2030   osal.o
       148          4          0          0          0       2207   sdk_eval_button.o
       194         16          0          4          0       4865   sdk_eval_com.o
        24         10         68          1          0       4001   sdk_eval_config.o
       142          4          0          0          0       3097   sdk_eval_led.o
       508         42          0          0          0       3140   sdk_eval_spi.o
      1670        698         88         21       1176      13732   sensor.o
       660        152         52         16      10436       6034   sensordemo_main.o
      1940        214          0          4         96      13974   sleep.o
       334          0          0          0          0      29186   stack_user_cfg.o
      1040        126        192        564         32      21693   system_bluenrg1.o

    ----------------------------------------------------------------------
     14860       2168        640        720      16892     306204   Object Totals
         0          0        144          0       5120          0   (incl. Generated)
        42          0          4         13          0          0   (incl. Padding)

    ----------------------------------------------------------------------

      Code (inc. data)   RO Data    RW Data    ZI Data      Debug   Library Member Name

      3106        270        284          0          0          0   aci_events.o
       468         38          0          0          0          0   acl.o
       268          0          0          0          0          0   acl_list.o
      1596         40          0          0          0          0   advance_wakeup_time.o
       184          0          0          0          0          0   aes128cmac.o
      5784         66         16          0          0          0   att.o
       206         10          0          0          0          0   bluenrg_gap_aci.o
       208          0          0          0          0          0   bluenrg_gatt_aci.o
        16          0          0          0          0          0   bluenrg_hal_aci.o
      1020        102          0          0          0          0   bluenrg_main_func.o
       268         24          0          0          0          0   bluenrg_main_func_speed.o
       296         18          0          0          0          0   device_id_data.o
      2310        120          0          0          0          0   gap.o
      1402         40          0          0          0          0   gatt_client.o
      8210        230          0          0          0          0   gatt_server.o
       750         42          0          0          0          0   hal.o
      1098         60          0          0          0          0   hci.o
       896        124          0          0          0          0   host_timer.o
       500         32          0          0          0          0   isr_postproc.o
       788         34          0          0          0          0   isr_routines.o
      1782         62          0          0          0          0   l2cap.o
      7284        304         26         72          0          0   ll_isr.o
      4572        178          0          0         16          0   ll_privacy.o
       374         26          0          0          0          0   ll_routines.o
      3468        100          0          2          0          0   ll_routines_master.o
       292         32          0          0          0          0   ll_routines_support.o
       796         20          0          4         52          0   mem_alloc.o
      1122          0          0          0          0          0   mem_buff.o
      3196        178          0          0          0          0   multi_master_time.o
        76         16          0          0          0          0   nvm.o
       208         20         64          2          0          0   pka.o
       690         42          0          0          0          0   pm.o
       534          0          0          0          0          0   rom_att.o
       700         36          0          0          0          0   rom_gap.o
       148         16          0          0          0          0   rom_gap_rom.o
       146          4          0          0          0          0   rom_gatt_server.o
       114          0          0          0          0          0   rom_list.o
       330          8          0          0          0          0   rom_ll_isr_postproc.o
      1408         68          0          0          0          0   rom_ll_isr_routines.o
      3032        184          0          0          0          0   rom_ll_ll_routines.o
       242         12          0          0          0          0   rom_ll_ll_routines_master.o
       124         22          0          0          0          0   rom_ll_routines_support.o
       316         44         16          0          0          0   rom_ll_timehandling.o
      1286         52          0          0          0          0   routines_support.o
      2536         64          0          0          0          0   sdb.o
      6474        212         25          0          0          0   securitymgr.o
      1356         86         16          0          0          0   smp_algo_sap.o
      3286         96          0          0          0          0   smp_common.o
      1674        112         96          0          0          0   smp_scv42_caf.o
       228         18          0          0          0          0   smp_scv42_sap.o
        76          0          0          0          0          0   utils.o
      1998         30        296          0          0        608   crypto.o
        86          0          0          0          0          0   __dczerorl2.o
         0          0          0          0          0          0   entry.o
         0          0          0          0          0          0   entry10a.o
         0          0          0          0          0          0   entry11a.o
         8          4          0          0          0          0   entry3.o
         4          0          0          0          0          0   entry5.o
         0          0          0          0          0          0   entry7b.o
         0          0          0          0          0          0   entry8b.o
         8          4          0          0          0          0   entry9a.o
        30          0          0          0          0          0   handlers.o
        36          8          0          0          0         68   init.o
         0          0          0          0          0          0   iusefp.o
        32          0          0          0          0         68   llshl.o
        34          0          0          0          0         68   llushr.o
        26          0          0          0          0         72   memcmp.o
        66          0          0          0          0         68   memmove.o
        36          0          0          0          0        100   memseta.o
      1172         52          0          0          0        324   printf8.o
        44          0          0          0          0         72   uidiv.o
        96          0          0          0          0         84   uldiv.o
        20          0          0          0          0         60   uread4.o
       130          0          0          0          0        144   fepilogue.o
        50          0          0          0          0         60   ffixi.o
        22          0          0          0          0         68   fflti.o
        14          0          0          0          0         68   ffltui.o
       122          0          0          0          0         72   fmul.o

    ----------------------------------------------------------------------
     81412       3360        844         84         68       2004   Library Totals
       134          0          5          4          0          0   (incl. Padding)

    ----------------------------------------------------------------------

      Code (inc. data)   RO Data    RW Data    ZI Data      Debug   Library Name

     77244       3262        543         80         68          0   libbluenrg1_stack.a
      1998         30        296          0          0        608   libcrypto.a
      1698         68          0          0          0        984   mc_p.l
       338          0          0          0          0        412   mf_p.l

    ----------------------------------------------------------------------
     81412       3360        844         84         68       2004   Library Totals

    ----------------------------------------------------------------------

==============================================================================


      Code (inc. data)   RO Data    RW Data    ZI Data      Debug   

     96272       5528       1484        804      16960     298356   Grand Totals
     96272       5528       1484        288      16960     298356   ELF Image Totals (compressed)
     96272       5528       1484        288          0          0   ROM Totals

==============================================================================

    Total RO  Size (Code + RO Data)                97756 (  95.46kB)
    Total RW  Size (RW Data + ZI Data)             17764 (  17.35kB)
    Total ROM Size (Code + RO Data + RW Data)      98044 (  95.75kB)

==============================================================================

