Component: ARM Compiler 5.06 update 6 (build 750) Tool: armlink [4d35ed]

==============================================================================

Section Cross References

    clock.o(i.Clock_Time) refers to clock.o(.data) for .data
    clock.o(i.Clock_Wait) refers to clock.o(.data) for .data
    clock.o(i.SysCount_Handler) refers to clock.o(.data) for .data
    context_switch.o(. text) refers to system_bluenrg1.o(.savedMSP) for savedMSP
    context_switch.o(. text) refers to system_bluenrg1.o(.data) for savedICSR
    context_switch.o(. text) refers to system_bluenrg1.o(.data) for savedSHCSR
    context_switch.o(. text) refers to system_bluenrg1.o(.data) for savedNVIC_ISPR
    miscutil.o(i.BLEPLAT_get_part_info) refers to miscutil.o(i.HAL_GetPartInfo) for HAL_GetPartInfo
    miscutil.o(i.HAL_CrashHandler) refers to uwrite4.o(.text) for __aeabi_uwrite4
    miscutil.o(i.HAL_CrashHandler) refers to miscutil.o(.__crash_RAM) for .__crash_RAM
    miscutil.o(i.HAL_GetCrashInfo) refers to memmove.o(.text) for __aeabi_memcpy
    miscutil.o(i.HAL_GetCrashInfo) refers to uwrite4.o(.text) for __aeabi_uwrite4
    miscutil.o(i.HAL_GetCrashInfo) refers to miscutil.o(.__crash_RAM) for .__crash_RAM
    osal.o(i.Osal_MemCmp) refers to memcmp.o(.text) for memcmp
    osal.o(i.Osal_MemCpy) refers to memmove.o(.text) for memcpy
    osal.o(i.Osal_MemSet) refers to memseta.o(.text) for memset
    sleep.o(i.BlueNRG_InternalSleep) refers to miscutil.o(i.HAL_GetPartInfo) for HAL_GetPartInfo
    sleep.o(i.BlueNRG_InternalSleep) refers to system_bluenrg1.o(i.SET_BORconfigStatus) for SET_BORconfigStatus
    sleep.o(i.BlueNRG_InternalSleep) refers to misc.o(i.SystemSleepCmd) for SystemSleepCmd
    sleep.o(i.BlueNRG_InternalSleep) refers to context_switch.o(. text) for CS_contextSave
    sleep.o(i.BlueNRG_InternalSleep) refers to system_bluenrg1.o(.intvec) for __vector_table
    sleep.o(i.BlueNRG_InternalSleep) refers to sleep.o(.data) for .data
    sleep.o(i.BlueNRG_InternalSleep) refers to sleep.o(.bss) for .bss
    sleep.o(i.BlueNRG_InternalSleep) refers to system_bluenrg1.o(.flash_sw_lock) for flash_sw_lock
    sleep.o(i.BlueNRG_InternalSleep) refers to system_bluenrg1.o(.rfTimeout) for rfTimeout
    sleep.o(i.BlueNRG_InternalSleep) refers to system_bluenrg1.o(.wakeupFromSleepFlag) for wakeupFromSleepFlag
    sleep.o(i.BlueNRG_InternalSleep) refers to system_bluenrg1.o(i.DeviceConfiguration) for DeviceConfiguration
    sleep.o(i.BlueNRG_InternalSleep) refers to bluenrg1_sysctrl.o(i.SysCtrl_GetWakeupResetReason) for SysCtrl_GetWakeupResetReason
    sleep.o(i.BlueNRG_InternalSleep) refers to system_bluenrg1.o(.data) for savedNVIC_ISPR
    sleep.o(i.BlueNRG_InternalSleep) refers to system_bluenrg1.o(.data) for savedSHCSR
    sleep.o(i.BlueNRG_InternalSleep) refers to system_bluenrg1.o(.data) for savedICSR
    sleep.o(i.BlueNRG_InternalSleep) refers to system_bluenrg1.o(.bss.__blue_RAM) for __blue_RAM
    sleep.o(i.BlueNRG_Sleep) refers to bluenrg_main_func_speed.o(i.BlueNRG_Stack_Perform_Deep_Sleep_Check) for BlueNRG_Stack_Perform_Deep_Sleep_Check
    sleep.o(i.BlueNRG_Sleep) refers to sleep.o(i.App_SleepMode_Check) for App_SleepMode_Check
    sleep.o(i.BlueNRG_Sleep) refers to sleep.o(i.BlueNRG_InternalSleep) for BlueNRG_InternalSleep
    sleep.o(i.BlueNRG_Sleep) refers to system_bluenrg1.o(.wakeupFromSleepFlag) for wakeupFromSleepFlag
    sleep.o(i.BlueNRG_Sleep) refers to sleep.o(.bss) for .bss
    gp_timer.o(i.Timer_Expired) refers to clock.o(i.Clock_Time) for Clock_Time
    gp_timer.o(i.Timer_Remaining) refers to clock.o(i.Clock_Time) for Clock_Time
    gp_timer.o(i.Timer_Restart) refers to clock.o(i.Clock_Time) for Clock_Time
    gp_timer.o(i.Timer_Set) refers to clock.o(i.Clock_Time) for Clock_Time
    bluenrg1_adc.o(i.ADC_ConvertBatterySensor) refers to bluenrg1_adc.o(i.ADC_ConvertSingleEndedVoltage) for ADC_ConvertSingleEndedVoltage
    bluenrg1_adc.o(i.ADC_ConvertBatterySensor) refers to fmul.o(.text) for __aeabi_fmul
    bluenrg1_adc.o(i.ADC_ConvertDifferentialVoltage) refers to ffltui.o(.text) for __aeabi_ui2f
    bluenrg1_adc.o(i.ADC_ConvertDifferentialVoltage) refers to fflti.o(.text) for __aeabi_i2f
    bluenrg1_adc.o(i.ADC_ConvertDifferentialVoltage) refers to fdiv.o(.text) for __aeabi_fdiv
    bluenrg1_adc.o(i.ADC_ConvertDifferentialVoltage) refers to fadd.o(.text) for __aeabi_fadd
    bluenrg1_adc.o(i.ADC_ConvertDifferentialVoltage) refers to fmul.o(.text) for __aeabi_fmul
    bluenrg1_adc.o(i.ADC_ConvertSingleEndedVoltage) refers to fflti.o(.text) for __aeabi_i2f
    bluenrg1_adc.o(i.ADC_ConvertSingleEndedVoltage) refers to ffltui.o(.text) for __aeabi_ui2f
    bluenrg1_adc.o(i.ADC_ConvertSingleEndedVoltage) refers to fadd.o(.text) for __aeabi_fadd
    bluenrg1_adc.o(i.ADC_ConvertSingleEndedVoltage) refers to f2d.o(.text) for __aeabi_f2d
    bluenrg1_adc.o(i.ADC_ConvertSingleEndedVoltage) refers to fdiv.o(.text) for __aeabi_fdiv
[...]
    0x1004ab26   0x1004ab26   0x00000140   Code   RO         6056    i.Read_Blob_Resp    libbluenrg1_stack.a(att.o)
    0x1004ac66   0x1004ac66   0x00000002   PAD
    0x1004ac68   0x1004ac68   0x000001e4   Code   RO         6057    i.Read_By_Grp_Type_Resp  libbluenrg1_stack.a(att.o)
    0x1004ae4c   0x1004ae4c   0x000002d0   Code   RO         6058    i.Read_By_Type_Resp  libbluenrg1_stack.a(att.o)
    0x1004b11c   0x1004b11c   0x00000194   Code   RO         6059    i.Read_Multi_Resp   libbluenrg1_stack.a(att.o)
    0x1004b2b0   0x1004b2b0   0x00000060   Code   RO         4664    i.Read_Request_CB   gatt_db_1.o
    0x1004b310   0x1004b310   0x0000012a   Code   RO         6060    i.Read_Resp         libbluenrg1_stack.a(att.o)
    0x1004b43a   0x1004b43a   0x00000002   PAD
    0x1004b43c   0x1004b43c   0x000000c4   Code   RO         5248    i.Reclassify_All_Channels  libbluenrg1_stack.a(ll_routines_master.o)
    0x1004b500   0x1004b500   0x00000008   Code   RO         3866    i.Reclassify_All_Channels_ucfg  stack_user_cfg.o
    0x1004b508   0x1004b508   0x00000184   Code   RO         5951    i.SDB_Add_Record    libbluenrg1_stack.a(sdb.o)
    0x1004b68c   0x1004b68c   0x000000a0   Code   RO         5953    i.SDB_Find_Matching_LTK  libbluenrg1_stack.a(sdb.o)
    0x1004b72c   0x1004b72c   0x000000c4   Code   RO         5954    i.SDB_Find_Record   libbluenrg1_stack.a(sdb.o)
    0x1004b7f0   0x1004b7f0   0x00000044   Code   RO         5956    i.SDB_Get_Number_Of_Valid_Records  libbluenrg1_stack.a(sdb.o)
    0x1004b834   0x1004b834   0x000000bc   Code   RO         5957    i.SDB_flash_write_client_data  libbluenrg1_stack.a(sdb.o)
    0x1004b8f0   0x1004b8f0   0x000000e2   Code   RO         5958    i.SDB_get_security_data_record  libbluenrg1_stack.a(sdb.o)
    0x1004b9d2   0x1004b9d2   0x0000003c   Code   RO         5959    i.SDB_read_peer_bonded_data  libbluenrg1_stack.a(sdb.o)
    0x1004ba0e   0x1004ba0e   0x00000002   PAD
    0x1004ba10   0x1004ba10   0x0000003c   Code   RO         4352    i.SET_BORconfigStatus  system_bluenrg1.o
    0x1004ba4c   0x1004ba4c   0x0000002e   Code   RO         5974    i.SMA_Diversify     libbluenrg1_stack.a(smp_algo_sap.o)
    0x1004ba7a   0x1004ba7a   0x00000002   PAD
    0x1004ba7c   0x1004ba7c   0x00000028   Code   RO         5975    i.SMA_Generate_CSRK  libbluenrg1_stack.a(smp_algo_sap.o)
    0x1004baa4   0x1004baa4   0x00000028   Code   RO         5976    i.SMA_Generate_IRK  libbluenrg1_stack.a(smp_algo_sap.o)
    0x1004bacc   0x1004bacc   0x00000028   Code   RO         5977    i.SMA_LP_s1_Generate_STK  libbluenrg1_stack.a(smp_algo_sap.o)
    0x1004baf4   0x1004baf4   0x00000050   Code   RO         5978    i.SMA_SC_Gen_f4_Confirm  libbluenrg1_stack.a(smp_algo_sap.o)
    0x1004bb44   0x1004bb44   0x000000e0   Code   RO         5979    i.SMA_SC_Gen_f5_Keys  libbluenrg1_stack.a(smp_algo_sap.o)
    0x1004bc24   0x1004bc24   0x00000084   Code   RO         5980    i.SMA_SC_Gen_f6_Check_Val  libbluenrg1_stack.a(smp_algo_sap.o)
    0x1004bca8   0x1004bca8   0x00000058   Code   RO         5981    i.SMA_SC_Gen_g2_NumComp_Val  libbluenrg1_stack.a(smp_algo_sap.o)
    0x1004bd00   0x1004bd00   0x0000007c   Code   RO         5982    i.SMA_generate_EDIV_recovery_DIV  libbluenrg1_stack.a(smp_algo_sap.o)
    0x1004bd7c   0x1004bd7c   0x00000048   Code   RO         5997    i.SMP_Check_Is_Device_Bonded  libbluenrg1_stack.a(smp_common.o)
    0x1004bdc4   0x1004bdc4   0x0000001c   Code   RO         5998    i.SMP_Forget_Device_by_ConnHandle  libbluenrg1_stack.a(smp_common.o)
    0x1004bde0   0x1004bde0   0x00000074   Code   RO         6000    i.SMP_Init          libbluenrg1_stack.a(smp_common.o)
    0x1004be54   0x1004be54   0x0000014c   Code   RO         5318    i.SMP_MI_PairingRequest_Send  libbluenrg1_stack.a(securitymgr.o)
    0x1004bfa0   0x1004bfa0   0x00000184   Code   RO         5319    i.SMP_Process_Q     libbluenrg1_stack.a(securitymgr.o)
    0x1004c124   0x1004c124   0x00000074   Code   RO         6001    i.SMP_Repeated_Attacks_Timer_cb  libbluenrg1_stack.a(smp_common.o)
    0x1004c198   0x1004c198   0x00000078   Code   RO         6005    i.SMP_Timer_cb      libbluenrg1_stack.a(smp_common.o)
    0x1004c210   0x1004c210   0x0000007a   Code   RO         6006    i.SMP_Validate_Signed_Packet  libbluenrg1_stack.a(smp_common.o)
    0x1004c28a   0x1004c28a   0x00000020   Code   RO         5407    i.SMP_sc_force_debug_key_usage  libbluenrg1_stack.a(smp_scv42_sap.o)
    0x1004c2aa   0x1004c2aa   0x00000020   Code   RO         6008    i.SM_Check_Encryption_KeySize  libbluenrg1_stack.a(smp_common.o)
    0x1004c2ca   0x1004c2ca   0x00000002   PAD
    0x1004c2cc   0x1004c2cc   0x00000080   Code   RO         6009    i.SM_Connection_Complete_Handler  libbluenrg1_stack.a(smp_common.o)
    0x1004c34c   0x1004c34c   0x0000004e   Code   RO         5983    i.SM_Generate_Resolvable_Private_Address  libbluenrg1_stack.a(smp_algo_sap.o)
    0x1004c39a   0x1004c39a   0x0000002e   Code   RO         6010    i.SM_Get_Link_Status  libbluenrg1_stack.a(smp_common.o)
    0x1004c3c8   0x1004c3c8   0x00000048   Code   RO         6011    i.SM_Get_Remote_Device_Info  libbluenrg1_stack.a(smp_common.o)
    0x1004c410   0x1004c410   0x00000114   Code   RO         6012    i.SM_L2CAP_Encryption_changed_Handler_ISR  libbluenrg1_stack.a(smp_common.o)
    0x1004c524   0x1004c524   0x000000f4   Code   RO         6013    i.SM_L2CAP_Handler  libbluenrg1_stack.a(smp_common.o)
    0x1004c618   0x1004c618   0x00000158   Code   RO         6014    i.SM_L2CAP_Handler_ISR  libbluenrg1_stack.a(smp_common.o)
    0x1004c770   0x1004c770   0x00000022   Code   RO         5984    i.SM_Resolve_Private_Address  libbluenrg1_stack.a(smp_algo_sap.o)
    0x1004c792   0x1004c792   0x00000002   PAD
    0x1004c794   0x1004c794   0x00000018   Code   RO         1255    i.SPI_ClearRXFIFO   bluenrg1_spi.o
    0x1004c7ac   0x1004c7ac   0x00000028   Code   RO         1256    i.SPI_ClearTXFIFO   bluenrg1_spi.o
    0x1004c7d4   0x1004c7d4   0x00000018   Code   RO         1257    i.SPI_Cmd           bluenrg1_spi.o
    0x1004c7ec   0x1004c7ec   0x00000014   Code   RO         1268    i.SPI_GetFlagStatus  bluenrg1_spi.o
    0x1004c800   0x1004c800   0x00000002   Code   RO         4353    i.SPI_Handler       system_bluenrg1.o
    0x1004c802   0x1004c802   0x00000002   PAD
    0x1004c804   0x1004c804   0x00000054   Code   RO         1271    i.SPI_Init          bluenrg1_spi.o
    0x1004c858   0x1004c858   0x0000000c   Code   RO         1272    i.SPI_ReceiveData   bluenrg1_spi.o
    0x1004c864   0x1004c864   0x0000000c   Code   RO         1274    i.SPI_SendData      bluenrg1_spi.o
    0x1004c870   0x1004c870   0x00000048   Code   RO         1275    i.SPI_SetBaudrate   bluenrg1_spi.o
    0x1004c8b8   0x1004c8b8   0x0000000c   Code   RO         1276    i.SPI_SetDummyCharacter  bluenrg1_spi.o
    0x1004c8c4   0x1004c8c4   0x00000018   Code   RO         1277    i.SPI_SetMasterCommunicationMode  bluenrg1_spi.o
    0x1004c8dc   0x1004c8dc   0x00000018   Code   RO         1282    i.SPI_StructInit    bluenrg1_spi.o
    0x1004c8f4   0x1004c8f4   0x00000002   Code   RO         4562    i.SVC_Handler       bluenrg1_it.o
    0x1004c8f6   0x1004c8f6   0x00000002   PAD
    0x1004c8f8   0x1004c8f8   0x000000a0   Code   RO         2059    i.SdkEvalComUartInit  sdk_eval_com.o
    0x1004c998   0x1004c998   0x0000000c   Code   RO         2162    i.SdkEvalGetVersion  sdk_eval_config.o
    0x1004c9a4   0x1004c9a4   0x0000000c   Code   RO         2163    i.SdkEvalIdentification  sdk_eval_config.o
    0x1004c9b0   0x1004c9b0   0x0000002e   Code   RO         2308    i.SdkEvalLedInit    sdk_eval_led.o
    0x1004c9de   0x1004c9de   0x0000000e   Code   RO         2309    i.SdkEvalLedOff     sdk_eval_led.o
    0x1004c9ec   0x1004c9ec   0x0000000e   Code   RO         2310    i.SdkEvalLedOn      sdk_eval_led.o
    0x1004c9fa   0x1004c9fa   0x00000026   Code   RO         2004    i.SdkEvalPushButtonInit  sdk_eval_button.o
    0x1004ca20   0x1004ca20   0x00000042   Code   RO         2005    i.SdkEvalPushButtonIrq  sdk_eval_button.o
    0x1004ca62   0x1004ca62   0x00000002   PAD
    0x1004ca64   0x1004ca64   0x00000110   Code   RO         2361    i.SdkEvalSpiInit    sdk_eval_spi.o
    0x1004cb74   0x1004cb74   0x00000090   Code   RO         2365    i.SdkEvalSpiRead    sdk_eval_spi.o
    0x1004cc04   0x1004cc04   0x0000005c   Code   RO         2366    i.SdkEvalSpiWrite   sdk_eval_spi.o
    0x1004cc60   0x1004cc60   0x00000016   Code   RO         2061    i.SdkEvalUart_Send_Data  sdk_eval_com.o
    0x1004cc76   0x1004cc76   0x00000002   PAD
    0x1004cc78   0x1004cc78   0x00000050   Code   RO         5700    i.Select_Next_Notification_Client  libbluenrg1_stack.a(gatt_server.o)
    0x1004ccc8   0x1004ccc8   0x0000004c   Code   RO         5701    i.Send_Notif_Or_Ind  libbluenrg1_stack.a(gatt_server.o)
    0x1004cd14   0x1004cd14   0x000001e8   Code   RO         4753    i.Sensor_DeviceInit  sensor.o
    0x1004cefc   0x1004cefc   0x000000d8   Code   RO         4754    i.Set_DeviceConnectable  sensor.o
    0x1004cfd4   0x1004cfd4   0x00000050   Code   RO         5174    i.Set_Host_Timer_value  libbluenrg1_stack.a(host_timer.o)
    0x1004d024   0x1004d024   0x00000048   Code   RO         4355    i.Set_RF_FrontEnd   system_bluenrg1.o
    0x1004d06c   0x1004d06c   0x00000024   Code   RO         5874    i.Start_Gatt_Timer  libbluenrg1_stack.a(rom_gatt_server.o)
    0x1004d090   0x1004d090   0x0000001c   Code   RO         5875    i.Stop_Gatt_Timer   libbluenrg1_stack.a(rom_gatt_server.o)
    0x1004d0ac   0x1004d0ac   0x00000010   Code   RO            8    i.SysCount_Handler  clock.o
    0x1004d0bc   0x1004d0bc   0x0000009c   Code   RO         1448    i.SysCtrl_GetWakeupResetReason  bluenrg1_sysctrl.o
    0x1004d158   0x1004d158   0x00000018   Code   RO         1449    i.SysCtrl_PeripheralClockCmd  bluenrg1_sysctrl.o
    0x1004d170   0x1004d170   0x00000008   Code   RO         4563    i.SysTick_Handler   bluenrg1_it.o
    0x1004d178   0x1004d178   0x000000b8   Code   RO         4357    i.SystemInit        system_bluenrg1.o
    0x1004d230   0x1004d230   0x00000018   Code   RO         1740    i.SystemSleepCmd    misc.o
    0x1004d248   0x1004d248   0x0000007c   Code   RO         5175    i.TimerCallback     libbluenrg1_stack.a(host_timer.o)
    0x1004d2c4   0x1004d2c4   0x00000014   Code   RO         5176    i.Timer_ExpiryCallback  libbluenrg1_stack.a(host_timer.o)
    0x1004d2d8   0x1004d2d8   0x00000038   Code   RO         5177    i.Timer_Init        libbluenrg1_stack.a(host_timer.o)
    0x1004d310   0x1004d310   0x0000011c   Code   RO         5178    i.Timer_ProcessQ    libbluenrg1_stack.a(host_timer.o)
    0x1004d42c   0x1004d42c   0x00000022   Code   RO         5179    i.Timer_StartOneShot  libbluenrg1_stack.a(host_timer.o)
    0x1004d44e   0x1004d44e   0x00000002   PAD
    0x1004d450   0x1004d450   0x00000078   Code   RO         5180    i.Timer_StartOneShot_sysTime32  libbluenrg1_stack.a(host_timer.o)
    0x1004d4c8   0x1004d4c8   0x00000058   Code   RO         5181    i.Timer_StopOneShot  libbluenrg1_stack.a(host_timer.o)
    0x1004d520   0x1004d520   0x00000024   Code   RO         5183    i.Timer_sysTime32_convMachineTime  libbluenrg1_stack.a(host_timer.o)
    0x1004d544   0x1004d544   0x0000001c   Code   RO         1494    i.UART_Cmd          bluenrg1_uart.o
    0x1004d560   0x1004d560   0x0000001c   Code   RO         1497    i.UART_GetFlagStatus  bluenrg1_uart.o
    0x1004d57c   0x1004d57c   0x00000002   Code   RO         4564    i.UART_Handler      bluenrg1_it.o
    0x1004d57e   0x1004d57e   0x00000002   PAD
    0x1004d580   0x1004d580   0x00000138   Code   RO         1500    i.UART_Init         bluenrg1_uart.o
    0x1004d6b8   0x1004d6b8   0x00000018   Code   RO         1505    i.UART_RxFifoIrqLevelConfig  bluenrg1_uart.o
    0x1004d6d0   0x1004d6d0   0x00000010   Code   RO         1507    i.UART_SendData     bluenrg1_uart.o
    0x1004d6e0   0x1004d6e0   0x00000002   Code   RO         4359    i.WDG_Handler       system_bluenrg1.o
    0x1004d6e2   0x1004d6e2   0x0000000a   Code   RO         5938    i.WindowWiden1      libbluenrg1_stack.a(rom_ll_timehandling.o)
    0x1004d6ec   0x1004d6ec   0x00000010   Code   RO         5939    i.WindowWiden2      libbluenrg1_stack.a(rom_ll_timehandling.o)
    0x1004d6fc   0x1004d6fc   0x000001b0   Code   RO         5962    i.Write_Client_Data  libbluenrg1_stack.a(sdb.o)
    0x1004d8ac   0x1004d8ac   0x0000012c   Code   RO         6061    i.Write_Cmd         libbluenrg1_stack.a(att.o)
    0x1004d9d8   0x1004d9d8   0x0000013c   Code   RO         6062    i.Write_Resp        libbluenrg1_stack.a(att.o)
    0x1004db14   0x1004db14   0x000000e8   Code   RO         5046    i._BlueNRG_Stack_Initialization  libbluenrg1_stack.a(bluenrg_main_func.o)
    0x1004dbfc   0x1004dbfc   0x00000064   Code   RO         5083    i._GAP_Parse_Advertising_Report  libbluenrg1_stack.a(gap.o)
    0x1004dc60   0x1004dc60   0x00000020   Code   RO         6346    i.__0printf$8       mc_p.l(printf8.o)
    0x1004dc80   0x1004dc80   0x0000001a   Code   RO         5203    i.__ARM_common_memcpy1_6  libbluenrg1_stack.a(ll_isr.o)
    0x1004dc9a   0x1004dc9a   0x0000001a   Code   RO         1980    i.__ARM_common_switch8  lsm6ds3.o
    0x1004dcb4   0x1004dcb4   0x00000050   Code   RO         4361    i.__low_level_init  system_bluenrg1.o
    0x1004dd04   0x1004dd04   0x0000000e   Code   RO         6465    i.__scatterload_copy  mc_p.l(handlers.o)
    0x1004dd12   0x1004dd12   0x00000002   Code   RO         6466    i.__scatterload_null  mc_p.l(handlers.o)
    0x1004dd14   0x1004dd14   0x0000000e   Code   RO         6467    i.__scatterload_zeroinit  mc_p.l(handlers.o)
    0x1004dd22   0x1004dd22   0x00000002   PAD
    0x1004dd24   0x1004dd24   0x0000005c   Code   RO         4930    i._aci_gap_set_discoverable_param_check  libbluenrg1_stack.a(bluenrg_gap_aci.o)
    0x1004dd80   0x1004dd80   0x00000174   Code   RO         5084    i._gap_set_discoverable_connectable  libbluenrg1_stack.a(gap.o)
    0x1004def4   0x1004def4   0x00000026   Code   RO         4976    i._load_uuid        libbluenrg1_stack.a(bluenrg_gatt_aci.o)
    0x1004df1a   0x1004df1a   0x00000002   PAD
    0x1004df1c   0x1004df1c   0x00000428   Code   RO         6353    i._printf_core      mc_p.l(printf8.o)
    0x1004e344   0x1004e344   0x00000020   Code   RO         6354    i._printf_post_padding  mc_p.l(printf8.o)
    0x1004e364   0x1004e364   0x0000002c   Code   RO         6355    i._printf_pre_padding  mc_p.l(printf8.o)
    0x1004e390   0x1004e390   0x0000002c   Code   RO         4755    i.aci_att_exchange_mtu_resp_event  sensor.o
    0x1004e3bc   0x1004e3bc   0x00000002   Code   RO         5418    i.aci_att_exec_write_resp_event  libbluenrg1_stack.a(aci_events.o)
    0x1004e3be   0x1004e3be   0x00000002   Code   RO         5419    i.aci_att_find_by_type_value_resp_event  libbluenrg1_stack.a(aci_events.o)
    0x1004e3c0   0x1004e3c0   0x00000002   Code   RO         5420    i.aci_att_find_info_resp_event  libbluenrg1_stack.a(aci_events.o)
    0x1004e3c2   0x1004e3c2   0x00000002   Code   RO         5421    i.aci_att_prepare_write_resp_event  libbluenrg1_stack.a(aci_events.o)
    0x1004e3c4   0x1004e3c4   0x00000002   Code   RO         5422    i.aci_att_read_blob_resp_event  libbluenrg1_stack.a(aci_events.o)
    0x1004e3c6   0x1004e3c6   0x00000002   PAD
    0x1004e3c8   0x1004e3c8   0x00000074   Code   RO         5646    i.aci_att_read_blob_resp_event_push  libbluenrg1_stack.a(gatt_client.o)
    0x1004e43c   0x1004e43c   0x00000002   Code   RO         5423    i.aci_att_read_by_group_type_resp_event  libbluenrg1_stack.a(aci_events.o)
    0x1004e43e   0x1004e43e   0x00000002   Code   RO         5424    i.aci_att_read_by_type_resp_event  libbluenrg1_stack.a(aci_events.o)
    0x1004e440   0x1004e440   0x00000002   Code   RO         5425    i.aci_att_read_multiple_resp_event  libbluenrg1_stack.a(aci_events.o)
    0x1004e442   0x1004e442   0x00000002   PAD
    0x1004e444   0x1004e444   0x00000074   Code   RO         5649    i.aci_att_read_multiple_resp_event_push  libbluenrg1_stack.a(gatt_client.o)
    0x1004e4b8   0x1004e4b8   0x00000002   Code   RO         5426    i.aci_att_read_resp_event  libbluenrg1_stack.a(aci_events.o)
    0x1004e4ba   0x1004e4ba   0x00000002   PAD
    0x1004e4bc   0x1004e4bc   0x00000074   Code   RO         5650    i.aci_att_read_resp_event_push  libbluenrg1_stack.a(gatt_client.o)
    0x1004e530   0x1004e530   0x00000002   Code   RO         5427    i.aci_att_write_resp_event  libbluenrg1_stack.a(aci_events.o)
    0x1004e532   0x1004e532   0x00000002   PAD
    0x1004e534   0x1004e534   0x00000028   Code   RO         5428    i.aci_event_fifo_push  libbluenrg1_stack.a(aci_events.o)
    0x1004e55c   0x1004e55c   0x000000bc   Code   RO         5429    i.aci_event_fifo_push_header  libbluenrg1_stack.a(aci_events.o)
    0x1004e618   0x1004e618   0x00000002   Code   RO         5430    i.aci_gap_addr_not_resolved_event  libbluenrg1_stack.a(aci_events.o)
    0x1004e61a   0x1004e61a   0x00000002   Code   RO         5431    i.aci_gap_authorization_req_event  libbluenrg1_stack.a(aci_events.o)
    0x1004e61c   0x1004e61c   0x00000054   Code   RO         6015    i.aci_gap_authorization_req_event_push  libbluenrg1_stack.a(smp_common.o)
    0x1004e670   0x1004e670   0x00000002   Code   RO         5432    i.aci_gap_bond_lost_event  libbluenrg1_stack.a(aci_events.o)
    0x1004e672   0x1004e672   0x00000002   Code   RO         5433    i.aci_gap_device_found_event  libbluenrg1_stack.a(aci_events.o)
    0x1004e674   0x1004e674   0x00000030   Code   RO         4940    i.aci_gap_init      libbluenrg1_stack.a(bluenrg_gap_aci.o)
    0x1004e6a4   0x1004e6a4   0x00000002   Code   RO         5434    i.aci_gap_keypress_notification_event  libbluenrg1_stack.a(aci_events.o)
    0x1004e6a6   0x1004e6a6   0x00000002   Code   RO         5435    i.aci_gap_limited_discoverable_event  libbluenrg1_stack.a(aci_events.o)
    0x1004e6a8   0x1004e6a8   0x00000050   Code   RO         5085    i.aci_gap_limited_discoverable_event_push  libbluenrg1_stack.a(gap.o)
    0x1004e6f8   0x1004e6f8   0x00000002   Code   RO         5436    i.aci_gap_numeric_comparison_value_event  libbluenrg1_stack.a(aci_events.o)
    0x1004e6fa   0x1004e6fa   0x00000002   PAD
    0x1004e6fc   0x1004e6fc   0x00000058   Code   RO         5321    i.aci_gap_numeric_comparison_value_event_push  libbluenrg1_stack.a(securitymgr.o)
    0x1004e754   0x1004e754   0x00000002   Code   RO         5437    i.aci_gap_pairing_complete_event  libbluenrg1_stack.a(aci_events.o)
    0x1004e756   0x1004e756   0x00000002   PAD
    0x1004e758   0x1004e758   0x0000005c   Code   RO         6016    i.aci_gap_pairing_complete_event_push  libbluenrg1_stack.a(smp_common.o)
    0x1004e7b4   0x1004e7b4   0x00000002   Code   RO         5438    i.aci_gap_pass_key_req_event  libbluenrg1_stack.a(aci_events.o)
    0x1004e7b6   0x1004e7b6   0x00000002   Code   RO         5439    i.aci_gap_proc_complete_event  libbluenrg1_stack.a(aci_events.o)
    0x1004e7b8   0x1004e7b8   0x00000074   Code   RO         5086    i.aci_gap_proc_complete_event_push  libbluenrg1_stack.a(gap.o)
    0x1004e82c   0x1004e82c   0x00000042   Code   RO         4952    i.aci_gap_set_discoverable  libbluenrg1_stack.a(bluenrg_gap_aci.o)
    0x1004e86e   0x1004e86e   0x00000002   Code   RO         5440    i.aci_gap_slave_security_initiated_event  libbluenrg1_stack.a(aci_events.o)
    0x1004e870   0x1004e870   0x0000003e   Code   RO         4983    i.aci_gatt_add_char  libbluenrg1_stack.a(bluenrg_gatt_aci.o)
    0x1004e8ae   0x1004e8ae   0x00000036   Code   RO         4985    i.aci_gatt_add_service  libbluenrg1_stack.a(bluenrg_gatt_aci.o)
    0x1004e8e4   0x1004e8e4   0x0000000c   Code   RO         4986    i.aci_gatt_allow_read  libbluenrg1_stack.a(bluenrg_gatt_aci.o)
    0x1004e8f0   0x1004e8f0   0x00000084   Code   RO         4756    i.aci_gatt_attribute_modified_event  sensor.o
    0x1004e974   0x1004e974   0x00000078   Code   RO         6063    i.aci_gatt_attribute_modified_event_push  libbluenrg1_stack.a(att.o)
    0x1004e9ec   0x1004e9ec   0x00000002   Code   RO         5442    i.aci_gatt_disc_read_char_by_uuid_resp_event  libbluenrg1_stack.a(aci_events.o)
    0x1004e9ee   0x1004e9ee   0x00000002   PAD
    0x1004e9f0   0x1004e9f0   0x00000084   Code   RO         5651    i.aci_gatt_disc_read_char_by_uuid_resp_event_push  libbluenrg1_stack.a(gatt_client.o)
    0x1004ea74   0x1004ea74   0x00000002   Code   RO         5443    i.aci_gatt_error_resp_event  libbluenrg1_stack.a(aci_events.o)
    0x1004ea76   0x1004ea76   0x00000002   PAD
    0x1004ea78   0x1004ea78   0x00000078   Code   RO         5652    i.aci_gatt_error_resp_event_push  libbluenrg1_stack.a(gatt_client.o)
    0x1004eaf0   0x1004eaf0   0x00000008   Code   RO         4997    i.aci_gatt_exchange_config  libbluenrg1_stack.a(bluenrg_gatt_aci.o)
    0x1004eaf8   0x1004eaf8   0x00000002   Code   RO         5444    i.aci_gatt_indication_event  libbluenrg1_stack.a(aci_events.o)
    0x1004eafa   0x1004eafa   0x00000002   PAD
    0x1004eafc   0x1004eafc   0x00000090   Code   RO         5702    i.aci_gatt_indication_event_push  libbluenrg1_stack.a(gatt_server.o)
    0x1004eb8c   0x1004eb8c   0x00000008   Code   RO         5000    i.aci_gatt_init     libbluenrg1_stack.a(bluenrg_gatt_aci.o)
    0x1004eb94   0x1004eb94   0x00000002   Code   RO         5445    i.aci_gatt_notification_event  libbluenrg1_stack.a(aci_events.o)
    0x1004eb96   0x1004eb96   0x00000002   PAD
    0x1004eb98   0x1004eb98   0x00000090   Code   RO         5703    i.aci_gatt_notification_event_push  libbluenrg1_stack.a(gatt_server.o)
    0x1004ec28   0x1004ec28   0x00000002   Code   RO         5446    i.aci_gatt_prepare_write_permit_req_event  libbluenrg1_stack.a(aci_events.o)
    0x1004ec2a   0x1004ec2a   0x00000002   Code   RO         5447    i.aci_gatt_proc_complete_event  libbluenrg1_stack.a(aci_events.o)
    0x1004ec2c   0x1004ec2c   0x00000058   Code   RO         5653    i.aci_gatt_proc_complete_event_push  libbluenrg1_stack.a(gatt_client.o)
    0x1004ec84   0x1004ec84   0x00000002   Code   RO         5448    i.aci_gatt_proc_timeout_event  libbluenrg1_stack.a(aci_events.o)
    0x1004ec86   0x1004ec86   0x00000002   Code   RO         5449    i.aci_gatt_read_multi_permit_req_event  libbluenrg1_stack.a(aci_events.o)
    0x1004ec88   0x1004ec88   0x00000068   Code   RO         6064    i.aci_gatt_read_multi_permit_req_event_push  libbluenrg1_stack.a(att.o)
    0x1004ecf0   0x1004ecf0   0x0000000a   Code   RO         4757    i.aci_gatt_read_permit_req_event  sensor.o
    0x1004ecfa   0x1004ecfa   0x00000002   PAD
    0x1004ecfc   0x1004ecfc   0x00000050   Code   RO         6065    i.aci_gatt_read_permit_req_event_push  libbluenrg1_stack.a(att.o)
    0x1004ed4c   0x1004ed4c   0x00000002   Code   RO         5451    i.aci_gatt_server_confirmation_event  libbluenrg1_stack.a(aci_events.o)
    0x1004ed4e   0x1004ed4e   0x00000002   PAD
    0x1004ed50   0x1004ed50   0x00000010   Code   RO         4758    i.aci_gatt_tx_pool_available_event  sensor.o
    0x1004ed60   0x1004ed60   0x00000022   Code   RO         5014    i.aci_gatt_update_char_value_ext  libbluenrg1_stack.a(bluenrg_gatt_aci.o)
    0x1004ed82   0x1004ed82   0x00000002   Code   RO         5453    i.aci_gatt_write_permit_req_event  libbluenrg1_stack.a(aci_events.o)
    0x1004ed84   0x1004ed84   0x0000006c   Code   RO         6066    i.aci_gatt_write_permit_req_event_push  libbluenrg1_stack.a(att.o)
    0x1004edf0   0x1004edf0   0x00000002   Code   RO         4759    i.aci_hal_end_of_radio_activity_event  sensor.o
    0x1004edf2   0x1004edf2   0x00000002   Code   RO         5454    i.aci_hal_fw_error_event  libbluenrg1_stack.a(aci_events.o)
    0x1004edf4   0x1004edf4   0x00000002   Code   RO         5455    i.aci_hal_scan_req_report_event  libbluenrg1_stack.a(aci_events.o)
    0x1004edf6   0x1004edf6   0x00000008   Code   RO         5029    i.aci_hal_set_tx_power_level  libbluenrg1_stack.a(bluenrg_hal_aci.o)
    0x1004edfe   0x1004edfe   0x00000008   Code   RO         5032    i.aci_hal_write_config_data  libbluenrg1_stack.a(bluenrg_hal_aci.o)
    0x1004ee06   0x1004ee06   0x00000002   Code   RO         5456    i.aci_l2cap_command_reject_event  libbluenrg1_stack.a(aci_events.o)
    0x1004ee08   0x1004ee08   0x00000018   Code   RO         5035    i.aci_l2cap_connection_parameter_update_req  libbluenrg1_stack.a(bluenrg_l2cap_aci.o)
    0x1004ee20   0x1004ee20   0x00000002   Code   RO         5457    i.aci_l2cap_connection_update_req_event  libbluenrg1_stack.a(aci_events.o)
    0x1004ee22   0x1004ee22   0x00000002   PAD
    0x1004ee24   0x1004ee24   0x00000098   Code   RO         5752    i.aci_l2cap_connection_update_req_event_push  libbluenrg1_stack.a(l2cap.o)
    0x1004eebc   0x1004eebc   0x00000060   Code   RO         4760    i.aci_l2cap_connection_update_resp_event  sensor.o
    0x1004ef1c   0x1004ef1c   0x00000002   Code   RO         5459    i.aci_l2cap_proc_timeout_event  libbluenrg1_stack.a(aci_events.o)
    0x1004ef1e   0x1004ef1e   0x00000004   Code   RO         5564    i.acl_list_first    libbluenrg1_stack.a(acl_list.o)
    0x1004ef22   0x1004ef22   0x00000026   Code   RO         5565    i.acl_list_full_on_packt  libbluenrg1_stack.a(acl_list.o)
    0x1004ef48   0x1004ef48   0x00000010   Code   RO         5568    i.acl_list_init     libbluenrg1_stack.a(acl_list.o)
    0x1004ef58   0x1004ef58   0x00000026   Code   RO         5569    i.acl_list_insert_head  libbluenrg1_stack.a(acl_list.o)
    0x1004ef7e   0x1004ef7e   0x0000002c   Code   RO         5570    i.acl_list_insert_tail  libbluenrg1_stack.a(acl_list.o)
    0x1004efaa   0x1004efaa   0x0000000e   Code   RO         5571    i.acl_list_is_empty  libbluenrg1_stack.a(acl_list.o)
    0x1004efb8   0x1004efb8   0x00000044   Code   RO         5573    i.acl_list_remove   libbluenrg1_stack.a(acl_list.o)
    0x1004effc   0x1004effc   0x0000002e   Code   RO         5574    i.acl_list_remove_head  libbluenrg1_stack.a(acl_list.o)
    0x1004f02a   0x1004f02a   0x00000002   PAD
    0x1004f02c   0x1004f02c   0x00000260   Code   RO         5804    i.adapt_slot        libbluenrg1_stack.a(multi_master_time.o)
    0x1004f28c   0x1004f28c   0x0000001e   Code   RO         5283    i.addr_u32_from_u8  libbluenrg1_stack.a(rom_ll_isr_routines.o)
    0x1004f2aa   0x1004f2aa   0x00000020   Code   RO         5916    i.addr_u32_from_u8  libbluenrg1_stack.a(rom_ll_ll_routines.o)
    0x1004f2ca   0x1004f2ca   0x00000002   PAD
    0x1004f2cc   0x1004f2cc   0x0000008c   Code   RO         5087    i.advParamsCheckAndSet  libbluenrg1_stack.a(gap.o)
    0x1004f358   0x1004f358   0x000002cc   Code   RO         5805    i.advance_slave_timing_MultiSlave  libbluenrg1_stack.a(multi_master_time.o)
    0x1004f624   0x1004f624   0x00000158   Code   RO         5309    i.advance_transmit  libbluenrg1_stack.a(routines_support.o)
    0x1004f77c   0x1004f77c   0x0000063c   Code   RO         5577    i.advance_wakeup_timer  libbluenrg1_stack.a(advance_wakeup_time.o)
    0x1004fdb8   0x1004fdb8   0x0000004c   Code   RO         5806    i.anchor_replace    libbluenrg1_stack.a(multi_master_time.o)
    0x1004fe04   0x1004fe04   0x0000001c   Code   RO         5717    i.ble_HAL_Init      libbluenrg1_stack.a(hal.o)
    0x1004fe20   0x1004fe20   0x000000f4   Code   RO         5284    i.cancel_connect_master  libbluenrg1_stack.a(rom_ll_isr_routines.o)
    0x1004ff14   0x1004ff14   0x00000008   Code   RO         3882    i.cancel_connect_master_ucfg  stack_user_cfg.o
    0x1004ff1c   0x1004ff1c   0x000001a8   Code   RO         5807    i.cancel_current_master  libbluenrg1_stack.a(multi_master_time.o)
    0x100500c4   0x100500c4   0x00000080   Code   RO         5286    i.cancel_master     libbluenrg1_stack.a(rom_ll_isr_routines.o)
    0x10050144   0x10050144   0x000000c4   Code   RO         5729    i.cancel_slave      libbluenrg1_stack.a(isr_routines.o)
    0x10050208   0x10050208   0x00000024   Code   RO         5460    i.cb_aci_att_exchange_mtu_resp_event  libbluenrg1_stack.a(aci_events.o)
    0x1005022c   0x1005022c   0x00000020   Code   RO         5461    i.cb_aci_att_exec_write_resp_event  libbluenrg1_stack.a(aci_events.o)
    0x1005024c   0x1005024c   0x00000024   Code   RO         5462    i.cb_aci_att_find_by_type_value_resp_event  libbluenrg1_stack.a(aci_events.o)
    0x10050270   0x10050270   0x00000028   Code   RO         5463    i.cb_aci_att_find_info_resp_event  libbluenrg1_stack.a(aci_events.o)
    0x10050298   0x10050298   0x0000002c   Code   RO         5464    i.cb_aci_att_prepare_write_resp_event  libbluenrg1_stack.a(aci_events.o)
    0x100502c4   0x100502c4   0x00000024   Code   RO         5465    i.cb_aci_att_read_blob_resp_event  libbluenrg1_stack.a(aci_events.o)
    0x100502e8   0x100502e8   0x00000028   Code   RO         5466    i.cb_aci_att_read_by_group_type_resp_event  libbluenrg1_stack.a(aci_events.o)
    0x10050310   0x10050310   0x00000028   Code   RO         5467    i.cb_aci_att_read_by_type_resp_event  libbluenrg1_stack.a(aci_events.o)
    0x10050338   0x10050338   0x00000024   Code   RO         5468    i.cb_aci_att_read_multiple_resp_event  libbluenrg1_stack.a(aci_events.o)
    0x1005035c   0x1005035c   0x00000024   Code   RO         5469    i.cb_aci_att_read_resp_event  libbluenrg1_stack.a(aci_events.o)
    0x10050380   0x10050380   0x00000024   Code   RO         5470    i.cb_aci_att_write_resp_event  libbluenrg1_stack.a(aci_events.o)
    0x100503a4   0x100503a4   0x00000020   Code   RO         5471    i.cb_aci_gap_addr_not_resolved_event  libbluenrg1_stack.a(aci_events.o)
    0x100503c4   0x100503c4   0x00000020   Code   RO         5472    i.cb_aci_gap_authorization_req_event  libbluenrg1_stack.a(aci_events.o)
    0x100503e4   0x100503e4   0x0000001c   Code   RO         5473    i.cb_aci_gap_bond_lost_event  libbluenrg1_stack.a(aci_events.o)
    0x10050400   0x10050400   0x00000020   Code   RO         5474    i.cb_aci_gap_device_found_event  libbluenrg1_stack.a(aci_events.o)
    0x10050420   0x10050420   0x00000024   Code   RO         5475    i.cb_aci_gap_keypress_notification_event  libbluenrg1_stack.a(aci_events.o)
    0x10050444   0x10050444   0x0000001c   Code   RO         5476    i.cb_aci_gap_limited_discoverable_event  libbluenrg1_stack.a(aci_events.o)
    0x10050460   0x10050460   0x00000024   Code   RO         5477    i.cb_aci_gap_numeric_comparison_value_event  libbluenrg1_stack.a(aci_events.o)
    0x10050484   0x10050484   0x00000024   Code   RO         5478    i.cb_aci_gap_pairing_complete_event  libbluenrg1_stack.a(aci_events.o)
    0x100504a8   0x100504a8   0x00000020   Code   RO         5479    i.cb_aci_gap_pass_key_req_event  libbluenrg1_stack.a(aci_events.o)
    0x100504c8   0x100504c8   0x00000028   Code   RO         5480    i.cb_aci_gap_proc_complete_event  libbluenrg1_stack.a(aci_events.o)
    0x100504f0   0x100504f0   0x0000001c   Code   RO         5481    i.cb_aci_gap_slave_security_initiated_event  libbluenrg1_stack.a(aci_events.o)
    0x1005050c   0x1005050c   0x0000002c   Code   RO         5482    i.cb_aci_gatt_attribute_modified_event  libbluenrg1_stack.a(aci_events.o)
    0x10050538   0x10050538   0x00000028   Code   RO         5483    i.cb_aci_gatt_disc_read_char_by_uuid_resp_event  libbluenrg1_stack.a(aci_events.o)
    0x10050560   0x10050560   0x00000028   Code   RO         5484    i.cb_aci_gatt_error_resp_event  libbluenrg1_stack.a(aci_events.o)
    0x10050588   0x10050588   0x00000028   Code   RO         5485    i.cb_aci_gatt_indication_event  libbluenrg1_stack.a(aci_events.o)
    0x100505b0   0x100505b0   0x00000028   Code   RO         5486    i.cb_aci_gatt_notification_event  libbluenrg1_stack.a(aci_events.o)
    0x100505d8   0x100505d8   0x00000016   Code   RO         5487    i.cb_aci_gatt_prepare_write_permit_req_event  libbluenrg1_stack.a(aci_events.o)
    0x100505ee   0x100505ee   0x00000002   PAD
    0x100505f0   0x100505f0   0x00000024   Code   RO         5488    i.cb_aci_gatt_proc_complete_event  libbluenrg1_stack.a(aci_events.o)
    0x10050614   0x10050614   0x00000020   Code   RO         5489    i.cb_aci_gatt_proc_timeout_event  libbluenrg1_stack.a(aci_events.o)
    0x10050634   0x10050634   0x00000010   Code   RO         5490    i.cb_aci_gatt_read_multi_permit_req_event  libbluenrg1_stack.a(aci_events.o)
    0x10050644   0x10050644   0x00000010   Code   RO         5491    i.cb_aci_gatt_read_permit_req_event  libbluenrg1_stack.a(aci_events.o)
    0x10050654   0x10050654   0x0000000a   Code   RO         5492    i.cb_aci_gatt_server_confirmation_event  libbluenrg1_stack.a(aci_events.o)
    0x1005065e   0x1005065e   0x0000000e   Code   RO         5493    i.cb_aci_gatt_tx_pool_available_event  libbluenrg1_stack.a(aci_events.o)
    0x1005066c   0x1005066c   0x00000012   Code   RO         5494    i.cb_aci_gatt_write_permit_req_event  libbluenrg1_stack.a(aci_events.o)
    0x1005067e   0x1005067e   0x00000010   Code   RO         5495    i.cb_aci_hal_fw_error_event  libbluenrg1_stack.a(aci_events.o)
    0x1005068e   0x1005068e   0x00000002   PAD
    0x10050690   0x10050690   0x00000024   Code   RO         5496    i.cb_aci_hal_scan_req_report_event  libbluenrg1_stack.a(aci_events.o)
    0x100506b4   0x100506b4   0x00000016   Code   RO         5497    i.cb_aci_l2cap_command_reject_event  libbluenrg1_stack.a(aci_events.o)
    0x100506ca   0x100506ca   0x00000002   PAD
    0x100506cc   0x100506cc   0x00000034   Code   RO         5498    i.cb_aci_l2cap_connection_update_req_event  libbluenrg1_stack.a(aci_events.o)
    0x10050700   0x10050700   0x00000024   Code   RO         5499    i.cb_aci_l2cap_connection_update_resp_event  libbluenrg1_stack.a(aci_events.o)
    0x10050724   0x10050724   0x00000024   Code   RO         5500    i.cb_aci_l2cap_proc_timeout_event  libbluenrg1_stack.a(aci_events.o)
    0x10050748   0x10050748   0x00000002   Code   RO         5501    i.cb_hci_data_buffer_overflow_event  libbluenrg1_stack.a(aci_events.o)
    0x1005074a   0x1005074a   0x00000002   PAD
    0x1005074c   0x1005074c   0x00000024   Code   RO         5502    i.cb_hci_disconnection_complete_event  libbluenrg1_stack.a(aci_events.o)
    0x10050770   0x10050770   0x00000024   Code   RO         5503    i.cb_hci_encryption_change_event  libbluenrg1_stack.a(aci_events.o)
    0x10050794   0x10050794   0x00000024   Code   RO         5504    i.cb_hci_encryption_key_refresh_complete_event  libbluenrg1_stack.a(aci_events.o)
    0x100507b8   0x100507b8   0x00000024   Code   RO         5505    i.cb_hci_le_advertising_report_event  libbluenrg1_stack.a(aci_events.o)
    0x100507dc   0x100507dc   0x00000044   Code   RO         5506    i.cb_hci_le_connection_complete_event  libbluenrg1_stack.a(aci_events.o)
    0x10050820   0x10050820   0x00000030   Code   RO         5507    i.cb_hci_le_connection_update_complete_event  libbluenrg1_stack.a(aci_events.o)
    0x10050850   0x10050850   0x00000030   Code   RO         5508    i.cb_hci_le_data_length_change_event  libbluenrg1_stack.a(aci_events.o)
    0x10050880   0x10050880   0x00000024   Code   RO         5509    i.cb_hci_le_direct_advertising_report_event  libbluenrg1_stack.a(aci_events.o)
    0x100508a4   0x100508a4   0x0000004c   Code   RO         5510    i.cb_hci_le_enhanced_connection_complete_event  libbluenrg1_stack.a(aci_events.o)
    0x100508f0   0x100508f0   0x00000028   Code   RO         5511    i.cb_hci_le_generate_dhkey_complete_event  libbluenrg1_stack.a(aci_events.o)
    0x10050918   0x10050918   0x00000028   Code   RO         5512    i.cb_hci_le_long_term_key_request_event  libbluenrg1_stack.a(aci_events.o)
    0x10050940   0x10050940   0x00000028   Code   RO         5513    i.cb_hci_le_read_local_p256_public_key_complete_event  libbluenrg1_stack.a(aci_events.o)
    0x10050968   0x10050968   0x0000002c   Code   RO         5514    i.cb_hci_le_read_remote_used_features_complete_event  libbluenrg1_stack.a(aci_events.o)
    0x10050994   0x10050994   0x0000000a   Code   RO         5515    i.cb_hci_number_of_completed_packets_event  libbluenrg1_stack.a(aci_events.o)
    0x1005099e   0x1005099e   0x00000002   PAD
    0x100509a0   0x100509a0   0x00000028   Code   RO         5516    i.cb_hci_read_remote_version_information_complete_event  libbluenrg1_stack.a(aci_events.o)
    0x100509c8   0x100509c8   0x00000016   Code   RO         5517    i.cb_hci_rx_acl_data_event  libbluenrg1_stack.a(aci_events.o)
    0x100509de   0x100509de   0x00000012   Code   RO         5718    i.char_copy         libbluenrg1_stack.a(hal.o)
    0x100509f0   0x100509f0   0x00000024   Code   RO         5933    i.convert_power     libbluenrg1_stack.a(rom_ll_routines_support.o)
    0x10050a14   0x10050a14   0x00000012   Code   RO         5189    i.copy_4_u32        libbluenrg1_stack.a(ll_isr.o)
    0x10050a26   0x10050a26   0x00000020   Code   RO         6040    i.copy_swap_buffer  libbluenrg1_stack.a(utils.o)
    0x10050a46   0x10050a46   0x00000002   PAD
    0x10050a48   0x10050a48   0x00000084   Code   RO         5190    i.copy_tx_data_packet  libbluenrg1_stack.a(ll_isr.o)
    0x10050acc   0x10050acc   0x00000004   Code   RO         5099    i.data_length_extension_csr_ucfg  libbluenrg1_stack.a(hci.o)
    0x10050ad0   0x10050ad0   0x00000074   Code   RO         5191    i.encrypt           libbluenrg1_stack.a(ll_isr.o)
    0x10050b44   0x10050b44   0x0000006c   Code   RO         5518    i.fifoBuf_getFreeHeader  libbluenrg1_stack.a(aci_events.o)
    0x10050bb0   0x10050bb0   0x0000000a   Code   RO         5519    i.fifoCtrl_init     libbluenrg1_stack.a(aci_events.o)
    0x10050bba   0x10050bba   0x0000000c   Code   RO         2064    i.fputc             sdk_eval_com.o
    0x10050bc6   0x10050bc6   0x00000002   PAD
    0x10050bc8   0x10050bc8   0x00000018   Code   RO         5192    i.full_state_func_call_init  libbluenrg1_stack.a(ll_isr.o)
    0x10050be0   0x10050be0   0x00000014   Code   RO         5088    i.gapClearAllModeFlags  libbluenrg1_stack.a(gap.o)
    0x10050bf4   0x10050bf4   0x00000014   Code   RO         5287    i.get_adv_addr      libbluenrg1_stack.a(rom_ll_isr_routines.o)
    0x10050c08   0x10050c08   0x00000048   Code   RO         5808    i.get_advertiser    libbluenrg1_stack.a(multi_master_time.o)
    0x10050c50   0x10050c50   0x0000008c   Code   RO         5809    i.get_connection_no  libbluenrg1_stack.a(multi_master_time.o)
    0x10050cdc   0x10050cdc   0x00000034   Code   RO         5810    i.get_next_free_slot  libbluenrg1_stack.a(multi_master_time.o)
    0x10050d10   0x10050d10   0x00000014   Code   RO         5288    i.get_scan_addr     libbluenrg1_stack.a(rom_ll_isr_routines.o)
    0x10050d24   0x10050d24   0x00000048   Code   RO         5811    i.get_scan_connection  libbluenrg1_stack.a(multi_master_time.o)
    0x10050d6c   0x10050d6c   0x00000298   Code   RO         5289    i.go_to_connect     libbluenrg1_stack.a(rom_ll_isr_routines.o)
    0x10051004   0x10051004   0x000001bc   Code   RO         5730    i.go_to_connect_master  libbluenrg1_stack.a(isr_routines.o)
    0x100511c0   0x100511c0   0x00000034   Code   RO         5719    i.hal_radio_activity_state_callback_check  libbluenrg1_stack.a(hal.o)
    0x100511f4   0x100511f4   0x0000001c   Code   RO         5720    i.hal_radio_activity_state_init  libbluenrg1_stack.a(hal.o)
    0x10051210   0x10051210   0x00000040   Code   RO         5721    i.hal_read_radio_activity_state  libbluenrg1_stack.a(hal.o)
    0x10051250   0x10051250   0x00000070   Code   RO         5100    i.hci_acl_Process_Q  libbluenrg1_stack.a(hci.o)
    0x100512c0   0x100512c0   0x00000068   Code   RO         4761    i.hci_disconnection_complete_event  sensor.o
    0x10051328   0x10051328   0x00000002   Code   RO         5522    i.hci_encryption_change_event  libbluenrg1_stack.a(aci_events.o)
    0x1005132a   0x1005132a   0x00000002   PAD
    0x1005132c   0x1005132c   0x0000005c   Code   RO         5251    i.hci_encryption_change_event_push  libbluenrg1_stack.a(ll_routines_master.o)
    0x10051388   0x10051388   0x00000002   Code   RO         5523    i.hci_encryption_key_refresh_complete_event  libbluenrg1_stack.a(aci_events.o)
    0x1005138a   0x1005138a   0x00000002   PAD
    0x1005138c   0x1005138c   0x00000058   Code   RO         5252    i.hci_encryption_key_refresh_complete_event_push  libbluenrg1_stack.a(ll_routines_master.o)
    0x100513e4   0x100513e4   0x00000002   Code   RO         5524    i.hci_hardware_error_event  libbluenrg1_stack.a(aci_events.o)
    0x100513e6   0x100513e6   0x00000002   Code   RO         5525    i.hci_le_advertising_report_event  libbluenrg1_stack.a(aci_events.o)
    0x100513e8   0x100513e8   0x00000094   Code   RO         5253    i.hci_le_advertising_report_event_push  libbluenrg1_stack.a(ll_routines_master.o)
    0x1005147c   0x1005147c   0x00000034   Code   RO         4762    i.hci_le_connection_complete_event  sensor.o
    0x100514b0   0x100514b0   0x00000088   Code   RO         5254    i.hci_le_connection_complete_event_push  libbluenrg1_stack.a(ll_routines_master.o)
    0x10051538   0x10051538   0x00000002   Code   RO         5527    i.hci_le_connection_update_complete_event  libbluenrg1_stack.a(aci_events.o)
    0x1005153a   0x1005153a   0x00000002   PAD
    0x1005153c   0x1005153c   0x0000006c   Code   RO         5255    i.hci_le_connection_update_complete_event_push  libbluenrg1_stack.a(ll_routines_master.o)
    0x100515a8   0x100515a8   0x00000014   Code   RO         4763    i.hci_le_data_length_change_event  sensor.o
    0x100515bc   0x100515bc   0x00000002   Code   RO         5529    i.hci_le_direct_advertising_report_event  libbluenrg1_stack.a(aci_events.o)
    0x100515be   0x100515be   0x00000002   PAD
    0x100515c0   0x100515c0   0x0000008c   Code   RO         5238    i.hci_le_direct_advertising_report_event_push  libbluenrg1_stack.a(ll_privacy.o)
    0x1005164c   0x1005164c   0x00000002   Code   RO         5530    i.hci_le_enhanced_connection_complete_event  libbluenrg1_stack.a(aci_events.o)
    0x1005164e   0x1005164e   0x00000002   PAD
    0x10051650   0x10051650   0x00000080   Code   RO         5109    i.hci_le_generate_dhkey_api  libbluenrg1_stack.a(hci.o)
    0x100516d0   0x100516d0   0x00000002   Code   RO         5531    i.hci_le_generate_dhkey_complete_event  libbluenrg1_stack.a(aci_events.o)
    0x100516d2   0x100516d2   0x00000002   Code   RO         5532    i.hci_le_long_term_key_request_event  libbluenrg1_stack.a(aci_events.o)
    0x100516d4   0x100516d4   0x0000000e   Code   RO         5110    i.hci_le_long_term_key_request_reply  libbluenrg1_stack.a(hci.o)
    0x100516e2   0x100516e2   0x0000000e   Code   RO         5111    i.hci_le_long_term_key_requested_negative_reply  libbluenrg1_stack.a(hci.o)
    0x100516f0   0x100516f0   0x0000003c   Code   RO         5116    i.hci_le_read_local_p256_public_key_api  libbluenrg1_stack.a(hci.o)
    0x1005172c   0x1005172c   0x00000002   Code   RO         5533    i.hci_le_read_local_p256_public_key_complete_event  libbluenrg1_stack.a(aci_events.o)
    0x1005172e   0x1005172e   0x00000002   Code   RO         5534    i.hci_le_read_remote_used_features_complete_event  libbluenrg1_stack.a(aci_events.o)
    0x10051730   0x10051730   0x00000040   Code   RO         5129    i.hci_le_set_event_mask  libbluenrg1_stack.a(hci.o)
    0x10051770   0x10051770   0x00000016   Code   RO         5134    i.hci_le_set_scan_response_data  libbluenrg1_stack.a(hci.o)
    0x10051786   0x10051786   0x00000002   Code   RO         5535    i.hci_number_of_completed_packets_event  libbluenrg1_stack.a(aci_events.o)
    0x10051788   0x10051788   0x00000002   Code   RO         5536    i.hci_read_remote_version_information_complete_event  libbluenrg1_stack.a(aci_events.o)
    0x1005178a   0x1005178a   0x00000002   PAD
    0x1005178c   0x1005178c   0x0000006c   Code   RO         5148    i.hci_rx_acl_data   libbluenrg1_stack.a(hci.o)
    0x100517f8   0x100517f8   0x00000004   Code   RO         5537    i.hci_rx_acl_data_event  libbluenrg1_stack.a(aci_events.o)
    0x100517fc   0x100517fc   0x00000048   Code   RO         5151    i.hci_tx_acl_data_done  libbluenrg1_stack.a(hci.o)
    0x10051844   0x10051844   0x00000008   Code   RO         5654    i.int16ToLe2Byte    libbluenrg1_stack.a(gatt_client.o)
    0x1005184c   0x1005184c   0x00000010   Code   RO         5257    i.int32ToLe4Byte    libbluenrg1_stack.a(ll_routines_master.o)
    0x1005185c   0x1005185c   0x00000010   Code   RO         5322    i.int32ToLe4Byte    libbluenrg1_stack.a(securitymgr.o)
    0x1005186c   0x1005186c   0x00000010   Code   RO         5917    i.int32ToLe4Byte    libbluenrg1_stack.a(rom_ll_ll_routines.o)
    0x1005187c   0x1005187c   0x00000010   Code   RO         5964    i.int32ToLe4Byte    libbluenrg1_stack.a(sdb.o)
    0x1005188c   0x1005188c   0x00000040   Code   RO         5558    i.int_cb_hci_acl_data_ind_event  libbluenrg1_stack.a(acl.o)
    0x100518cc   0x100518cc   0x00000054   Code   RO         5559    i.int_cb_hci_acl_data_tx_cmpl_event  libbluenrg1_stack.a(acl.o)
    0x10051920   0x10051920   0x00000026   Code   RO         5538    i.int_cb_hci_disconnection_complete_event  libbluenrg1_stack.a(aci_events.o)
    0x10051946   0x10051946   0x0000001a   Code   RO         5539    i.int_cb_hci_encryption_change_event  libbluenrg1_stack.a(aci_events.o)
    0x10051960   0x10051960   0x0000001a   Code   RO         5540    i.int_cb_hci_encryption_key_refresh_complete_event  libbluenrg1_stack.a(aci_events.o)
    0x1005197a   0x1005197a   0x0000001e   Code   RO         5541    i.int_cb_hci_le_advertising_report_event  libbluenrg1_stack.a(aci_events.o)
    0x10051998   0x10051998   0x00000026   Code   RO         5542    i.int_cb_hci_le_connection_complete_event  libbluenrg1_stack.a(aci_events.o)
    0x100519be   0x100519be   0x00000010   Code   RO         5543    i.int_cb_hci_le_data_length_change_event  libbluenrg1_stack.a(aci_events.o)
    0x100519ce   0x100519ce   0x0000001e   Code   RO         5544    i.int_cb_hci_le_direct_advertising_report_event  libbluenrg1_stack.a(aci_events.o)
    0x100519ec   0x100519ec   0x00000026   Code   RO         5545    i.int_cb_hci_le_enhanced_connection_complete_event  libbluenrg1_stack.a(aci_events.o)
    0x10051a12   0x10051a12   0x0000001a   Code   RO         5546    i.int_cb_hci_le_generate_dhkey_complete_event  libbluenrg1_stack.a(aci_events.o)
    0x10051a2c   0x10051a2c   0x0000000c   Code   RO         5547    i.int_cb_hci_le_long_term_key_request_event  libbluenrg1_stack.a(aci_events.o)
    0x10051a38   0x10051a38   0x0000001a   Code   RO         5548    i.int_cb_hci_le_read_local_p256_public_key_complete_event  libbluenrg1_stack.a(aci_events.o)
    0x10051a52   0x10051a52   0x0000001e   Code   RO         6041    i.is_Buffer_All_Set_To  libbluenrg1_stack.a(utils.o)
    0x10051a70   0x10051a70   0x00000034   Code   RO         5812    i.is_slave          libbluenrg1_stack.a(multi_master_time.o)
    0x10051aa4   0x10051aa4   0x00000020   Code   RO         5560    i.isr_Acl_Data_Indication_Queue_Full  libbluenrg1_stack.a(acl.o)
    0x10051ac4   0x10051ac4   0x00000020   Code   RO         5561    i.isr_Acl_Data_TX_Cmpl_Queue_Full  libbluenrg1_stack.a(acl.o)
    0x10051ae4   0x10051ae4   0x00000390   Code   RO         5193    i.isr_advertise_state  libbluenrg1_stack.a(ll_isr.o)
    0x10051e74   0x10051e74   0x000006d8   Code   RO         5194    i.isr_connect_master_state  libbluenrg1_stack.a(ll_isr.o)
    0x1005254c   0x1005254c   0x000007d4   Code   RO         5195    i.isr_connect_slave_state  libbluenrg1_stack.a(ll_isr.o)
    0x10052d20   0x10052d20   0x00000600   Code   RO         5258    i.isr_event_handler  libbluenrg1_stack.a(ll_routines_master.o)
    0x10053320   0x10053320   0x00000200   Code   RO         5259    i.isr_event_handler_scan_data  libbluenrg1_stack.a(ll_routines_master.o)
    0x10053520   0x10053520   0x00000008   Code   RO         3901    i.isr_event_handler_scan_data_ucfg  stack_user_cfg.o
    0x10053528   0x10053528   0x000001f4   Code   RO         5725    i.isr_postproc      libbluenrg1_stack.a(isr_postproc.o)
    0x1005371c   0x1005371c   0x00000110   Code   RO         5887    i.isr_postproc1     libbluenrg1_stack.a(rom_ll_isr_postproc.o)
    0x1005382c   0x1005382c   0x00000016   Code   RO         5888    i.isr_postproc_encrypt_data  libbluenrg1_stack.a(rom_ll_isr_postproc.o)
    0x10053842   0x10053842   0x00000002   PAD
    0x10053844   0x10053844   0x00000610   Code   RO         5196    i.isr_scan_state    libbluenrg1_stack.a(ll_isr.o)
    0x10053e54   0x10053e54   0x00000038   Code   RO         5197    i.isr_test_rx_state  libbluenrg1_stack.a(ll_isr.o)
    0x10053e8c   0x10053e8c   0x00000068   Code   RO         5198    i.isr_test_tx_state  libbluenrg1_stack.a(ll_isr.o)
    0x10053ef4   0x10053ef4   0x0000002c   Code   RO         5199    i.isr_unknown_state  libbluenrg1_stack.a(ll_isr.o)
    0x10053f20   0x10053f20   0x0000000a   Code   RO         5290    i.le2ByteToInt16    libbluenrg1_stack.a(rom_ll_isr_routines.o)
    0x10053f2a   0x10053f2a   0x0000000a   Code   RO         5655    i.le2ByteToInt16    libbluenrg1_stack.a(gatt_client.o)
    0x10053f34   0x10053f34   0x00000016   Code   RO         5291    i.le4ByteToInt32    libbluenrg1_stack.a(rom_ll_isr_routines.o)
    0x10053f4a   0x10053f4a   0x00000016   Code   RO         5302    i.le4ByteToInt32    libbluenrg1_stack.a(rom_ll_ll_routines_master.o)
    0x10053f60   0x10053f60   0x00000016   Code   RO         5323    i.le4ByteToInt32    libbluenrg1_stack.a(securitymgr.o)
    0x10053f76   0x10053f76   0x00000016   Code   RO         5919    i.le4ByteToInt32    libbluenrg1_stack.a(rom_ll_ll_routines.o)
    0x10053f8c   0x10053f8c   0x00000004   Code   RO         5774    i.ll_write_supported_data_ucfg  libbluenrg1_stack.a(ll_routines.o)
    0x10053f90   0x10053f90   0x00000034   Code   RO         2459    i.lsm6ds3_block_data_update_set  lsm6ds3_reg.o
    0x10053fc4   0x10053fc4   0x0000000e   Code   RO         2466    i.lsm6ds3_device_id_get  lsm6ds3_reg.o
    0x10053fd2   0x10053fd2   0x00000032   Code   RO         2471    i.lsm6ds3_fifo_data_level_get  lsm6ds3_reg.o
    0x10054004   0x10054004   0x00000034   Code   RO         2473    i.lsm6ds3_fifo_data_rate_set  lsm6ds3_reg.o
    0x10054038   0x10054038   0x00000034   Code   RO         2477    i.lsm6ds3_fifo_dataset_4_batch_set  lsm6ds3_reg.o
    0x1005406c   0x1005406c   0x0000001a   Code   RO         2478    i.lsm6ds3_fifo_full_flag_get  lsm6ds3_reg.o
    0x10054086   0x10054086   0x00000034   Code   RO         2480    i.lsm6ds3_fifo_gy_batch_set  lsm6ds3_reg.o
    0x100540ba   0x100540ba   0x00000034   Code   RO         2482    i.lsm6ds3_fifo_mode_set  lsm6ds3_reg.o
    0x100540ee   0x100540ee   0x00000032   Code   RO         2486    i.lsm6ds3_fifo_pedo_batch_set  lsm6ds3_reg.o
    0x10054120   0x10054120   0x0000005c   Code   RO         2493    i.lsm6ds3_fifo_watermark_set  lsm6ds3_reg.o
    0x1005417c   0x1005417c   0x00000034   Code   RO         2495    i.lsm6ds3_fifo_write_trigger_set  lsm6ds3_reg.o
    0x100541b0   0x100541b0   0x00000034   Code   RO         2498    i.lsm6ds3_fifo_xl_batch_set  lsm6ds3_reg.o
    0x100541e4   0x100541e4   0x00000032   Code   RO         2522    i.lsm6ds3_gy_data_rate_set  lsm6ds3_reg.o
    0x10054216   0x10054216   0x00000034   Code   RO         2527    i.lsm6ds3_gy_full_scale_set  lsm6ds3_reg.o
    0x1005424a   0x1005424a   0x00000034   Code   RO         2541    i.lsm6ds3_int_notification_set  lsm6ds3_reg.o
    0x1005427e   0x1005427e   0x00000074   Code   RO         2565    i.lsm6ds3_pedo_sens_set  lsm6ds3_reg.o
    0x100542f2   0x100542f2   0x00000128   Code   RO         2574    i.lsm6ds3_pin_int1_route_get  lsm6ds3_reg.o
    0x1005441a   0x1005441a   0x00000138   Code   RO         2575    i.lsm6ds3_pin_int1_route_set  lsm6ds3_reg.o
    0x10054552   0x10054552   0x0000000e   Code   RO         2582    i.lsm6ds3_read_reg  lsm6ds3_reg.o
    0x10054560   0x10054560   0x0000001a   Code   RO         2583    i.lsm6ds3_reset_get  lsm6ds3_reg.o
    0x1005457a   0x1005457a   0x00000034   Code   RO         2584    i.lsm6ds3_reset_set  lsm6ds3_reg.o
    0x100545ae   0x100545ae   0x00000034   Code   RO         2638    i.lsm6ds3_timestamp_res_set  lsm6ds3_reg.o
    0x100545e2   0x100545e2   0x00000012   Code   RO         2639    i.lsm6ds3_timestamp_rst_set  lsm6ds3_reg.o
    0x100545f4   0x100545f4   0x00000032   Code   RO         2640    i.lsm6ds3_timestamp_set  lsm6ds3_reg.o
    0x10054626   0x10054626   0x0000000e   Code   RO         2646    i.lsm6ds3_write_reg  lsm6ds3_reg.o
    0x10054634   0x10054634   0x00000032   Code   RO         2654    i.lsm6ds3_xl_data_rate_set  lsm6ds3_reg.o
    0x10054666   0x10054666   0x00000034   Code   RO         2659    i.lsm6ds3_xl_full_scale_set  lsm6ds3_reg.o
    0x1005469a   0x1005469a   0x00000002   PAD
    0x1005469c   0x1005469c   0x00000020   Code   RO         5940    i.machine_time_trans  libbluenrg1_stack.a(rom_ll_timehandling.o)
    0x100546bc   0x100546bc   0x00000134   Code   RO         4877    i.main              sensordemo_main.o
    0x100547f0   0x100547f0   0x000000a4   Code   RO         5781    i.mem_alloc_ctx_init  libbluenrg1_stack.a(mem_alloc.o)
    0x10054894   0x10054894   0x00000008   Code   RO         5310    i.microseconds_to_machine_time  libbluenrg1_stack.a(routines_support.o)
    0x1005489c   0x1005489c   0x0000001c   Code   RO         5934    i.modulo_37         libbluenrg1_stack.a(rom_ll_routines_support.o)
    0x100548b8   0x100548b8   0x00000060   Code   RO         4362    i.nextRF_transaction  system_bluenrg1.o
    0x10054918   0x10054918   0x0000001c   Code   RO         5813    i.nsar_init         libbluenrg1_stack.a(multi_master_time.o)
    0x10054934   0x10054934   0x00000020   Code   RO         5814    i.nsar_insertSlotListEntry  libbluenrg1_stack.a(multi_master_time.o)
    0x10054954   0x10054954   0x000000c4   Code   RO         5815    i.nsar_searchBestFreeSlot  libbluenrg1_stack.a(multi_master_time.o)
    0x10054a18   0x10054a18   0x00000022   Code   RO         5817    i.nsar_updateBestFreeSlot  libbluenrg1_stack.a(multi_master_time.o)
    0x10054a3a   0x10054a3a   0x00000002   PAD
    0x10054a3c   0x10054a3c   0x0000006c   Code   RO         5818    i.nsar_updateSlotListEntry  libbluenrg1_stack.a(multi_master_time.o)
    0x10054aa8   0x10054aa8   0x0000000e   Code   RO         2670    i.platform_read     lsm6ds3_reg.o
    0x10054ab6   0x10054ab6   0x0000000e   Code   RO         2671    i.platform_write    lsm6ds3_reg.o
    0x10054ac4   0x10054ac4   0x0000007c   Code   RO         5775    i.read_rssi         libbluenrg1_stack.a(ll_routines.o)
    0x10054b40   0x10054b40   0x00000094   Code   RO         5821    i.request_scan_slot  libbluenrg1_stack.a(multi_master_time.o)
    0x10054bd4   0x10054bd4   0x00000014   Code   RO         1079    i.rev_memcmp        bluenrg1_pka.o
    0x10054be8   0x10054be8   0x0000001a   Code   RO         5240    i.scan_connection_or_advertiser  libbluenrg1_stack.a(ll_privacy.o)
    0x10054c02   0x10054c02   0x00000002   PAD
    0x10054c04   0x10054c04   0x000000b4   Code   RO         5823    i.schedule_advertise_slot  libbluenrg1_stack.a(multi_master_time.o)
    0x10054cb8   0x10054cb8   0x00000164   Code   RO         5965    i.sdb_delete        libbluenrg1_stack.a(sdb.o)
    0x10054e1c   0x10054e1c   0x000000c8   Code   RO         5966    i.sdb_find_client_data  libbluenrg1_stack.a(sdb.o)
    0x10054ee4   0x10054ee4   0x00000018   Code   RO         5967    i.sdb_get_gatt_db_start_address  libbluenrg1_stack.a(sdb.o)
    0x10054efc   0x10054efc   0x00000020   Code   RO         5968    i.sdb_invalidate_record  libbluenrg1_stack.a(sdb.o)
    0x10054f1c   0x10054f1c   0x00000024   Code   RO         5969    i.sdb_read_record   libbluenrg1_stack.a(sdb.o)
    0x10054f40   0x10054f40   0x00000010   Code   RO         5970    i.sdb_read_record_validity  libbluenrg1_stack.a(sdb.o)
    0x10054f50   0x10054f50   0x0000007c   Code   RO         5971    i.sdb_write_record  libbluenrg1_stack.a(sdb.o)
    0x10054fcc   0x10054fcc   0x00000004   Code   RO         3903    i.secure_connections_csr_ucfg  stack_user_cfg.o
    0x10054fd0   0x10054fd0   0x00000100   Code   RO         5089    i.setGapAdvData     libbluenrg1_stack.a(gap.o)
    0x100550d0   0x100550d0   0x00000088   Code   RO         5941    i.set_freq          libbluenrg1_stack.a(rom_ll_timehandling.o)
    0x10055158   0x10055158   0x0000001c   Code   RO         5942    i.set_sca           libbluenrg1_stack.a(rom_ll_timehandling.o)
    0x10055174   0x10055174   0x00000010   Code   RO         5722    i.set_string        libbluenrg1_stack.a(hal.o)
    0x10055184   0x10055184   0x000001a8   Code   RO         5311    i.slave_advance     libbluenrg1_stack.a(routines_support.o)
    0x1005532c   0x1005532c   0x00000110   Code   RO         5324    i.sm_RepeatedAttacks_Protection  libbluenrg1_stack.a(securitymgr.o)
    0x1005543c   0x1005543c   0x0000004c   Code   RO         6017    i.sm_search_blackList  libbluenrg1_stack.a(smp_common.o)
    0x10055488   0x10055488   0x000000ca   Code   RO         5985    i.sma_CMAC_generate_tag  libbluenrg1_stack.a(smp_algo_sap.o)
    0x10055552   0x10055552   0x00000038   Code   RO         5986    i.sma_Calculate_Hash  libbluenrg1_stack.a(smp_algo_sap.o)
    0x1005558a   0x1005558a   0x00000080   Code   RO         5987    i.sma_generate_subkeys  libbluenrg1_stack.a(smp_algo_sap.o)
    0x1005560a   0x1005560a   0x0000002c   Code   RO         5988    i.sma_left_shift    libbluenrg1_stack.a(smp_algo_sap.o)
    0x10055636   0x10055636   0x00000018   Code   RO         5325    i.smp_Build_AuthReq_Field  libbluenrg1_stack.a(securitymgr.o)
    0x1005564e   0x1005564e   0x00000002   PAD
    0x10055650   0x10055650   0x00000044   Code   RO         5326    i.smp_Build_Pairing_ReqResp_Packet  libbluenrg1_stack.a(securitymgr.o)
    0x10055694   0x10055694   0x0000003c   Code   RO         5327    i.smp_Check_Incoming_Pairing_Parameters  libbluenrg1_stack.a(securitymgr.o)
    0x100556d0   0x100556d0   0x000000b8   Code   RO         5328    i.smp_Determine_Key_Association_Method  libbluenrg1_stack.a(securitymgr.o)
    0x10055788   0x10055788   0x00000190   Code   RO         5329    i.smp_Execute_Actions_wrt_Current_State  libbluenrg1_stack.a(securitymgr.o)
    0x10055918   0x10055918   0x00000050   Code   RO         5330    i.smp_Execute_Actions_wrt_Current_State_MI_excerpt  libbluenrg1_stack.a(securitymgr.o)
    0x10055968   0x10055968   0x00000008   Code   RO         3904    i.smp_Execute_Actions_wrt_Current_State_MI_excerpt_ucfg  stack_user_cfg.o
    0x10055970   0x10055970   0x00000012   Code   RO         5332    i.smp_Execute_Actions_wrt_Current_State_sc_MI_excerpt_phase2as2  libbluenrg1_stack.a(securitymgr.o)
    0x10055982   0x10055982   0x00000008   Code   RO         3905    i.smp_Execute_Actions_wrt_Current_State_sc_MI_excerpt_phase2as2_ucfg  stack_user_cfg.o
    0x1005598a   0x1005598a   0x00000058   Code   RO         5334    i.smp_Execute_Actions_wrt_Current_State_sc_excerpt_phase2as2  libbluenrg1_stack.a(securitymgr.o)
    0x100559e2   0x100559e2   0x00000008   Code   RO         3906    i.smp_Execute_Actions_wrt_Current_State_sc_excerpt_phase2as2_ucfg  stack_user_cfg.o
    0x100559ea   0x100559ea   0x00000002   PAD
    0x100559ec   0x100559ec   0x00000070   Code   RO         5336    i.smp_Execute_Actions_wrt_Current_State_sc_excerpt_phase_1_to_2  libbluenrg1_stack.a(securitymgr.o)
    0x10055a5c   0x10055a5c   0x00000008   Code   RO         3907    i.smp_Execute_Actions_wrt_Current_State_sc_excerpt_phase_1_to_2_ucfg  stack_user_cfg.o
    0x10055a64   0x10055a64   0x00000090   Code   RO         5338    i.smp_Get_Long_Term_Key  libbluenrg1_stack.a(securitymgr.o)
    0x10055af4   0x10055af4   0x00000088   Code   RO         5339    i.smp_Get_Pairing_Parameters_From_Peer_Packet  libbluenrg1_stack.a(securitymgr.o)
    0x10055b7c   0x10055b7c   0x00000034   Code   RO         6018    i.smp_Keys_Distribution_Complete  libbluenrg1_stack.a(smp_common.o)
    0x10055bb0   0x10055bb0   0x0000011c   Code   RO         5340    i.smp_Keys_Distribution_Send  libbluenrg1_stack.a(securitymgr.o)
    0x10055ccc   0x10055ccc   0x00000164   Code   RO         5341    i.smp_LP_MI_Compute_c1_Confirm_Value  libbluenrg1_stack.a(securitymgr.o)
    0x10055e30   0x10055e30   0x00000076   Code   RO         5342    i.smp_MI_Start_Encryption  libbluenrg1_stack.a(securitymgr.o)
    0x10055ea6   0x10055ea6   0x00000008   Code   RO         3908    i.smp_MI_Start_Encryption_ucfg  stack_user_cfg.o
    0x10055eae   0x10055eae   0x00000002   PAD
    0x10055eb0   0x10055eb0   0x00000088   Code   RO         5344    i.smp_Process_Rx_Packet_Exception_Cases_sc_excerpt  libbluenrg1_stack.a(securitymgr.o)
    0x10055f38   0x10055f38   0x00000008   Code   RO         3909    i.smp_Process_Rx_Packet_Exception_Cases_sc_excerpt_ucfg  stack_user_cfg.o
    0x10055f40   0x10055f40   0x000000f4   Code   RO         5346    i.smp_Process_Rx_Packet_wrt_Current_State  libbluenrg1_stack.a(securitymgr.o)
    0x10056034   0x10056034   0x00000052   Code   RO         5347    i.smp_Process_Rx_Packet_wrt_Current_State_MI_excerpt  libbluenrg1_stack.a(securitymgr.o)
    0x10056086   0x10056086   0x00000008   Code   RO         3910    i.smp_Process_Rx_Packet_wrt_Current_State_MI_excerpt_ucfg  stack_user_cfg.o
    0x1005608e   0x1005608e   0x0000004a   Code   RO         5349    i.smp_Process_Rx_Packet_wrt_Current_State_sc_excerpt  libbluenrg1_stack.a(securitymgr.o)
    0x100560d8   0x100560d8   0x00000008   Code   RO         3911    i.smp_Process_Rx_Packet_wrt_Current_State_sc_excerpt_ucfg  stack_user_cfg.o
    0x100560e0   0x100560e0   0x00000020   Code   RO         5351    i.smp_Reset_Timer   libbluenrg1_stack.a(securitymgr.o)
    0x10056100   0x10056100   0x00000174   Code   RO         5352    i.smp_SR_Compute_c1_Confirm_Value  libbluenrg1_stack.a(securitymgr.o)
    0x10056274   0x10056274   0x00000078   Code   RO         5353    i.smp_Set_Key_Association_Method  libbluenrg1_stack.a(securitymgr.o)
    0x100562ec   0x100562ec   0x00000058   Code   RO         5354    i.smp____MI_PairingConfirm_Receive  libbluenrg1_stack.a(securitymgr.o)
    0x10056344   0x10056344   0x00000068   Code   RO         5355    i.smp____MI_PairingConfirm_Send  libbluenrg1_stack.a(securitymgr.o)
    0x100563ac   0x100563ac   0x000000f8   Code   RO         5356    i.smp____MI_PairingRandom_Receive  libbluenrg1_stack.a(securitymgr.o)
    0x100564a4   0x100564a4   0x0000006e   Code   RO         5357    i.smp____MI_PairingResponse_Receive  libbluenrg1_stack.a(securitymgr.o)
    0x10056512   0x10056512   0x00000002   PAD
    0x10056514   0x10056514   0x00000064   Code   RO         5358    i.smp____MI_SecurityRequest_Receive  libbluenrg1_stack.a(securitymgr.o)
    0x10056578   0x10056578   0x00000010   Code   RO         6019    i.smp____PairingFailed_Receive  libbluenrg1_stack.a(smp_common.o)
    0x10056588   0x10056588   0x00000074   Code   RO         6020    i.smp____Pairing_Process_Abort  libbluenrg1_stack.a(smp_common.o)
    0x100565fc   0x100565fc   0x00000060   Code   RO         5382    i.smp____SC_Phase_2AS2_DHKeyCheck_Send  libbluenrg1_stack.a(smp_scv42_caf.o)
    0x1005665c   0x1005665c   0x00000148   Code   RO         5383    i.smp____SC_Phase_2AS2_Generate_DHKeyCheck  libbluenrg1_stack.a(smp_scv42_caf.o)
    0x100567a4   0x100567a4   0x00000032   Code   RO         5384    i.smp____SC_Phase_2AS2__Set_Addresses  libbluenrg1_stack.a(smp_scv42_caf.o)
    0x100567d6   0x100567d6   0x0000007c   Code   RO         5359    i.smp____SR_PairingConfirm_Receive  libbluenrg1_stack.a(securitymgr.o)
    0x10056852   0x10056852   0x00000002   PAD
    0x10056854   0x10056854   0x00000130   Code   RO         5360    i.smp____SR_PairingRandom_Receive  libbluenrg1_stack.a(securitymgr.o)
    0x10056984   0x10056984   0x000001c0   Code   RO         5361    i.smp____SR_PairingRequest_Receive  libbluenrg1_stack.a(securitymgr.o)
    0x10056b44   0x10056b44   0x0000014c   Code   RO         6021    i.smp_add_to_sdb    libbluenrg1_stack.a(smp_common.o)
    0x10056c90   0x10056c90   0x00000040   Code   RO         6022    i.smp_find_remote_device_index  libbluenrg1_stack.a(smp_common.o)
    0x10056cd0   0x10056cd0   0x0000001e   Code   RO         6023    i.smp_get_CSRK      libbluenrg1_stack.a(smp_common.o)
    0x10056cee   0x10056cee   0x00000002   PAD
    0x10056cf0   0x10056cf0   0x00000040   Code   RO         6024    i.smp_get_local_identity_address  libbluenrg1_stack.a(smp_common.o)
    0x10056d30   0x10056d30   0x00000036   Code   RO         6026    i.smp_keys_distribution_start  libbluenrg1_stack.a(smp_common.o)
    0x10056d66   0x10056d66   0x000000d6   Code   RO         6027    i.smp_keys_receiving  libbluenrg1_stack.a(smp_common.o)
    0x10056e3c   0x10056e3c   0x0000003c   Code   RO         6028    i.smp_oob_check_is_remote_data_present  libbluenrg1_stack.a(smp_common.o)
    0x10056e78   0x10056e78   0x0000004c   Code   RO         6029    i.smp_oob_get_remote_data_reference  libbluenrg1_stack.a(smp_common.o)
    0x10056ec4   0x10056ec4   0x00000036   Code   RO         6030    i.smp_pairing_2octets_packet_send  libbluenrg1_stack.a(smp_common.o)
    0x10056efa   0x10056efa   0x00000002   PAD
    0x10056efc   0x10056efc   0x00000090   Code   RO         6031    i.smp_pairing_completed  libbluenrg1_stack.a(smp_common.o)
    0x10056f8c   0x10056f8c   0x0000002a   Code   RO         6032    i.smp_pairing_failed_send  libbluenrg1_stack.a(smp_common.o)
    0x10056fb6   0x10056fb6   0x00000002   PAD
    0x10056fb8   0x10056fb8   0x00000040   Code   RO         5362    i.smp_sc_MI_PairingConfirm_Send_sc_excerpt  libbluenrg1_stack.a(securitymgr.o)
    0x10056ff8   0x10056ff8   0x00000008   Code   RO         3912    i.smp_sc_MI_PairingConfirm_Send_sc_excerpt_ucfg  stack_user_cfg.o
    0x10057000   0x10057000   0x00000054   Code   RO         5364    i.smp_sc_MI_PairingRandom_Receive_sc_excerpt1  libbluenrg1_stack.a(securitymgr.o)
    0x10057054   0x10057054   0x00000008   Code   RO         3913    i.smp_sc_MI_PairingRandom_Receive_sc_excerpt1_ucfg  stack_user_cfg.o
    0x1005705c   0x1005705c   0x00000074   Code   RO         5366    i.smp_sc_MI_PairingRandom_Receive_sc_excerpt2  libbluenrg1_stack.a(securitymgr.o)
    0x100570d0   0x100570d0   0x00000008   Code   RO         3914    i.smp_sc_MI_PairingRandom_Receive_sc_excerpt2_ucfg  stack_user_cfg.o
    0x100570d8   0x100570d8   0x00000040   Code   RO         5368    i.smp_sc_MI_PairingResponse_Receive_sc_excerpt  libbluenrg1_stack.a(securitymgr.o)
    0x10057118   0x10057118   0x00000008   Code   RO         3915    i.smp_sc_MI_PairingResponse_Receive_sc_excerpt_ucfg  stack_user_cfg.o
    0x10057120   0x10057120   0x0000002c   Code   RO         5370    i.smp_sc_MI_Pairing_Phase_2AS1_Start_sc_excerpt  libbluenrg1_stack.a(securitymgr.o)
    0x1005714c   0x1005714c   0x00000008   Code   RO         3916    i.smp_sc_MI_Pairing_Phase_2AS1_Start_sc_excerpt_ucfg  stack_user_cfg.o
    0x10057154   0x10057154   0x00000044   Code   RO         5372    i.smp_sc_SR_PairingConfirm_Receive_sc_excerpt  libbluenrg1_stack.a(securitymgr.o)
    0x10057198   0x10057198   0x00000008   Code   RO         3917    i.smp_sc_SR_PairingConfirm_Receive_sc_excerpt_ucfg  stack_user_cfg.o
    0x100571a0   0x100571a0   0x000000b4   Code   RO         5374    i.smp_sc_SR_PairingRandom_Receive_sc_excerpt  libbluenrg1_stack.a(securitymgr.o)
    0x10057254   0x10057254   0x00000008   Code   RO         3918    i.smp_sc_SR_PairingRandom_Receive_sc_excerpt_ucfg  stack_user_cfg.o
    0x1005725c   0x1005725c   0x00000030   Code   RO         5376    i.smp_sc_SR_Pairing_Phase_2AS1_Start_sc_excerpt  libbluenrg1_stack.a(securitymgr.o)
    0x1005728c   0x1005728c   0x00000008   Code   RO         3919    i.smp_sc_SR_Pairing_Phase_2AS1_Start_sc_excerpt_ucfg  stack_user_cfg.o
    0x10057294   0x10057294   0x00000038   Code   RO         5385    i.smp_sc_check_for_ecc_pk_generation_request  libbluenrg1_stack.a(smp_scv42_caf.o)
    0x100572cc   0x100572cc   0x00000008   Code   RO         3920    i.smp_sc_check_for_ecc_pk_generation_request_ucfg  stack_user_cfg.o
    0x100572d4   0x100572d4   0x0000003c   Code   RO         5387    i.smp_sc_continue_on_exclusive_sc_pairing  libbluenrg1_stack.a(smp_scv42_caf.o)
    0x10057310   0x10057310   0x00000008   Code   RO         3921    i.smp_sc_continue_on_exclusive_sc_pairing_ucfg  stack_user_cfg.o
    0x10057318   0x10057318   0x00000020   Code   RO         5389    i.smp_sc_force_debug_private_key  libbluenrg1_stack.a(smp_scv42_caf.o)
    0x10057338   0x10057338   0x0000007c   Code   RO         5409    i.smp_sc_hci_le_generate_dhkey_complete_evt_hndl  libbluenrg1_stack.a(smp_scv42_sap.o)
    0x100573b4   0x100573b4   0x00000008   Code   RO         3923    i.smp_sc_hci_le_generate_dhkey_complete_evt_hndl_ucfg  stack_user_cfg.o
    0x100573bc   0x100573bc   0x00000048   Code   RO         5411    i.smp_sc_hci_le_read_local_p256_public_key_complete_evt_hndl  libbluenrg1_stack.a(smp_scv42_sap.o)
    0x10057404   0x10057404   0x00000008   Code   RO         3924    i.smp_sc_hci_le_read_local_p256_public_key_complete_evt_hndl_ucfg  stack_user_cfg.o
    0x1005740c   0x1005740c   0x00000048   Code   RO         5392    i.smp_sc_init       libbluenrg1_stack.a(smp_scv42_caf.o)
    0x10057454   0x10057454   0x00000008   Code   RO         3925    i.smp_sc_init_ucfg  stack_user_cfg.o
    0x1005745c   0x1005745c   0x00000038   Code   RO         5394    i.smp_sc_is_any_other_sc_pairing_ongoing  libbluenrg1_stack.a(smp_scv42_caf.o)
    0x10057494   0x10057494   0x00000018   Code   RO         5395    i.smp_sc_is_debug_key_usage_forced  libbluenrg1_stack.a(smp_scv42_caf.o)
    0x100574ac   0x100574ac   0x00000094   Code   RO         5396    i.smp_sc_pairing_oob_confirm_receive_verify  libbluenrg1_stack.a(smp_scv42_caf.o)
    0x10057540   0x10057540   0x000000c4   Code   RO         5397    i.smp_sc_pairing_public_key_receive  libbluenrg1_stack.a(smp_scv42_caf.o)
    0x10057604   0x10057604   0x00000080   Code   RO         5398    i.smp_sc_pairing_public_key_send  libbluenrg1_stack.a(smp_scv42_caf.o)
    0x10057684   0x10057684   0x00000074   Code   RO         5399    i.smp_sc_phase_2as2_dhkey_check_receive  libbluenrg1_stack.a(smp_scv42_caf.o)
    0x100576f8   0x100576f8   0x000000b8   Code   RO         5400    i.smp_sc_phase_2as2_start  libbluenrg1_stack.a(smp_scv42_caf.o)
    0x100577b0   0x100577b0   0x0000001c   Code   RO         5401    i.smp_sc_submit_ecc_pk_generation_request  libbluenrg1_stack.a(smp_scv42_caf.o)
    0x100577cc   0x100577cc   0x00000064   Code   RO         5402    i.smp_sc_update_statistics_on_pairing_complete  libbluenrg1_stack.a(smp_scv42_caf.o)
    0x10057830   0x10057830   0x00000008   Code   RO         3926    i.smp_sc_update_statistics_on_pairing_complete_ucfg  stack_user_cfg.o
    0x10057838   0x10057838   0x0000001e   Code   RO         5378    i.smp_send_packet   libbluenrg1_stack.a(securitymgr.o)
    0x10057856   0x10057856   0x00000002   PAD
    0x10057858   0x10057858   0x000000bc   Code   RO         5824    i.start_timebase    libbluenrg1_stack.a(multi_master_time.o)
    0x10057914   0x10057914   0x00000008   Code   RO         3927    i.state_func_call_init_csr_ucfg  stack_user_cfg.o
    0x1005791c   0x1005791c   0x0000001e   Code   RO         5704    i.store_data        libbluenrg1_stack.a(gatt_server.o)
    0x1005793a   0x1005793a   0x00000002   PAD
    0x1005793c   0x1005793c   0x0000013c   Code   RO         5312    i.swap_slaves       libbluenrg1_stack.a(routines_support.o)
    0x10057a78   0x10057a78   0x0000000a   Code   RO         5313    i.swap_u16          libbluenrg1_stack.a(routines_support.o)
    0x10057a82   0x10057a82   0x0000000a   Code   RO         5825    i.swap_u16          libbluenrg1_stack.a(multi_master_time.o)
    0x10057a8c   0x10057a8c   0x0000000a   Code   RO         5314    i.swap_u32          libbluenrg1_stack.a(routines_support.o)
    0x10057a96   0x10057a96   0x0000000a   Code   RO         5315    i.swap_u8           libbluenrg1_stack.a(routines_support.o)
    0x10057aa0   0x10057aa0   0x00000010   Code   RO         5943    i.system_time_trans  libbluenrg1_stack.a(rom_ll_timehandling.o)
    0x10057ab0   0x10057ab0   0x00000030   Code   RO         5944    i.system_time_trans_ext  libbluenrg1_stack.a(rom_ll_timehandling.o)
    0x10057ae0   0x10057ae0   0x0000000e   Code   RO         5945    i.time_offset1      libbluenrg1_stack.a(rom_ll_timehandling.o)
    0x10057aee   0x10057aee   0x00000002   PAD
    0x10057af0   0x10057af0   0x00000010   Code   RO         5946    i.time_offset2      libbluenrg1_stack.a(rom_ll_timehandling.o)
    0x10057b00   0x10057b00   0x0000003c   Code   RO         5826    i.timebase_start_connect  libbluenrg1_stack.a(multi_master_time.o)
    0x10057b3c   0x10057b3c   0x0000002e   Code   RO         5292    i.unpack_channel_map  libbluenrg1_stack.a(rom_ll_isr_routines.o)
    0x10057b6a   0x10057b6a   0x00000048   Code   RO         5293    i.unpack_update_request  libbluenrg1_stack.a(rom_ll_isr_routines.o)
    0x10057bb2   0x10057bb2   0x00000024   Code   RO         5889    i.wait_for_aes_ready  libbluenrg1_stack.a(rom_ll_isr_postproc.o)
    0x10057bd6   0x10057bd6   0x00000002   PAD
    0x10057bd8   0x10057bd8   0x00000004   Data   RO            9    .constdata          clock.o
    0x10057bdc   0x10057bdc   0x00000003   Data   RO         1876    .constdata          lsm6ds3.o
    0x10057bdf   0x10057bdf   0x00000001   PAD
    0x10057be0   0x10057be0   0x00000008   Data   RO         2164    .constdata          sdk_eval_config.o
    0x10057be8   0x10057be8   0x00000004   Data   RO         2165    .constdata          sdk_eval_config.o
    0x10057bec   0x10057bec   0x00000004   Data   RO         2166    .constdata          sdk_eval_config.o
    0x10057bf0   0x10057bf0   0x00000004   Data   RO         2167    .constdata          sdk_eval_config.o
    0x10057bf4   0x10057bf4   0x00000004   Data   RO         2168    .constdata          sdk_eval_config.o
    0x10057bf8   0x10057bf8   0x0000000c   Data   RO         2177    .constdata          sdk_eval_config.o
    0x10057c04   0x10057c04   0x00000004   Data   RO         2178    .constdata          sdk_eval_config.o
    0x10057c08   0x10057c08   0x00000004   Data   RO         2182    .constdata          sdk_eval_config.o
    0x10057c0c   0x10057c0c   0x00000004   Data   RO         2183    .constdata          sdk_eval_config.o
    0x10057c10   0x10057c10   0x00000004   Data   RO         2184    .constdata          sdk_eval_config.o
    0x10057c14   0x10057c14   0x00000004   Data   RO         2185    .constdata          sdk_eval_config.o
    0x10057c18   0x10057c18   0x00000004   Data   RO         2186    .constdata          sdk_eval_config.o
    0x10057c1c   0x10057c1c   0x00000004   Data   RO         2187    .constdata          sdk_eval_config.o
    0x10057c20   0x10057c20   0x00000004   Data   RO         2188    .constdata          sdk_eval_config.o
    0x10057c24   0x10057c24   0x00000034   Data   RO         4879    .constdata          sensordemo_main.o
    0x10057c58   0x10057c58   0x0000001a   Data   RO         5201    .constdata          libbluenrg1_stack.a(ll_isr.o)
    0x10057c72   0x10057c72   0x00000002   PAD
    0x10057c74   0x10057c74   0x00000019   Data   RO         5379    .constdata          libbluenrg1_stack.a(securitymgr.o)
    0x10057c8d   0x10057c8d   0x00000060   Data   RO         5404    .constdata          libbluenrg1_stack.a(smp_scv42_caf.o)
    0x10057ced   0x10057ced   0x00000003   PAD
    0x10057cf0   0x10057cf0   0x0000011c   Data   RO         5549    .constdata          libbluenrg1_stack.a(aci_events.o)
    0x10057e0c   0x10057e0c   0x00000040   Data   RO         5836    .constdata          libbluenrg1_stack.a(pka.o)
    0x10057e4c   0x10057e4c   0x00000010   Data   RO         5947    .constdata          libbluenrg1_stack.a(rom_ll_timehandling.o)
    0x10057e5c   0x10057e5c   0x00000010   Data   RO         5989    .constdata          libbluenrg1_stack.a(smp_algo_sap.o)
    0x10057e6c   0x10057e6c   0x00000010   Data   RO         6067    .constdata          libbluenrg1_stack.a(att.o)
    0x10057e7c   0x10057e7c   0x00000128   Data   RO         6099    .constdata          libcrypto.a(crypto.o)
    0x10057fa4   0x10057fa4   0x00000059   Data   RO         4667    .conststring        gatt_db_1.o
    0x10057ffd   0x10057ffd   0x00000003   PAD
    0x10058000   0x10058000   0x00000058   Data   RO         4766    .conststring        sensor.o
    0x10058058   0x10058058   0x00000090   Data   RO         6463    Region$$Table       anon$$obj.o


    Execution Region BLOCK_STACKLIB_FLASH_DATA (Exec base: 0x10067000, Load base: 0x100580e8, Size: 0x00000838, Max: 0x00001000, ABSOLUTE, UNINIT)

    Exec Addr    Load Addr    Size         Type   Attr      Idx    E Section Name        Object

    0x10067000        -       0x00000800   Zero   RW         4885    .noinit.stacklib_flash_data  sensordemo_main.o
    0x10067800        -       0x00000038   Zero   RW         4886    .noinit.stacklib_stored_device_id_data  sensordemo_main.o


    Execution Region ota_sw_activation_block (Exec base: 0x20000004, Load base: 0x100580e8, Size: 0x00000000, Max: 0x00000004, ABSOLUTE, UNINIT)

    **** No section assigned to this execution region ****


    Execution Region savedMSP_block (Exec base: 0x20000008, Load base: 0x100580e8, Size: 0x00000004, Max: 0x00000004, ABSOLUTE)

    Exec Addr    Load Addr    Size         Type   Attr      Idx    E Section Name        Object

    0x20000008   0x100580e8   0x00000004   Data   RW         4375    .savedMSP           system_bluenrg1.o


    Execution Region wakeupFromSleepFlag_block (Exec base: 0x2000000c, Load base: 0x100580ec, Size: 0x00000004, Max: 0x00000004, ABSOLUTE)

    Exec Addr    Load Addr    Size         Type   Attr      Idx    E Section Name        Object

    0x2000000c   0x100580ec   0x00000001   Data   RW         4376    .wakeupFromSleepFlag  system_bluenrg1.o


    Execution Region app_base_block (Exec base: 0x20000010, Load base: 0x100580f0, Size: 0x00000004, Max: 0x00000004, ABSOLUTE)

    Exec Addr    Load Addr    Size         Type   Attr      Idx    E Section Name        Object

    0x20000010   0x100580f0   0x00000004   Data   RW         4364    .app_base           system_bluenrg1.o


    Execution Region flash_sw_lock_block (Exec base: 0x20000014, Load base: 0x100580f4, Size: 0x00000004, Max: 0x00000004, ABSOLUTE)

    Exec Addr    Load Addr    Size         Type   Attr      Idx    E Section Name        Object

    0x20000014   0x100580f4   0x00000004   Data   RW         4371    .flash_sw_lock      system_bluenrg1.o


    Execution Region rfTimeout_block (Exec base: 0x20000018, Load base: 0x100580f8, Size: 0x00000004, Max: 0x00000004, ABSOLUTE)

    Exec Addr    Load Addr    Size         Type   Attr      Idx    E Section Name        Object

    0x20000018   0x100580f8   0x00000004   Data   RW         4374    .rfTimeout          system_bluenrg1.o


    Execution Region Blue_Flag_Ram_block (Exec base: 0x20000030, Load base: 0x100580fc, Size: 0x00000004, Max: 0x00000004, ABSOLUTE)

    Exec Addr    Load Addr    Size         Type   Attr      Idx    E Section Name        Object

    0x20000030   0x100580fc   0x00000004   Data   RW         4363    .__blueflag_RAM     system_bluenrg1.o


    Execution Region Crash_Info_block (Exec base: 0x20000034, Load base: 0x10058100, Size: 0x00000000, Max: 0x00000028, ABSOLUTE, UNINIT)

    **** No section assigned to this execution region ****


    Execution Region BLUE (Exec base: 0x200000c0, Load base: 0x10058100, Size: 0x0000020c, Max: 0x0000020c, ABSOLUTE, COMPRESSED[0x00000008])

    Exec Addr    Load Addr    Size         Type   Attr      Idx    E Section Name        Object

    0x200000c0   COMPRESSED   0x0000020c   Data   RW         4366    .bss.__blue_RAM     system_bluenrg1.o


    Execution Region REGION_RAM2 (Exec base: 0x200002cc, Load base: 0x10058108, Size: 0x0000068c, Max: 0x00005d34, ABSOLUTE)

    Exec Addr    Load Addr    Size         Type   Attr      Idx    E Section Name        Object

    0x200002cc   0x10058108   0x00000004   Data   RW           10    .data               clock.o
    0x200002d0   0x1005810c   0x00000004   Data   RW          202    .data               sleep.o
    0x200002d4   0x10058110   0x00000001   Data   RW         1080    .data               bluenrg1_pka.o
    0x200002d5   0x10058111   0x00000003   PAD
    0x200002d8   0x10058114   0x00000040   Data   RW         1877    .data               lsm6ds3.o
    0x20000318   0x10058154   0x0000000c   Data   RW         1878    .data               lsm6ds3.o
    0x20000324   0x10058160   0x00000004   Data   RW         2067    .data               sdk_eval_com.o
    0x20000328   0x10058164   0x00000001   Data   RW         2189    .data               sdk_eval_config.o
    0x20000329   0x10058165   0x00000003   PAD
    0x2000032c   0x10058168   0x00000004   Data   RW         4367    .data               system_bluenrg1.o
    0x20000330   0x1005816c   0x00000004   Data   RW         4368    .data               system_bluenrg1.o
    0x20000334   0x10058170   0x00000004   Data   RW         4369    .data               system_bluenrg1.o
    0x20000338   0x10058174   0x00000007   Data   RW         4370    .data               system_bluenrg1.o
    0x2000033f   0x1005817b   0x00000001   PAD
    0x20000340   0x1005817c   0x00000010   Data   RW         4668    .data               gatt_db_1.o
    0x20000350   0x1005818c   0x00000018   Data   RW         4768    .data               sensor.o
    0x20000368   0x100581a4   0x00000001   Data   RW         4773    .data               sensor.o
    0x20000369   0x100581a5   0x00000003   PAD
    0x2000036c   0x100581a8   0x00000010   Data   RW         4882    .data               sensordemo_main.o
    0x2000037c   0x100581b8   0x00000048   Data   RW         5202    .data               libbluenrg1_stack.a(ll_isr.o)
    0x200003c4   0x10058200   0x00000002   Data   RW         5261    .data               libbluenrg1_stack.a(ll_routines_master.o)
    0x200003c6   0x10058202   0x00000002   PAD
    0x200003c8   0x10058204   0x00000004   Data   RW         5783    .data               libbluenrg1_stack.a(mem_alloc.o)
    0x200003cc   0x10058208   0x00000002   Data   RW         5837    .data               libbluenrg1_stack.a(pka.o)
    0x200003ce   0x1005820a   0x00000002   PAD
    0x200003d0        -       0x00000060   Zero   RW          201    .bss                sleep.o
    0x20000430        -       0x00000020   Zero   RW         4365    .bss                system_bluenrg1.o
    0x20000450        -       0x00000020   Zero   RW         4665    .bss                gatt_db_1.o
    0x20000470        -       0x00000498   Zero   RW         4764    .bss                sensor.o
    0x20000908        -       0x0000000c   Zero   RW         4878    .bss                sensordemo_main.o
    0x20000914        -       0x00000010   Zero   RW         5241    .bss                libbluenrg1_stack.a(ll_privacy.o)
    0x20000924        -       0x00000034   Zero   RW         5782    .bss                libbluenrg1_stack.a(mem_alloc.o)


    Execution Region REGION_RAM3 (Exec base: 0x20000958, Load base: 0x1005820c, Size: 0x00002080, Max: 0x00005d34, ABSOLUTE, UNINIT)

    Exec Addr    Load Addr    Size         Type   Attr      Idx    E Section Name        Object

    0x20000958        -       0x00002080   Zero   RW         4884    .noinit.data        sensordemo_main.o


    Execution Region ARM_LIB_STACKHEAP (Exec base: 0x20005400, Load base: 0x1005820c, Size: 0x00000c00, Max: 0x00000c00, ABSOLUTE)

    Exec Addr    Load Addr    Size         Type   Attr      Idx    E Section Name        Object

    0x20005400        -       0x00000c00   Zero   RW            2    ARM_LIB_STACKHEAP.bss  anon$$obj.o


==============================================================================

Image component sizes


      Code (inc. data)   RO Data    RW Data    ZI Data      Debug   Object Name

       116         34          0          0          0       2470   bluenrg1_flash.o
       318         12          0          0          0       6567   bluenrg1_gpio.o
       204         84          0          0          0       7157   bluenrg1_it.o
       392         86          0          1          0       6009   bluenrg1_pka.o
       348         64          0          0          0       7644   bluenrg1_spi.o
       180         20          0          0          0       1764   bluenrg1_sysctrl.o
       408         32          0          0          0       4064   bluenrg1_uart.o
        60         18          4          4          0      53212   clock.o
       160         36          0          0          0        556   context_switch.o
      1032        220         89         16         32      22361   gatt_db_1.o
         0          0          0          0          0       2016   lps25hb.o
      2800        256          3         76          0      28515   lsm6ds3.o
      1830          0          0          0          0      47552   lsm6ds3_reg.o
       160         16          0          0          0       7701   misc.o
       108         14          0          0          0       4666   miscutil.o
        24          0          0          0          0       2030   osal.o
       148          4          0          0          0       2207   sdk_eval_button.o
       194         16          0          4          0       4865   sdk_eval_com.o
        24         10         68          1          0       4001   sdk_eval_config.o
       142          4          0          0          0       3097   sdk_eval_led.o
       508         42          0          0          0       3140   sdk_eval_spi.o
      1812        692         88         25       1176      13996   sensor.o
       660        152         52         16      10436       6030   sensordemo_main.o
      1940        214          0          4         96      13974   sleep.o
       334          0          0          0          0      29186   stack_user_cfg.o
      1040        126        192        564         32      21693   system_bluenrg1.o

    ----------------------------------------------------------------------
     14986       2152        644        724      16892     306473   Object Totals
         0          0        144          0       5120          0   (incl. Generated)
        44          0          4         13          0          0   (incl. Padding)

    ----------------------------------------------------------------------

      Code (inc. data)   RO Data    RW Data    ZI Data      Debug   Library Member Name

      3106        270        284          0          0          0   aci_events.o
       468         38          0          0          0          0   acl.o
       268          0          0          0          0          0   acl_list.o
      1596         40          0          0          0          0   advance_wakeup_time.o
       184          0          0          0          0          0   aes128cmac.o
      5784         66         16          0          0          0   att.o
       206         10          0          0          0          0   bluenrg_gap_aci.o
       216          0          0          0          0          0   bluenrg_gatt_aci.o
        16          0          0          0          0          0   bluenrg_hal_aci.o
        24          0          0          0          0          0   bluenrg_l2cap_aci.o
      1020        102          0          0          0          0   bluenrg_main_func.o
       268         24          0          0          0          0   bluenrg_main_func_speed.o
       296         18          0          0          0          0   device_id_data.o
      2310        120          0          0          0          0   gap.o
      1678         50          0          0          0          0   gatt_client.o
      8210        230          0          0          0          0   gatt_server.o
       750         42          0          0          0          0   hal.o
      1098         60          0          0          0          0   hci.o
       948        124          0          0          0          0   host_timer.o
       500         32          0          0          0          0   isr_postproc.o
       788         34          0          0          0          0   isr_routines.o
      2026         68          0          0          0          0   l2cap.o
      7284        304         26         72          0          0   ll_isr.o
      4572        178          0          0         16          0   ll_privacy.o
       374         26          0          0          0          0   ll_routines.o
      3468        100          0          2          0          0   ll_routines_master.o
       292         32          0          0          0          0   ll_routines_support.o
       796         20          0          4         52          0   mem_alloc.o
      1122          0          0          0          0          0   mem_buff.o
      3196        178          0          0          0          0   multi_master_time.o
        76         16          0          0          0          0   nvm.o
       208         20         64          2          0          0   pka.o
       690         42          0          0          0          0   pm.o
       574          4          0          0          0          0   rom_att.o
       700         36          0          0          0          0   rom_gap.o
       148         16          0          0          0          0   rom_gap_rom.o
       146          4          0          0          0          0   rom_gatt_server.o
       114          0          0          0          0          0   rom_list.o
       330          8          0          0          0          0   rom_ll_isr_postproc.o
      1408         68          0          0          0          0   rom_ll_isr_routines.o
      3032        184          0          0          0          0   rom_ll_ll_routines.o
       242         12          0          0          0          0   rom_ll_ll_routines_master.o
       124         22          0          0          0          0   rom_ll_routines_support.o
       316         44         16          0          0          0   rom_ll_timehandling.o
      1286         52          0          0          0          0   routines_support.o
      2536         64          0          0          0          0   sdb.o
      6474        212         25          0          0          0   securitymgr.o
      1356         86         16          0          0          0   smp_algo_sap.o
      3286         96          0          0          0          0   smp_common.o
      1674        112         96          0          0          0   smp_scv42_caf.o
       228         18          0          0          0          0   smp_scv42_sap.o
        76          0          0          0          0          0   utils.o
      1998         30        296          0          0        608   crypto.o
        86          0          0          0          0          0   __dczerorl2.o
         0          0          0          0          0          0   entry.o
         0          0          0          0          0          0   entry10a.o
         0          0          0          0          0          0   entry11a.o
         8          4          0          0          0          0   entry3.o
         4          0          0          0          0          0   entry5.o
         0          0          0          0          0          0   entry7b.o
         0          0          0          0          0          0   entry8b.o
         8          4          0          0          0          0   entry9a.o
        30          0          0          0          0          0   handlers.o
        36          8          0          0          0         68   init.o
         0          0          0          0          0          0   iusefp.o
        32          0          0          0          0         68   llshl.o
        34          0          0          0          0         68   llushr.o
        26          0          0          0          0         72   memcmp.o
        66          0          0          0          0         68   memmove.o
        36          0          0          0          0        100   memseta.o
      1172         52          0          0          0        324   printf8.o
        44          0          0          0          0         72   uidiv.o
        96          0          0          0          0         84   uldiv.o
        20          0          0          0          0         60   uread4.o
       130          0          0          0          0        144   fepilogue.o
        50          0          0          0          0         60   ffixi.o
        22          0          0          0          0         68   fflti.o
        14          0          0          0          0         68   ffltui.o
       122          0          0          0          0         72   fmul.o

    ----------------------------------------------------------------------
     82062       3380        844         84         68       2004   Library Totals
       140          0          5          4          0          0   (incl. Padding)

    ----------------------------------------------------------------------

      Code (inc. data)   RO Data    RW Data    ZI Data      Debug   Library Name

     77888       3282        543         80         68          0   libbluenrg1_stack.a
      1998         30        296          0          0        608   libcrypto.a
      1698         68          0          0          0        984   mc_p.l
       338          0          0          0          0        412   mf_p.l

    ----------------------------------------------------------------------
     82062       3380        844         84         68       2004   Library Totals

    ----------------------------------------------------------------------

==============================================================================


      Code (inc. data)   RO Data    RW Data    ZI Data      Debug   

     97048       5532       1488        808      16960     298625   Grand Totals
     97048       5532       1488        292      16960     298625   ELF Image Totals (compressed)
     97048       5532       1488        292          0          0   ROM Totals

==============================================================================

    Total RO  Size (Code + RO Data)                98536 (  96.23kB)
    Total RW  Size (RW Data + ZI Data)             17768 (  17.35kB)
    Total ROM Size (Code + RO Data + RW Data)      98828 (  96.51kB)

==============================================================================

